Archive member included because of file (symbol)

contiki-sky.a(contiki-sky-pla)
                              obj_sky/contiki-sky-main.o (init_platform)
contiki-sky.a(sht11-sensor.o)
                              SENSORIAMENTO.co (sht11_sensor)
contiki-sky.a(light-sensor.o)
                              SENSORIAMENTO.co (light_sensor)
contiki-sky.a(battery-sensor.)
                              SENSORIAMENTO.co (battery_sensor)
contiki-sky.a(button-sensor.o)
                              contiki-sky.a(contiki-sky-pla) (button_sensor)
contiki-sky.a(ds2411.o)       obj_sky/contiki-sky-main.o (ds2411_init)
contiki-sky.a(xmem.o)         obj_sky/contiki-sky-main.o (xmem_init)
contiki-sky.a(node-id.o)      obj_sky/contiki-sky-main.o (node_id_restore)
contiki-sky.a(sensors.o)      contiki-sky.a(button-sensor.o) (sensors_changed)
contiki-sky.a(cc2420.o)       obj_sky/contiki-sky-main.o (cc2420_set_pan_addr)
contiki-sky.a(cc2420-arch.o)  contiki-sky.a(cc2420.o) (cc2420_arch_init)
contiki-sky.a(sky-sensors.o)  contiki-sky.a(light-sensor.o) (sky_sensors_status)
contiki-sky.a(uart1.o)        obj_sky/contiki-sky-main.o (uart1_active)
contiki-sky.a(uart1-putchar.o)
                              obj_sky/contiki-sky-main.o (putchar)
contiki-sky.a(msp430.o)       contiki-sky.a(uart1.o) (msp430_add_lpm_req)
contiki-sky.a(clock.o)        obj_sky/contiki-sky-main.o (clock_init)
contiki-sky.a(leds.o)         obj_sky/contiki-sky-main.o (leds_init)
contiki-sky.a(leds-arch.o)    contiki-sky.a(leds.o) (leds_arch_init)
contiki-sky.a(watchdog.o)     obj_sky/contiki-sky-main.o (watchdog_start)
contiki-sky.a(rtimer-arch.o)  obj_sky/contiki-sky-main.o (rtimer_arch_now)
contiki-sky.a(autostart.o)    obj_sky/contiki-sky-main.o (autostart_start)
contiki-sky.a(ctimer.o)       obj_sky/contiki-sky-main.o (ctimer_init)
contiki-sky.a(energest.o)     obj_sky/contiki-sky-main.o (energest_init)
contiki-sky.a(etimer.o)       contiki-sky.a(clock.o) (etimer_request_poll)
contiki-sky.a(process.o)      contiki-sky.a(ctimer.o) (process_current)
contiki-sky.a(rtimer.o)       obj_sky/contiki-sky-main.o (rtimer_init)
contiki-sky.a(timer.o)        obj_sky/contiki-sky-main.o (timer_set)
contiki-sky.a(serial-line.o)  obj_sky/contiki-sky-main.o (serial_line_input_byte)
contiki-sky.a(list.o)         contiki-sky.a(ctimer.o) (list_init)
contiki-sky.a(random.o)       obj_sky/contiki-sky-main.o (random_init)
contiki-sky.a(ringbuf.o)      contiki-sky.a(serial-line.o) (ringbuf_init)
contiki-sky.a(collect.o)      SENSORIAMENTO.co (collect_open)
contiki-sky.a(collect-link-es)
                              contiki-sky.a(collect.o) (collect_link_estimate_num_estimates)
contiki-sky.a(collect-neighbo)
                              contiki-sky.a(collect.o) (collect_neighbor_init)
contiki-sky.a(packetqueue.o)  contiki-sky.a(collect.o) (packetqueue_enqueue_packetbuf)
contiki-sky.a(rime.o)         obj_sky/contiki-sky-main.o (rime_driver)
contiki-sky.a(unicast.o)      contiki-sky.a(collect.o) (unicast_open)
contiki-sky.a(csma.o)         obj_sky/contiki-sky-main.o (csma_driver)
contiki-sky.a(mac.o)          contiki-sky.a(csma.o) (mac_call_sent_callback)
contiki-sky.a(linkaddr.o)     SENSORIAMENTO.co (linkaddr_copy)
contiki-sky.a(packetbuf.o)    contiki-sky.a(rime.o) (packetbuf_compact)
contiki-sky.a(queuebuf.o)     contiki-sky.a(rime.o) (queuebuf_init)
contiki-sky.a(contikimac.o)   obj_sky/contiki-sky-main.o (contikimac_driver)
contiki-sky.a(contikimac-fram)
                              contiki-sky.a(contikimac.o) (contikimac_framer)
contiki-sky.a(nullsec.o)      obj_sky/contiki-sky-main.o (nullsec_driver)
contiki-sky.a(sht11.o)        contiki-sky.a(sht11-sensor.o) (sht11_init)
contiki-sky.a(spi.o)          contiki-sky.a(xmem.o) (spi_init)
contiki-sky.a(compower.o)     contiki-sky.a(contikimac.o) (compower_accumulate)
contiki-sky.a(memb.o)         contiki-sky.a(collect-neighbo) (memb_init)
contiki-sky.a(abc.o)          contiki-sky.a(rime.o) (abc_input)
contiki-sky.a(announcement.o)
                              contiki-sky.a(rime.o) (announcement_init)
contiki-sky.a(broadcast-annou)
                              contiki-sky.a(rime.o) (broadcast_announcement_init)
contiki-sky.a(broadcast.o)    contiki-sky.a(unicast.o) (broadcast_open)
contiki-sky.a(chameleon.o)    contiki-sky.a(rime.o) (chameleon_init)
contiki-sky.a(channel.o)      contiki-sky.a(chameleon.o) (channel_init)
contiki-sky.a(framer-802154.o)
                              contiki-sky.a(contikimac-fram) (framer_802154)
contiki-sky.a(framer.o)       contiki-sky.a(framer-802154.o) (framer_canonical_create_and_secure)
contiki-sky.a(mac-sequence.o)
                              contiki-sky.a(contikimac.o) (mac_sequence_is_duplicate)
contiki-sky.a(chameleon-bitop)
                              contiki-sky.a(chameleon.o) (chameleon_bitopt)
contiki-sky.a(frame802154.o)  contiki-sky.a(framer-802154.o) (frame802154_hdrlen)
/usr/lib/gcc/msp430/4.6.3/mmpy-16/libgcc.a(_mulsi3.o)
[...]
Memory Configuration

Name             Origin             Length             Attributes
sfr              0x00000000         0x00000010
peripheral_8bit  0x00000010         0x000000f0
peripheral_16bit 0x00000100         0x00000100
ram_mirror       0x00000200         0x00000800         xw
infomem          0x00001000         0x00000100
infob            0x00001000         0x00000080
infoa            0x00001080         0x00000080
ram              0x00001100         0x00002800         xw
rom              0x00004000         0x0000bfe0         xr
vectors          0x0000ffe0         0x00000020
bsl              0x00000000         0x00000000
infoc            0x00000000         0x00000000
infod            0x00000000         0x00000000
ram2             0x00000000         0x00000000         xw
usbram           0x00000000         0x00000000         xw
far_rom          0x00000000         0x00000000
*default*        0x00000000         0xffffffff

Linker script and memory map

LOAD /usr/lib/gcc/msp430/4.6.3/mmpy-16/crt0ivtbl16.o
LOAD SENSORIAMENTO.co
LOAD obj_sky/contiki-sky-main.o
LOAD contiki-sky.a
LOAD /usr/lib/gcc/msp430/4.6.3/mmpy-16/libgcc.a
LOAD /usr/lib/gcc/msp430/4.6.3/../../../../msp430/lib/mmpy-16/libc.a
LOAD /usr/lib/gcc/msp430/4.6.3/mmpy-16/libgcc.a
LOAD /usr/lib/gcc/msp430/4.6.3/mmpy-16/libcrt0.a
                0x00000080                PROVIDE (__info_segment_size, 0x80)
                0x00001000                PROVIDE (__infob, 0x1000)
                0x00001080                PROVIDE (__infoa, 0x1080)
                0x00000000                __IE1 = 0x0
                0x00000002                __IFG1 = 0x2
                0x00000004                __ME1 = 0x4
                0x00000001                __IE2 = 0x1
                0x00000003                __IFG2 = 0x3
                0x00000005                __ME2 = 0x5
                0x00000120                __WDTCTL = 0x120
                0x00000130                __MPY = 0x130
                0x00000132                __MPYS = 0x132
                0x00000134                __MAC = 0x134
                0x00000136                __MACS = 0x136
                0x00000138                __OP2 = 0x138
                0x0000013a                __RESLO = 0x13a
                0x0000013c                __RESHI = 0x13c
                0x0000013e                __SUMEXT = 0x13e
                0x00000020                __P1IN = 0x20
                0x00000021                __P1OUT = 0x21
                0x00000022                __P1DIR = 0x22
                0x00000023                __P1IFG = 0x23
                0x00000024                __P1IES = 0x24
                0x00000025                __P1IE = 0x25
                0x00000026                __P1SEL = 0x26
                0x00000028                __P2IN = 0x28
                0x00000029                __P2OUT = 0x29
                0x0000002a                __P2DIR = 0x2a
                0x0000002b                __P2IFG = 0x2b
                0x0000002c                __P2IES = 0x2c
                0x0000002d                __P2IE = 0x2d
                0x0000002e                __P2SEL = 0x2e
                0x00000018                __P3IN = 0x18
                0x00000019                __P3OUT = 0x19
                0x0000001a                __P3DIR = 0x1a
                0x0000001b                __P3SEL = 0x1b
                0x0000001c                __P4IN = 0x1c
                0x0000001d                __P4OUT = 0x1d
                0x0000001e                __P4DIR = 0x1e
                0x0000001f                __P4SEL = 0x1f
                0x00000030                __P5IN = 0x30
                0x00000031                __P5OUT = 0x31
                0x00000032                __P5DIR = 0x32
                0x00000033                __P5SEL = 0x33
                0x00000034                __P6IN = 0x34
                0x00000035                __P6OUT = 0x35
                0x00000036                __P6DIR = 0x36
                0x00000037                __P6SEL = 0x37
                0x00000070                __U0CTL = 0x70
                0x00000071                __U0TCTL = 0x71
                0x00000072                __U0RCTL = 0x72
                0x00000073                __U0MCTL = 0x73
                0x00000074                __U0BR0 = 0x74
                0x00000075                __U0BR1 = 0x75
                0x00000076                __U0RXBUF = 0x76
                0x00000077                __U0TXBUF = 0x77
                0x00000078                __U1CTL = 0x78
                0x00000079                __U1TCTL = 0x79
                0x0000007a                __U1RCTL = 0x7a
                0x0000007b                __U1MCTL = 0x7b
                0x0000007c                __U1BR0 = 0x7c
                0x0000007d                __U1BR1 = 0x7d
                0x0000007e                __U1RXBUF = 0x7e
                0x0000007f                __U1TXBUF = 0x7f
                0x00000050                __I2CIE = 0x50
                0x00000051                __I2CIFG = 0x51
                0x00000052                __I2CNDAT = 0x52
                0x00000071                __I2CTCTL = 0x71
                0x00000072                __I2CDCTL = 0x72
                0x00000073                __I2CPSC = 0x73
                0x00000074                __I2CSCLH = 0x74
                0x00000075                __I2CSCLL = 0x75
                0x00000076                __I2CDRB = 0x76
                0x00000076                __I2CDRW = 0x76
                0x00000118                __I2COA = 0x118
                0x0000011a                __I2CSA = 0x11a
                0x0000011c                __I2CIV = 0x11c
                0x0000012e                __TAIV = 0x12e
                0x00000160                __TACTL = 0x160
                0x00000162                __TACCTL0 = 0x162
                0x00000164                __TACCTL1 = 0x164
                0x00000166                __TACCTL2 = 0x166
                0x00000170                __TAR = 0x170
                0x00000172                __TACCR0 = 0x172
                0x00000174                __TACCR1 = 0x174
                0x00000176                __TACCR2 = 0x176
                0x0000011e                __TBIV = 0x11e
                0x00000180                __TBCTL = 0x180
                0x00000182                __TBCCTL0 = 0x182
                0x00000184                __TBCCTL1 = 0x184
                0x00000186                __TBCCTL2 = 0x186
                0x00000188                __TBCCTL3 = 0x188
                0x0000018a                __TBCCTL4 = 0x18a
                0x0000018c                __TBCCTL5 = 0x18c
                0x0000018e                __TBCCTL6 = 0x18e
                0x00000190                __TBR = 0x190
                0x00000192                __TBCCR0 = 0x192
                0x00000194                __TBCCR1 = 0x194
                0x00000196                __TBCCR2 = 0x196
                0x00000198                __TBCCR3 = 0x198
                0x0000019a                __TBCCR4 = 0x19a
                0x0000019c                __TBCCR5 = 0x19c
                0x0000019e                __TBCCR6 = 0x19e
                0x00000056                __DCOCTL = 0x56
                0x00000057                __BCSCTL1 = 0x57
                0x00000058                __BCSCTL2 = 0x58
                0x00000055                __SVSCTL = 0x55
                0x00000128                __FCTL1 = 0x128
                0x0000012a                __FCTL2 = 0x12a
                0x0000012c                __FCTL3 = 0x12c
                0x00000059                __CACTL1 = 0x59
                0x0000005a                __CACTL2 = 0x5a
                0x0000005b                __CAPD = 0x5b
                0x000001a0                __ADC12CTL0 = 0x1a0
                0x000001a2                __ADC12CTL1 = 0x1a2
                0x000001a4                __ADC12IFG = 0x1a4
                0x000001a6                __ADC12IE = 0x1a6
                0x000001a8                __ADC12IV = 0x1a8
                0x00000140                __ADC12MEM0 = 0x140
                0x00000142                __ADC12MEM1 = 0x142
                0x00000144                __ADC12MEM2 = 0x144
                0x00000146                __ADC12MEM3 = 0x146
                0x00000148                __ADC12MEM4 = 0x148
                0x0000014a                __ADC12MEM5 = 0x14a
                0x0000014c                __ADC12MEM6 = 0x14c
                0x0000014e                __ADC12MEM7 = 0x14e
                0x00000150                __ADC12MEM8 = 0x150
                0x00000152                __ADC12MEM9 = 0x152
                0x00000154                __ADC12MEM10 = 0x154
                0x00000156                __ADC12MEM11 = 0x156
                0x00000158                __ADC12MEM12 = 0x158
                0x0000015a                __ADC12MEM13 = 0x15a
                0x0000015c                __ADC12MEM14 = 0x15c
                0x0000015e                __ADC12MEM15 = 0x15e
                0x00000080                __ADC12MCTL0 = 0x80
                0x00000081                __ADC12MCTL1 = 0x81
                0x00000082                __ADC12MCTL2 = 0x82
                0x00000083                __ADC12MCTL3 = 0x83
                0x00000084                __ADC12MCTL4 = 0x84
                0x00000085                __ADC12MCTL5 = 0x85
                0x00000086                __ADC12MCTL6 = 0x86
                0x00000087                __ADC12MCTL7 = 0x87
                0x00000088                __ADC12MCTL8 = 0x88
                0x00000089                __ADC12MCTL9 = 0x89
                0x0000008a                __ADC12MCTL10 = 0x8a
                0x0000008b                __ADC12MCTL11 = 0x8b
                0x0000008c                __ADC12MCTL12 = 0x8c
                0x0000008d                __ADC12MCTL13 = 0x8d
                0x0000008e                __ADC12MCTL14 = 0x8e
                0x0000008f                __ADC12MCTL15 = 0x8f
                0x000001c0                __DAC12_0CTL = 0x1c0
                0x000001c2                __DAC12_1CTL = 0x1c2
                0x000001c8                __DAC12_0DAT = 0x1c8
                0x000001ca                __DAC12_1DAT = 0x1ca
                0x00000122                __DMACTL0 = 0x122
                0x00000124                __DMACTL1 = 0x124
                0x000001e0                __DMA0CTL = 0x1e0
                0x000001e8                __DMA1CTL = 0x1e8
                0x000001f0                __DMA2CTL = 0x1f0
                0x000001e2                __DMA0SA = 0x1e2
                0x000001e4                __DMA0DA = 0x1e4
                0x000001e6                __DMA0SZ = 0x1e6
                0x000001ea                __DMA1SA = 0x1ea
                0x000001ec                __DMA1DA = 0x1ec
                0x000001ee                __DMA1SZ = 0x1ee
                0x000001f2                __DMA2SA = 0x1f2
                0x000001f4                __DMA2DA = 0x1f4
                0x000001f6                __DMA2SZ = 0x1f6

.hash
 *(.hash)

.dynsym
 *(.dynsym)

.dynstr
 *(.dynstr)

.gnu.version
 *(.gnu.version)

.gnu.version_d
 *(.gnu.version_d)

.gnu.version_r
 *(.gnu.version_r)

.rel.init
 *(.rel.init)

.rela.init
 *(.rela.init)

.rel.fini
 *(.rel.fini)

.rela.fini
 *(.rela.fini)

.rel.text
 *(.rel.text .rel.text.* .rel.gnu.linkonce.t.*)

.rela.text
 *(.rela.text .rela.text.* .rela.gnu.linkonce.t.*)

.rel.rodata
 *(.rel.rodata .rel.rodata.* .rel.gnu.linkonce.r.*)

.rela.rodata
 *(.rela.rodata .rela.rodata.* .rela.gnu.linkonce.r.*)

.rel.data
 *(.rel.data .rel.data.* .rel.gnu.linkonce.d.*)

.rela.data
 *(.rela.data .rela.data.* .rela.gnu.linkonce.d.*)

.rel.bss
 *(.rel.bss .rel.bss.* .rel.gnu.linkonce.b.*)

.rela.bss
 *(.rela.bss .rela.bss.* .rela.gnu.linkonce.b.*)

.rel.ctors
 *(.rel.ctors)

.rela.ctors
 *(.rela.ctors)

.rel.dtors
 *(.rel.dtors)

.rela.dtors
 *(.rela.dtors)

.rel.got
 *(.rel.got)

.rela.got
 *(.rela.got)

.rel.plt
 *(.rel.plt)

.rela.plt
 *(.rela.plt)

.text           0x00004000     0x6816
                0x00004000                . = ALIGN (0x2)
 *(.init .init.*)
 *(.init0)
 .init0         0x00004000        0x0 /usr/lib/gcc/msp430/4.6.3/mmpy-16/libcrt0.a(_reset_vector__.o)
                0x00004000                _reset_vector__
 *(.init1)
 .init1         0x00004000        0xc /usr/lib/gcc/msp430/4.6.3/mmpy-16/libcrt0.a(__watchdog_support.o)
                0x00004000                __watchdog_support
 *(.init2)
 .init2         0x0000400c        0x4 /usr/lib/gcc/msp430/4.6.3/mmpy-16/libcrt0.a(__init_stack.o)
                0x0000400c                __init_stack
 *(.init3)
 .init3         0x00004010        0x0 /usr/lib/gcc/msp430/4.6.3/mmpy-16/libcrt0.a(__low_level_init.o)
                0x00004010                __low_level_init
 *(.init4)
 .init4         0x00004010       0x18 /usr/lib/gcc/msp430/4.6.3/mmpy-16/libcrt0.a(_copy_data.o)
                0x00004010                __do_copy_data
 .init4         0x00004028       0x16 /usr/lib/gcc/msp430/4.6.3/mmpy-16/libcrt0.a(_clear_bss.o)
                0x00004028                __do_clear_bss
 *(.init5)
 *(.init6)
 *(.init7)
 *(.init8)
 *(.init9)
 .init9         0x0000403e      0x2d0 obj_sky/contiki-sky-main.o
                0x0000403e                main
 *(.fini9)
 .fini9         0x0000430e        0x0 /usr/lib/gcc/msp430/4.6.3/mmpy-16/libcrt0.a(__stop_progExec__.o)
                0x0000430e                __stop_progExec__
 *(.fini8)
 *(.fini7)
 *(.fini6)
 *(.fini5)
 *(.fini4)
 *(.fini3)
 *(.fini2)
 *(.fini1)
 *(.fini0)
 .fini0         0x0000430e        0x6 /usr/lib/gcc/msp430/4.6.3/mmpy-16/libcrt0.a(_endless_loop__.o)
                0x0000430e                _endless_loop__
 *(.fini .fini.*)
                0x00004314                . = ALIGN (0x2)
                0x00004314                __ctors_start = .
 *(.ctors)
                0x00004314                __ctors_end = .
                0x00004314                __dtors_start = .
 *(.dtors)
                0x00004314                __dtors_end = .
                0x00004314                . = ALIGN (0x2)
 *(.text .text.* .gnu.linkonce.t.*)
 .text          0x00004314        0x4 /usr/lib/gcc/msp430/4.6.3/mmpy-16/crt0ivtbl16.o
                0x00004314                __isr_14
                0x00004314                __isr_11
                0x00004314                __isr_2
                0x00004314                __isr_7
                0x00004314                __isr_0
                0x00004314                __isr_8
                0x00004314                __isr_3
                0x00004314                __isr_12
                0x00004314                __isr_13
                0x00004314                __isr_9
 .text.process_thread_example_collect_process
                0x00004318      0x1be SENSORIAMENTO.co
 .text.recv     0x000044d6       0x3a SENSORIAMENTO.co
 .text.start_network_layer
                0x00004510       0x3c obj_sky/contiki-sky-main.o
 .text.init_platform
                0x0000454c        0xc contiki-sky.a(contiki-sky-pla)
                0x0000454c                init_platform
 .text.status   0x00004558       0x18 contiki-sky.a(sht11-sensor.o)
 .text.configure
                0x00004570       0x40 contiki-sky.a(sht11-sensor.o)
 .text.value    0x000045b0       0x2e contiki-sky.a(sht11-sensor.o)
 .text.value    0x000045de       0x1a contiki-sky.a(light-sensor.o)
 .text.status   0x000045f8        0xc contiki-sky.a(light-sensor.o)
 .text.configure
                0x00004604       0x10 contiki-sky.a(light-sensor.o)
 .text.value    0x00004614        0x6 contiki-sky.a(battery-sensor.)
 .text.status   0x0000461a        0xc contiki-sky.a(battery-sensor.)
 .text.configure
                0x00004626       0x12 contiki-sky.a(battery-sensor.)
 .text.status   0x00004638       0x16 contiki-sky.a(button-sensor.o)
 .text.configure
                0x0000464e       0x52 contiki-sky.a(button-sensor.o)
 .text.value    0x000046a0       0x22 contiki-sky.a(button-sensor.o)
 .text.irq_p2   0x000046c2       0x8a contiki-sky.a(button-sensor.o)
                0x000046c2                irq_p2
                0x000046c2                __isr_1
 .text.owreadb  0x0000474c       0x52 contiki-sky.a(ds2411.o)
 .text.ds2411_init
                0x0000479e      0x122 contiki-sky.a(ds2411.o)
                0x0000479e                ds2411_init
 .text.wait_ready
                0x000048c0       0x50 contiki-sky.a(xmem.o)
 .text.xmem_init
                0x00004910       0x3e contiki-sky.a(xmem.o)
                0x00004910                xmem_init
 .text.xmem_pread
                0x0000494e       0xea contiki-sky.a(xmem.o)
                0x0000494e                xmem_pread
 .text.node_id_restore
                0x00004a38       0x38 contiki-sky.a(node-id.o)
                0x00004a38                node_id_restore
 .text.process_thread_sensors_process
                0x00004a70       0xbe contiki-sky.a(sensors.o)
 .text.sensors_changed
                0x00004b2e       0x2a contiki-sky.a(sensors.o)
                0x00004b2e                sensors_changed
 .text.get_object
                0x00004b58        0x4 contiki-sky.a(cc2420.o)
 .text.set_object
                0x00004b5c        0x4 contiki-sky.a(cc2420.o)
 .text.strobe   0x00004b60       0x20 contiki-sky.a(cc2420.o)
 .text.getreg   0x00004b80       0x54 contiki-sky.a(cc2420.o)
 .text.setreg   0x00004bd4       0x52 contiki-sky.a(cc2420.o)
 .text.write_ram
                0x00004c26       0x80 contiki-sky.a(cc2420.o)
 .text.write_fifo_buf
                0x00004ca6       0x40 contiki-sky.a(cc2420.o)
 .text.get_status
                0x00004ce6       0x24 contiki-sky.a(cc2420.o)
 .text.set_txpower
                0x00004d0a       0x26 contiki-sky.a(cc2420.o)
 .text.cc2420_receiving_packet
                0x00004d30        0xe contiki-sky.a(cc2420.o)
 .text.pending_packet
                0x00004d3e        0x8 contiki-sky.a(cc2420.o)
 .text.on       0x00004d46       0x1e contiki-sky.a(cc2420.o)
 .text.wait_for_transmission
                0x00004d64       0x22 contiki-sky.a(cc2420.o)
 .text.wait_for_status
                0x00004d86       0x2a contiki-sky.a(cc2420.o)
 .text.getrxdata
                0x00004db0       0x56 contiki-sky.a(cc2420.o)
 .text.flushrx  0x00004e06       0x1a contiki-sky.a(cc2420.o)
 .text.off      0x00004e20       0x5a contiki-sky.a(cc2420.o)
 .text.RELEASE_LOCK
                0x00004e7a       0x28 contiki-sky.a(cc2420.o)
 .text.set_key  0x00004ea2       0x18 contiki-sky.a(cc2420.o)
 .text.cc2420_prepare
                0x00004eba       0x3c contiki-sky.a(cc2420.o)
 .text.cc2420_on
                0x00004ef6       0x22 contiki-sky.a(cc2420.o)
                0x00004ef6                cc2420_on
 .text.cc2420_off
                0x00004f18       0x30 contiki-sky.a(cc2420.o)
                0x00004f18                cc2420_off
 .text.cc2420_cca
                0x00004f48       0x5e contiki-sky.a(cc2420.o)
 .text.cc2420_read
                0x00004fa6       0xb0 contiki-sky.a(cc2420.o)
 .text.process_thread_cc2420_process
                0x00005056       0x50 contiki-sky.a(cc2420.o)
 .text.encrypt  0x000050a6       0x8e contiki-sky.a(cc2420.o)
 .text.cc2420_set_channel
                0x00005134       0x3c contiki-sky.a(cc2420.o)
                0x00005134                cc2420_set_channel
 .text.cc2420_set_pan_addr
                0x00005170       0x4c contiki-sky.a(cc2420.o)
                0x00005170                cc2420_set_pan_addr
 .text.cc2420_interrupt
                0x000051bc       0x18 contiki-sky.a(cc2420.o)
                0x000051bc                cc2420_interrupt
 .text.cc2420_set_txpower
                0x000051d4        0xe contiki-sky.a(cc2420.o)
                0x000051d4                cc2420_set_txpower
 .text.cc2420_get_txpower
                0x000051e2       0x1e contiki-sky.a(cc2420.o)
                0x000051e2                cc2420_get_txpower
 .text.cc2420_transmit
                0x00005200      0x12a contiki-sky.a(cc2420.o)
 .text.cc2420_send
                0x0000532a       0x12 contiki-sky.a(cc2420.o)
 .text.cc2420_rssi
                0x0000533c       0x4c contiki-sky.a(cc2420.o)
                0x0000533c                cc2420_rssi
 .text.get_value
                0x00005388       0xac contiki-sky.a(cc2420.o)
 .text.cc2420_set_cca_threshold
                0x00005434       0x16 contiki-sky.a(cc2420.o)
                0x00005434                cc2420_set_cca_threshold
 .text.set_value
                0x0000544a       0x8a contiki-sky.a(cc2420.o)
 .text.cc2420_init
                0x000054d4       0xde contiki-sky.a(cc2420.o)
                0x000054d4                cc2420_init
 .text.cc2420_port1_interrupt
                0x000055b2       0x62 contiki-sky.a(cc2420-arch.o)
                0x000055b2                __isr_4
                0x000055b2                cc2420_port1_interrupt
 .text.cc2420_arch_init
                0x00005614       0x1a contiki-sky.a(cc2420-arch.o)
                0x00005614                cc2420_arch_init
 .text.sky_sensors_status
                0x0000562e       0x42 contiki-sky.a(sky-sensors.o)
                0x0000562e                sky_sensors_status
 .text.sky_sensors_configure
                0x00005670       0xfc contiki-sky.a(sky-sensors.o)
                0x00005670                sky_sensors_configure
 .text.handle_rxdma_timer
                0x0000576c       0x3a contiki-sky.a(uart1.o)
 .text.uart1_active
                0x000057a6       0x1a contiki-sky.a(uart1.o)
                0x000057a6                uart1_active
 .text.uart1_set_input
                0x000057c0       0x20 contiki-sky.a(uart1.o)
                0x000057c0                uart1_set_input
 .text.uart1_writeb
                0x000057e0       0x1a contiki-sky.a(uart1.o)
                0x000057e0                uart1_writeb
 .text.uart1_init
                0x000057fa       0xf6 contiki-sky.a(uart1.o)
                0x000057fa                uart1_init
 .text.putchar  0x000058f0       0x10 contiki-sky.a(uart1-putchar.o)
                0x000058f0                putchar
 .text.msp430_init_dco
                0x00005900       0x84 contiki-sky.a(msp430.o)
                0x00005900                msp430_init_dco
 .text.msp430_add_lpm_req
                0x00005984        0xc contiki-sky.a(msp430.o)
                0x00005984                msp430_add_lpm_req
 .text.msp430_cpu_init
                0x00005990       0x2a contiki-sky.a(msp430.o)
                0x00005990                msp430_cpu_init
 .text.splhigh_
                0x000059ba        0x8 contiki-sky.a(msp430.o)
                0x000059ba                splhigh_
 .text.msp430_sync_dco
                0x000059c2       0x68 contiki-sky.a(msp430.o)
                0x000059c2                msp430_sync_dco
 .text.timera1  0x00005a2a      0x11e contiki-sky.a(clock.o)
                0x00005a2a                __isr_5
                0x00005a2a                timera1
 .text.clock_time
                0x00005b48       0x1a contiki-sky.a(clock.o)
                0x00005b48                clock_time
 .text.clock_init
                0x00005b62       0x28 contiki-sky.a(clock.o)
                0x00005b62                clock_init
 .text.clock_delay
                0x00005b8a        0xc contiki-sky.a(clock.o)
                0x00005b8a                clock_delay
 .text.clock_wait
                0x00005b96       0x34 contiki-sky.a(clock.o)
                0x00005b96                clock_wait
 .text.show_leds
                0x00005bca       0xf6 contiki-sky.a(leds.o)
 .text.leds_init
                0x00005cc0        0xa contiki-sky.a(leds.o)
                0x00005cc0                leds_init
 .text.leds_on  0x00005cca        0xa contiki-sky.a(leds.o)
                0x00005cca                leds_on
 .text.leds_off
                0x00005cd4        0xe contiki-sky.a(leds.o)
                0x00005cd4                leds_off
 .text.leds_arch_init
                0x00005ce2        0xe contiki-sky.a(leds-arch.o)
                0x00005ce2                leds_arch_init
 .text.leds_arch_set
                0x00005cf0       0x3a contiki-sky.a(leds-arch.o)
                0x00005cf0                leds_arch_set
 .text.watchdog_interrupt
                0x00005d2a        0x6 contiki-sky.a(watchdog.o)
                0x00005d2a                __isr_10
                0x00005d2a                watchdog_interrupt
 .text.watchdog_start
                0x00005d30       0x14 contiki-sky.a(watchdog.o)
                0x00005d30                watchdog_start
 .text.watchdog_periodic
                0x00005d44       0x12 contiki-sky.a(watchdog.o)
                0x00005d44                watchdog_periodic
 .text.watchdog_stop
                0x00005d56       0x16 contiki-sky.a(watchdog.o)
                0x00005d56                watchdog_stop
 .text.watchdog_init
                0x00005d6c       0x14 contiki-sky.a(watchdog.o)
                0x00005d6c                watchdog_init
 .text.rtimer_arch_init
                0x00005d80        0xe contiki-sky.a(rtimer-arch.o)
                0x00005d80                rtimer_arch_init
 .text.rtimer_arch_now
                0x00005d8e        0xe contiki-sky.a(rtimer-arch.o)
                0x00005d8e                rtimer_arch_now
 .text.timera0  0x00005d9c       0x70 contiki-sky.a(rtimer-arch.o)
                0x00005d9c                __isr_6
                0x00005d9c                timera0
 .text.rtimer_arch_schedule
                0x00005e0c        0x6 contiki-sky.a(rtimer-arch.o)
                0x00005e0c                rtimer_arch_schedule
 .text.autostart_start
                0x00005e12       0x16 contiki-sky.a(autostart.o)
                0x00005e12                autostart_start
 .text.process_thread_ctimer_process
                0x00005e28       0xa4 contiki-sky.a(ctimer.o)
 .text.ctimer_init
                0x00005ecc       0x18 contiki-sky.a(ctimer.o)
                0x00005ecc                ctimer_init
 .text.ctimer_set
                0x00005ee4       0x50 contiki-sky.a(ctimer.o)
                0x00005ee4                ctimer_set
 .text.ctimer_reset
                0x00005f34       0x30 contiki-sky.a(ctimer.o)
                0x00005f34                ctimer_reset
 .text.ctimer_stop
                0x00005f64       0x28 contiki-sky.a(ctimer.o)
                0x00005f64                ctimer_stop
 .text.energest_init
                0x00005f8c       0x28 contiki-sky.a(energest.o)
                0x00005f8c                energest_init
 .text.energest_type_time
                0x00005fb4       0x46 contiki-sky.a(energest.o)
                0x00005fb4                energest_type_time
 .text.energest_type_set
                0x00005ffa        0xe contiki-sky.a(energest.o)
                0x00005ffa                energest_type_set
 .text.energest_flush
                0x00006008       0x48 contiki-sky.a(energest.o)
                0x00006008                energest_flush
 .text.update_time
                0x00006050       0x78 contiki-sky.a(etimer.o)
 .text.etimer_request_poll
                0x000060c8        0xa contiki-sky.a(etimer.o)
                0x000060c8                etimer_request_poll
 .text.process_thread_etimer_process
                0x000060d2       0xc8 contiki-sky.a(etimer.o)
 .text.add_timer
                0x0000619a       0x40 contiki-sky.a(etimer.o)
 .text.etimer_set
                0x000061da       0x12 contiki-sky.a(etimer.o)
                0x000061da                etimer_set
 .text.etimer_reset
                0x000061ec       0x12 contiki-sky.a(etimer.o)
                0x000061ec                etimer_reset
 .text.etimer_expired
                0x000061fe        0xe contiki-sky.a(etimer.o)
                0x000061fe                etimer_expired
 .text.etimer_pending
                0x0000620c        0xc contiki-sky.a(etimer.o)
                0x0000620c                etimer_pending
 .text.etimer_next_expiration_time
                0x00006218       0x16 contiki-sky.a(etimer.o)
                0x00006218                etimer_next_expiration_time
 .text.etimer_stop
                0x0000622e       0x3c contiki-sky.a(etimer.o)
                0x0000622e                etimer_stop
 .text.call_process
                0x0000626a       0x4a contiki-sky.a(process.o)
 .text.exit_process
                0x000062b4       0x96 contiki-sky.a(process.o)
 .text.do_poll  0x0000634a       0x30 contiki-sky.a(process.o)
 .text.process_alloc_event
                0x0000637a        0xe contiki-sky.a(process.o)
                0x0000637a                process_alloc_event
 .text.process_init
                0x00006388       0x1c contiki-sky.a(process.o)
                0x00006388                process_init
 .text.process_run
                0x000063a4       0xa2 contiki-sky.a(process.o)
                0x000063a4                process_run
 .text.process_nevents
                0x00006446        0xe contiki-sky.a(process.o)
                0x00006446                process_nevents
 .text.process_post
                0x00006454       0x54 contiki-sky.a(process.o)
                0x00006454                process_post
 .text.process_post_synch
                0x000064a8       0x12 contiki-sky.a(process.o)
                0x000064a8                process_post_synch
 .text.process_start
                0x000064ba       0x32 contiki-sky.a(process.o)
                0x000064ba                process_start
 .text.process_poll
                0x000064ec       0x18 contiki-sky.a(process.o)
                0x000064ec                process_poll
 .text.rtimer_init
                0x00006504        0x6 contiki-sky.a(rtimer.o)
                0x00006504                rtimer_init
 .text.rtimer_set
                0x0000650a       0x24 contiki-sky.a(rtimer.o)
                0x0000650a                rtimer_set
 .text.rtimer_run_next
                0x0000652e       0x26 contiki-sky.a(rtimer.o)
                0x0000652e                rtimer_run_next
 .text.timer_set
                0x00006554       0x1c contiki-sky.a(timer.o)
                0x00006554                timer_set
 .text.timer_reset
                0x00006570        0xe contiki-sky.a(timer.o)
                0x00006570                timer_reset
 .text.timer_expired
                0x0000657e       0x2a contiki-sky.a(timer.o)
                0x0000657e                timer_expired
 .text.process_thread_serial_line_process
                0x000065a8       0x9c contiki-sky.a(serial-line.o)
 .text.serial_line_input_byte
                0x00006644       0x4a contiki-sky.a(serial-line.o)
                0x00006644                serial_line_input_byte
 .text.serial_line_init
                0x0000668e       0x1c contiki-sky.a(serial-line.o)
                0x0000668e                serial_line_init
 .text.list_init
                0x000066aa        0x6 contiki-sky.a(list.o)
                0x000066aa                list_init
 .text.list_head
                0x000066b0        0x4 contiki-sky.a(list.o)
                0x000066b0                list_head
 .text.list_tail
                0x000066b4       0x12 contiki-sky.a(list.o)
                0x000066b4                list_tail
 .text.list_remove
                0x000066c6       0x34 contiki-sky.a(list.o)
                0x000066c6                list_remove
 .text.list_push
                0x000066fa       0x1a contiki-sky.a(list.o)
                0x000066fa                list_push
 .text.list_add
                0x00006714       0x2a contiki-sky.a(list.o)
                0x00006714                list_add
 .text.list_length
                0x0000673e       0x10 contiki-sky.a(list.o)
                0x0000673e                list_length
 .text.list_item_next
                0x0000674e        0xc contiki-sky.a(list.o)
                0x0000674e                list_item_next
 .text.random_init
                0x0000675a        0x6 contiki-sky.a(random.o)
                0x0000675a                random_init
 .text.random_rand
                0x00006760        0x6 contiki-sky.a(random.o)
                0x00006760                random_rand
 .text.ringbuf_init
                0x00006766       0x14 contiki-sky.a(ringbuf.o)
                0x00006766                ringbuf_init
 .text.ringbuf_put
                0x0000677a       0x38 contiki-sky.a(ringbuf.o)
                0x0000677a                ringbuf_put
 .text.ringbuf_get
                0x000067b2       0x32 contiki-sky.a(ringbuf.o)
                0x000067b2                ringbuf_get
 .text.send_packet
                0x000067e4       0x3a contiki-sky.a(collect.o)
 .text.enqueue_dummy_packet
                0x0000681e       0x88 contiki-sky.a(collect.o)
 .text.send_ack
                0x000068a6       0x78 contiki-sky.a(collect.o)
 .text.send_queued_packet
                0x0000691e       0xc8 contiki-sky.a(collect.o)
 .text.send_next_packet
                0x000069e6       0x2c contiki-sky.a(collect.o)
 .text.update_rtmetric
                0x00006a12       0xf8 contiki-sky.a(collect.o)
 .text.received_announcement
                0x00006b0a       0x9c contiki-sky.a(collect.o)
 .text.set_keepalive_timer
                0x00006ba6       0x5e contiki-sky.a(collect.o)
 .text.timedout
                0x00006c04       0x38 contiki-sky.a(collect.o)
 .text.retransmit_callback
                0x00006c3c       0xcc contiki-sky.a(collect.o)
 .text.retransmit_not_sent_callback
                0x00006d08        0xc contiki-sky.a(collect.o)
 .text.node_packet_sent
                0x00006d14       0x58 contiki-sky.a(collect.o)
 .text.send_keepalive
                0x00006d6c       0x32 contiki-sky.a(collect.o)
 .text.add_packet_to_recent_packets.part.6
                0x00006d9e       0x4c contiki-sky.a(collect.o)
 .text.node_packet_received
                0x00006dea      0x2f8 contiki-sky.a(collect.o)
 .text.proactive_probing_callback
                0x000070e2       0xe8 contiki-sky.a(collect.o)
 .text.collect_open
                0x000071ca       0xec contiki-sky.a(collect.o)
                0x000071ca                collect_open
 .text.collect_set_sink
                0x000072b6       0x68 contiki-sky.a(collect.o)
                0x000072b6                collect_set_sink
 .text.collect_send
                0x0000731e       0xe8 contiki-sky.a(collect.o)
                0x0000731e                collect_send
 .text.collect_parent
                0x00007406        0x6 contiki-sky.a(collect.o)
                0x00007406                collect_parent
 .text.collect_link_estimate_new
                0x0000740c       0x12 contiki-sky.a(collect-link-es)
                0x0000740c                collect_link_estimate_new
 .text.collect_link_estimate_update_tx
                0x0000741e       0x9e contiki-sky.a(collect-link-es)
                0x0000741e                collect_link_estimate_update_tx
 .text.collect_link_estimate_update_tx_fail
                0x000074bc        0xc contiki-sky.a(collect-link-es)
                0x000074bc                collect_link_estimate_update_tx_fail
 .text.collect_link_estimate
                0x000074c8       0x18 contiki-sky.a(collect-link-es)
                0x000074c8                collect_link_estimate
 .text.collect_link_estimate_num_estimates
                0x000074e0        0xe contiki-sky.a(collect-link-es)
                0x000074e0                collect_link_estimate_num_estimates
 .text.periodic
                0x000074ee       0x8e contiki-sky.a(collect-neighbo)
 .text.collect_neighbor_init
                0x0000757c       0x14 contiki-sky.a(collect-neighbo)
                0x0000757c                collect_neighbor_init
 .text.collect_neighbor_list_new
                0x00007590       0x32 contiki-sky.a(collect-neighbo)
                0x00007590                collect_neighbor_list_new
 .text.collect_neighbor_list_find
                0x000075c2       0x3a contiki-sky.a(collect-neighbo)
                0x000075c2                collect_neighbor_list_find
 .text.collect_neighbor_list_add
                0x000075fc       0xaa contiki-sky.a(collect-neighbo)
                0x000075fc                collect_neighbor_list_add
 .text.collect_neighbor_list
                0x000076a6        0xe contiki-sky.a(collect-neighbo)
                0x000076a6                collect_neighbor_list
 .text.collect_neighbor_update_rtmetric
                0x000076b4        0xe contiki-sky.a(collect-neighbo)
                0x000076b4                collect_neighbor_update_rtmetric
 .text.collect_neighbor_tx_fail
                0x000076c2       0x1e contiki-sky.a(collect-neighbo)
                0x000076c2                collect_neighbor_tx_fail
 .text.collect_neighbor_tx
                0x000076e0       0x1e contiki-sky.a(collect-neighbo)
                0x000076e0                collect_neighbor_tx
 .text.collect_neighbor_rtmetric_link_estimate
                0x000076fe       0x1c contiki-sky.a(collect-neighbo)
                0x000076fe                collect_neighbor_rtmetric_link_estimate
 .text.collect_neighbor_list_best
                0x0000771a       0x4a contiki-sky.a(collect-neighbo)
                0x0000771a                collect_neighbor_list_best
 .text.collect_neighbor_rtmetric
                0x00007764        0xe contiki-sky.a(collect-neighbo)
                0x00007764                collect_neighbor_rtmetric
 .text.collect_neighbor_set_congested
                0x00007772       0x14 contiki-sky.a(collect-neighbo)
                0x00007772                collect_neighbor_set_congested
 .text.remove_queued_packet
                0x00007786       0x36 contiki-sky.a(packetqueue.o)
 .text.packetqueue_enqueue_packetbuf
                0x000077bc       0x7a contiki-sky.a(packetqueue.o)
                0x000077bc                packetqueue_enqueue_packetbuf
 .text.packetqueue_first
                0x00007836        0xa contiki-sky.a(packetqueue.o)
                0x00007836                packetqueue_first
 .text.packetqueue_dequeue
                0x00007840       0x40 contiki-sky.a(packetqueue.o)
                0x00007840                packetqueue_dequeue
 .text.packetqueue_len
                0x00007880        0xa contiki-sky.a(packetqueue.o)
                0x00007880                packetqueue_len
 .text.packetqueue_queuebuf
                0x0000788a        0xe contiki-sky.a(packetqueue.o)
                0x0000788a                packetqueue_queuebuf
 .text.input    0x00007898       0x3a contiki-sky.a(rime.o)
 .text.init     0x000078d2       0x2e contiki-sky.a(rime.o)
 .text.packet_sent
                0x00007900       0x44 contiki-sky.a(rime.o)
 .text.rime_output
                0x00007944       0x24 contiki-sky.a(rime.o)
                0x00007944                rime_output
 .text.sent_by_broadcast
                0x00007968       0x10 contiki-sky.a(unicast.o)
 .text.recv_from_broadcast
                0x00007978       0x2e contiki-sky.a(unicast.o)
 .text.unicast_open
                0x000079a6       0x2a contiki-sky.a(unicast.o)
                0x000079a6                unicast_open
 .text.unicast_send
                0x000079d0       0x16 contiki-sky.a(unicast.o)
                0x000079d0                unicast_send
 .text.input_packet
                0x000079e6        0x6 contiki-sky.a(csma.o)
 .text.on       0x000079ec        0x6 contiki-sky.a(csma.o)
 .text.off      0x000079f2        0x6 contiki-sky.a(csma.o)
 .text.channel_check_interval
                0x000079f8       0x10 contiki-sky.a(csma.o)
 .text.transmit_packet_list
                0x00007a08       0x24 contiki-sky.a(csma.o)
 .text.send_packet
                0x00007a2c      0x184 contiki-sky.a(csma.o)
 .text.init     0x00007bb0       0x1a contiki-sky.a(csma.o)
 .text.free_packet
                0x00007bca       0x98 contiki-sky.a(csma.o)
 .text.packet_sent
                0x00007c62      0x12e contiki-sky.a(csma.o)
 .text.mac_call_sent_callback
                0x00007d90       0x14 contiki-sky.a(mac.o)
                0x00007d90                mac_call_sent_callback
 .text.linkaddr_copy
                0x00007da4        0xc contiki-sky.a(linkaddr.o)
                0x00007da4                linkaddr_copy
 .text.linkaddr_cmp
                0x00007db0       0x12 contiki-sky.a(linkaddr.o)
                0x00007db0                linkaddr_cmp
 .text.linkaddr_set_node_addr
                0x00007dc2        0xc contiki-sky.a(linkaddr.o)
                0x00007dc2                linkaddr_set_node_addr
 .text.packetbuf_compact
                0x00007dce       0x2e contiki-sky.a(packetbuf.o)
                0x00007dce                packetbuf_compact
 .text.packetbuf_copyto
                0x00007dfc       0x52 contiki-sky.a(packetbuf.o)
                0x00007dfc                packetbuf_copyto
 .text.packetbuf_hdrreduce
                0x00007e4e       0x1a contiki-sky.a(packetbuf.o)
                0x00007e4e                packetbuf_hdrreduce
 .text.packetbuf_set_datalen
                0x00007e68        0x6 contiki-sky.a(packetbuf.o)
                0x00007e68                packetbuf_set_datalen
 .text.packetbuf_dataptr
                0x00007e6e        0xe contiki-sky.a(packetbuf.o)
                0x00007e6e                packetbuf_dataptr
 .text.packetbuf_hdrptr
                0x00007e7c        0xa contiki-sky.a(packetbuf.o)
                0x00007e7c                packetbuf_hdrptr
 .text.packetbuf_datalen
                0x00007e86        0x6 contiki-sky.a(packetbuf.o)
                0x00007e86                packetbuf_datalen
 .text.packetbuf_hdrlen
                0x00007e8c       0x10 contiki-sky.a(packetbuf.o)
                0x00007e8c                packetbuf_hdrlen
 .text.packetbuf_totlen
                0x00007e9c        0xc contiki-sky.a(packetbuf.o)
                0x00007e9c                packetbuf_totlen
 .text.packetbuf_hdralloc
                0x00007ea8       0x2e contiki-sky.a(packetbuf.o)
                0x00007ea8                packetbuf_hdralloc
 .text.packetbuf_attr_clear
                0x00007ed6       0x2c contiki-sky.a(packetbuf.o)
                0x00007ed6                packetbuf_attr_clear
 .text.packetbuf_clear
                0x00007f02       0x1a contiki-sky.a(packetbuf.o)
                0x00007f02                packetbuf_clear
 .text.packetbuf_copyfrom
                0x00007f1c       0x2e contiki-sky.a(packetbuf.o)
                0x00007f1c                packetbuf_copyfrom
 .text.packetbuf_attr_copyto
                0x00007f4a       0x20 contiki-sky.a(packetbuf.o)
                0x00007f4a                packetbuf_attr_copyto
 .text.packetbuf_attr_copyfrom
                0x00007f6a       0x22 contiki-sky.a(packetbuf.o)
                0x00007f6a                packetbuf_attr_copyfrom
 .text.packetbuf_holds_broadcast
                0x00007f8c        0xe contiki-sky.a(packetbuf.o)
                0x00007f8c                packetbuf_holds_broadcast
 .text.queuebuf_init
                0x00007f9a       0x12 contiki-sky.a(queuebuf.o)
                0x00007f9a                queuebuf_init
 .text.queuebuf_new_from_packetbuf
                0x00007fac       0x52 contiki-sky.a(queuebuf.o)
                0x00007fac                queuebuf_new_from_packetbuf
 .text.queuebuf_update_attr_from_packetbuf
                0x00007ffe       0x12 contiki-sky.a(queuebuf.o)
                0x00007ffe                queuebuf_update_attr_from_packetbuf
 .text.queuebuf_update_from_packetbuf
                0x00008010       0x22 contiki-sky.a(queuebuf.o)
                0x00008010                queuebuf_update_from_packetbuf
 .text.queuebuf_free
                0x00008032       0x2a contiki-sky.a(queuebuf.o)
                0x00008032                queuebuf_free
 .text.queuebuf_to_packetbuf
                0x0000805c       0x32 contiki-sky.a(queuebuf.o)
                0x0000805c                queuebuf_to_packetbuf
 .text.queuebuf_attr
                0x0000808e        0xe contiki-sky.a(queuebuf.o)
                0x0000808e                queuebuf_attr
 .text.duty_cycle
                0x0000809c        0x6 contiki-sky.a(contikimac.o)
 .text.init     0x000080a2       0x2a contiki-sky.a(contikimac.o)
 .text.on       0x000080cc       0x1a contiki-sky.a(contikimac.o)
 .text.off      0x000080e6       0x22 contiki-sky.a(contikimac.o)
 .text.recv_burst_off
                0x00008108        0xa contiki-sky.a(contikimac.o)
 .text.turn_off
                0x00008112       0x20 contiki-sky.a(contikimac.o)
 .text.turn_on  0x00008132       0x30 contiki-sky.a(contikimac.o)
 .text.schedule_powercycle_fixed.part.4
                0x00008162       0x36 contiki-sky.a(contikimac.o)
 .text.powercycle_turn_radio_off
                0x00008198       0x30 contiki-sky.a(contikimac.o)
 .text.powercycle
                0x000081c8      0x1d2 contiki-sky.a(contikimac.o)
 .text.input_packet
                0x0000839a       0xb2 contiki-sky.a(contikimac.o)
 .text.send_packet.isra.7
                0x0000844c      0x1ec contiki-sky.a(contikimac.o)
 .text.qsend_list
                0x00008638       0xc4 contiki-sky.a(contikimac.o)
 .text.qsend_packet
                0x000086fc       0x28 contiki-sky.a(contikimac.o)
 .text.hdr_length
                0x00008724        0x8 contiki-sky.a(contikimac-fram)
 .text.parse    0x0000872c       0x3e contiki-sky.a(contikimac-fram)
 .text.create   0x0000876a       0x2a contiki-sky.a(contikimac-fram)
 .text.create_and_secure
                0x00008794       0x6a contiki-sky.a(contikimac-fram)
 .text.bootstrap
                0x000087fe        0x4 contiki-sky.a(nullsec.o)
 .text.send     0x00008802        0xa contiki-sky.a(nullsec.o)
 .text.on_frame_created
                0x0000880c        0x4 contiki-sky.a(nullsec.o)
 .text.input    0x00008810        0x6 contiki-sky.a(nullsec.o)
 .text.get_overhead
                0x00008816        0x4 contiki-sky.a(nullsec.o)
 .text.crc8_add
                0x0000881a       0x1c contiki-sky.a(sht11.o)
 .text.sstart   0x00008836       0x3e contiki-sky.a(sht11.o)
 .text.swrite   0x00008874       0x52 contiki-sky.a(sht11.o)
 .text.sread    0x000088c6       0x4e contiki-sky.a(sht11.o)
 .text.sreset   0x00008914       0x2a contiki-sky.a(sht11.o)
 .text.scmd.part.0
                0x0000893e       0xb0 contiki-sky.a(sht11.o)
 .text.sht11_init
                0x000089ee       0x1a contiki-sky.a(sht11.o)
                0x000089ee                sht11_init
 .text.sht11_off
                0x00008a08       0x14 contiki-sky.a(sht11.o)
                0x00008a08                sht11_off
 .text.sht11_temp
                0x00008a1c        0xa contiki-sky.a(sht11.o)
                0x00008a1c                sht11_temp
 .text.sht11_humidity
                0x00008a26        0xa contiki-sky.a(sht11.o)
                0x00008a26                sht11_humidity
 .text.sht11_sreg
                0x00008a30       0x7a contiki-sky.a(sht11.o)
                0x00008a30                sht11_sreg
 .text.spi_init
                0x00008aaa       0x32 contiki-sky.a(spi.o)
                0x00008aaa                spi_init
 .text.compower_accumulate
                0x00008adc       0x72 contiki-sky.a(compower.o)
                0x00008adc                compower_accumulate
 .text.compower_clear
                0x00008b4e       0x12 contiki-sky.a(compower.o)
                0x00008b4e                compower_clear
 .text.compower_attrconv
                0x00008b60       0x10 contiki-sky.a(compower.o)
                0x00008b60                compower_attrconv
 .text.memb_init
                0x00008b70       0x36 contiki-sky.a(memb.o)
                0x00008b70                memb_init
 .text.memb_alloc
                0x00008ba6       0x3e contiki-sky.a(memb.o)
                0x00008ba6                memb_alloc
 .text.memb_free
                0x00008be4       0x3a contiki-sky.a(memb.o)
                0x00008be4                memb_free
 .text.memb_inmemb
                0x00008c1e       0x2e contiki-sky.a(memb.o)
                0x00008c1e                memb_inmemb
 .text.abc_open
                0x00008c4c       0x26 contiki-sky.a(abc.o)
                0x00008c4c                abc_open
 .text.abc_send
                0x00008c72        0x6 contiki-sky.a(abc.o)
                0x00008c72                abc_send
 .text.abc_input
                0x00008c78        0xe contiki-sky.a(abc.o)
                0x00008c78                abc_input
 .text.abc_sent
                0x00008c86       0x10 contiki-sky.a(abc.o)
                0x00008c86                abc_sent
 .text.announcement_init
                0x00008c96        0xa contiki-sky.a(announcement.o)
                0x00008c96                announcement_init
 .text.announcement_register
                0x00008ca0       0x3e contiki-sky.a(announcement.o)
                0x00008ca0                announcement_register
 .text.announcement_set_value
                0x00008cde       0x28 contiki-sky.a(announcement.o)
                0x00008cde                announcement_set_value
 .text.announcement_bump
                0x00008d06       0x22 contiki-sky.a(announcement.o)
                0x00008d06                announcement_bump
 .text.announcement_register_observer_callback
                0x00008d28        0x6 contiki-sky.a(announcement.o)
                0x00008d28                announcement_register_observer_callback
 .text.announcement_list
                0x00008d2e        0xa contiki-sky.a(announcement.o)
                0x00008d2e                announcement_list
 .text.announcement_heard
                0x00008d38       0x42 contiki-sky.a(announcement.o)
                0x00008d38                announcement_heard
 .text.adv_packet_sent
                0x00008d7a        0x2 contiki-sky.a(broadcast-annou)
 .text.adv_packet_received
                0x00008d7c       0x66 contiki-sky.a(broadcast-annou)
 .text.set_timers
                0x00008de2       0x4a contiki-sky.a(broadcast-annou)
 .text.send_timer
                0x00008e2c       0x36 contiki-sky.a(broadcast-annou)
 .text.new_announcement
                0x00008e62       0x18 contiki-sky.a(broadcast-annou)
 .text.send_adv
                0x00008e7a       0x66 contiki-sky.a(broadcast-annou)
 .text.broadcast_announcement_init
                0x00008ee0       0x48 contiki-sky.a(broadcast-annou)
                0x00008ee0                broadcast_announcement_init
 .text.sent_by_abc
                0x00008f28       0x10 contiki-sky.a(broadcast.o)
 .text.recv_from_abc
                0x00008f38       0x26 contiki-sky.a(broadcast.o)
 .text.broadcast_open
                0x00008f5e       0x2a contiki-sky.a(broadcast.o)
                0x00008f5e                broadcast_open
 .text.broadcast_send
                0x00008f88       0x1a contiki-sky.a(broadcast.o)
                0x00008f88                broadcast_send
 .text.chameleon_init
                0x00008fa2        0x6 contiki-sky.a(chameleon.o)
                0x00008fa2                chameleon_init
 .text.chameleon_parse
                0x00008fa8       0x10 contiki-sky.a(chameleon.o)
                0x00008fa8                chameleon_parse
 .text.chameleon_create
                0x00008fb8       0x1c contiki-sky.a(chameleon.o)
                0x00008fb8                chameleon_create
 .text.chameleon_hdrsize
                0x00008fd4        0x6 contiki-sky.a(chameleon.o)
                0x00008fd4                chameleon_hdrsize
 .text.channel_init
                0x00008fda        0xa contiki-sky.a(channel.o)
                0x00008fda                channel_init
 .text.channel_open
                0x00008fe4       0x10 contiki-sky.a(channel.o)
                0x00008fe4                channel_open
 .text.channel_lookup
                0x00008ff4       0x20 contiki-sky.a(channel.o)
                0x00008ff4                channel_lookup
 .text.channel_set_attributes
                0x00009014       0x24 contiki-sky.a(channel.o)
                0x00009014                channel_set_attributes
 .text.parse    0x00009038       0x9e contiki-sky.a(framer-802154.o)
 .text.create_frame.isra.0
                0x000090d6      0x104 contiki-sky.a(framer-802154.o)
 .text.create   0x000091da        0x8 contiki-sky.a(framer-802154.o)
 .text.hdr_length
                0x000091e2        0x8 contiki-sky.a(framer-802154.o)
 .text.framer_canonical_create_and_secure
                0x000091ea       0x20 contiki-sky.a(framer.o)
                0x000091ea                framer_canonical_create_and_secure
 .text.mac_sequence_is_duplicate
                0x0000920a       0x3c contiki-sky.a(mac-sequence.o)
                0x0000920a                mac_sequence_is_duplicate
 .text.mac_sequence_register_seqno
                0x00009246       0x64 contiki-sky.a(mac-sequence.o)
                0x00009246                mac_sequence_register_seqno
 .text.header_size
                0x000092aa       0x16 contiki-sky.a(chameleon-bitop)
 .text.get_bits_in_byte
                0x000092c0       0x3a contiki-sky.a(chameleon-bitop)
                0x000092c0                get_bits_in_byte
 .text.get_bits
                0x000092fa       0xa4 contiki-sky.a(chameleon-bitop)
                0x000092fa                get_bits
 .text.unpack_header
                0x0000939e       0xd6 contiki-sky.a(chameleon-bitop)
 .text.set_bits_in_byte
                0x00009474       0x2c contiki-sky.a(chameleon-bitop)
                0x00009474                set_bits_in_byte
 .text.set_bits
                0x000094a0       0xd2 contiki-sky.a(chameleon-bitop)
                0x000094a0                set_bits
 .text.pack_header
                0x00009572       0xbc contiki-sky.a(chameleon-bitop)
 .text.field_len
                0x0000962e       0x98 contiki-sky.a(frame802154.o)
 .text.frame802154_hdrlen
                0x000096c6       0x2e contiki-sky.a(frame802154.o)
                0x000096c6                frame802154_hdrlen
 .text.frame802154_create
                0x000096f4      0x146 contiki-sky.a(frame802154.o)
                0x000096f4                frame802154_create
 .text.frame802154_parse
                0x0000983a      0x1da contiki-sky.a(frame802154.o)
                0x0000983a                frame802154_parse
 .text.libgcc   0x00009a14       0x2c /usr/lib/gcc/msp430/4.6.3/mmpy-16/libgcc.a(_mulsi3.o)
                0x00009a14                __mulsi3
 .text.libgcc   0x00009a40       0x20 /usr/lib/gcc/msp430/4.6.3/mmpy-16/libgcc.a(_udivmod8.o)
                0x00009a40                __ext_udivmod8
                0x00009a40                __udivqi3
                0x00009a58                __umodqi3
 .text.libgcc   0x00009a60       0x22 /usr/lib/gcc/msp430/4.6.3/mmpy-16/libgcc.a(_udivmod16.o)
                0x00009a60                __udivhi3
                0x00009a60                __ext_udivmod16
                0x00009a7a                __umodhi3
 .text.libgcc   0x00009a82       0x3a /usr/lib/gcc/msp430/4.6.3/mmpy-16/libgcc.a(_divmod16.o)
                0x00009a82                __ext_divmod16
                0x00009a82                __divhi3
                0x00009ab4                __modhi3
 .text.libgcc   0x00009abc       0x40 /usr/lib/gcc/msp430/4.6.3/mmpy-16/libgcc.a(_udivmod32.o)
                0x00009abc                __udivsi3
                0x00009abc                __ext_udivmod32
                0x00009af2                __umodsi3
 .text          0x00009afc       0x20 /usr/lib/gcc/msp430/4.6.3/../../../../msp430/lib/mmpy-16/libc.a(memcmp.o)
                0x00009afc                memcmp
 .text          0x00009b1c       0xfa /usr/lib/gcc/msp430/4.6.3/../../../../msp430/lib/mmpy-16/libc.a(memcpy.o)
                0x00009b1c                memcpy
 .text          0x00009c16       0x6a /usr/lib/gcc/msp430/4.6.3/../../../../msp430/lib/mmpy-16/libc.a(memset.o)
                0x00009c16                memset
 .text          0x00009c80      0x114 /usr/lib/gcc/msp430/4.6.3/../../../../msp430/lib/mmpy-16/libc.a(malloc.o)
                0x00009c80                malloc
                0x00009d8c                free
 .text          0x00009d94       0x1e /usr/lib/gcc/msp430/4.6.3/../../../../msp430/lib/mmpy-16/libc.a(printf.o)
                0x00009d94                printf
                0x00009da4                vprintf
 .text          0x00009db2       0xbc /usr/lib/gcc/msp430/4.6.3/../../../../msp430/lib/mmpy-16/libc.a(sprintf.o)
                0x00009e10                sprintf
                0x00009e2c                snprintf
                0x00009e46                vsprintf
                0x00009e5c                vsnprintf
 .text          0x00009e6e      0x836 /usr/lib/gcc/msp430/4.6.3/../../../../msp430/lib/mmpy-16/libc.a(vuprintf.o)
                0x0000a006                vuprintf
 .text          0x0000a6a4       0x2c /usr/lib/gcc/msp430/4.6.3/../../../../msp430/lib/mmpy-16/libc.a(puts.o)
                0x0000a6a4                puts
 .text          0x0000a6d0       0x54 /usr/lib/gcc/msp430/4.6.3/../../../../msp430/lib/mmpy-16/libc.a(rand.o)
                0x0000a6d0                rand_r
                0x0000a6f4                rand
                0x0000a71a                srand
 .text.libgcc   0x0000a724       0xf0 /usr/lib/gcc/msp430/4.6.3/mmpy-16/libgcc.a(_udivmod64.o)
                0x0000a724                __xabi_udivmod64
                0x0000a782                __udivdi3
                0x0000a7a8                __umoddi3
                0x0000a7d6                __udivmoddi4
 .text.crt0     0x0000a814        0x2 /usr/lib/gcc/msp430/4.6.3/mmpy-16/libcrt0.a(_unexpected_.o)
                0x0000a814                _unexpected_
                0x0000a816                . = ALIGN (0x2)

.rodata         0x0000a816      0x292
                0x0000a816                . = ALIGN (0x2)
 *(.rodata .rodata.* .gnu.linkonce.r.*)
 .rodata        0x0000a816       0x46 SENSORIAMENTO.co
                0x0000a840                autostart_processes
 .rodata        0x0000a85c       0xd7 obj_sky/contiki-sky-main.o
 *fill*         0x0000a933        0x1 00
 .rodata        0x0000a934        0xe contiki-sky.a(sht11-sensor.o)
                0x0000a93a                sht11_sensor
 .rodata        0x0000a942        0xe contiki-sky.a(light-sensor.o)
                0x0000a948                light_sensor
 .rodata        0x0000a950       0x10 contiki-sky.a(battery-sensor.)
                0x0000a958                battery_sensor
 .rodata        0x0000a960       0x10 contiki-sky.a(button-sensor.o)
                0x0000a968                button_sensor
 .rodata        0x0000a970        0x8 contiki-sky.a(sensors.o)
 .rodata        0x0000a978       0x5a contiki-sky.a(cc2420.o)
                0x0000a994                cc2420_aes_128_driver
                0x0000a998                cc2420_driver
 .rodata        0x0000a9d2        0xf contiki-sky.a(ctimer.o)
 .rodata        0x0000a9e1        0xc contiki-sky.a(etimer.o)
 .rodata        0x0000a9ed        0xe contiki-sky.a(serial-line.o)
 *fill*         0x0000a9fb        0x1 00
 .rodata        0x0000a9fc       0x18 contiki-sky.a(collect.o)
 .rodata        0x0000aa14        0xc contiki-sky.a(rime.o)
                0x0000aa1a                rime_driver
 .rodata        0x0000aa20        0xa contiki-sky.a(unicast.o)
 .rodata        0x0000aa2a       0x14 contiki-sky.a(csma.o)
                0x0000aa30                csma_driver
 .rodata        0x0000aa3e        0x2 contiki-sky.a(linkaddr.o)
                0x0000aa3e                linkaddr_null
 .rodata        0x0000aa40       0x1c contiki-sky.a(contikimac.o)
                0x0000aa4c                contikimac_driver
 .rodata        0x0000aa5c        0x8 contiki-sky.a(contikimac-fram)
                0x0000aa5c                contikimac_framer
 .rodata        0x0000aa64       0x14 contiki-sky.a(nullsec.o)
                0x0000aa6c                nullsec_driver
 .rodata        0x0000aa78        0x2 contiki-sky.a(abc.o)
 .rodata        0x0000aa7a        0x4 contiki-sky.a(broadcast-annou)
 .rodata        0x0000aa7e        0x8 contiki-sky.a(broadcast.o)
 .rodata        0x0000aa86        0x8 contiki-sky.a(framer-802154.o)
                0x0000aa86                framer_802154
 .rodata        0x0000aa8e       0x10 contiki-sky.a(chameleon-bitop)
                0x0000aa8e                chameleon_bitopt
 .rodata        0x0000aa9e        0x2 contiki-sky.a(frame802154.o)
 .rodata        0x0000aaa0        0x7 /usr/lib/gcc/msp430/4.6.3/../../../../msp430/lib/mmpy-16/libc.a(vuprintf.o)
                0x0000aaa8                . = ALIGN (0x2)
 *fill*         0x0000aaa7        0x1 00
                0x0000aaa8                _etext = .

.data           0x00001100       0x80 load address 0x0000aaa8
                0x00001100                . = ALIGN (0x2)
                0x00001100                PROVIDE (__data_start, .)
 *(.data .data.* .gnu.linkonce.d.*)
 .data          0x00001100        0xa SENSORIAMENTO.co
                0x00001100                example_collect_process
 .data          0x0000110a        0x4 contiki-sky.a(contiki-sky-pla)
                0x0000110a                sensors
 .data          0x0000110e        0x1 contiki-sky.a(sht11-sensor.o)
 *fill*         0x0000110f        0x1 00
 .data          0x00001110        0xa contiki-sky.a(sensors.o)
                0x00001110                sensors_process
 .data          0x0000111a        0xa contiki-sky.a(cc2420.o)
                0x0000111a                cc2420_process
 .data          0x00001124        0x2 contiki-sky.a(msp430.o)
 .data          0x00001126        0xa contiki-sky.a(ctimer.o)
                0x00001126                ctimer_process
 .data          0x00001130        0xa contiki-sky.a(etimer.o)
                0x00001130                etimer_process
 .data          0x0000113a        0xa contiki-sky.a(serial-line.o)
                0x0000113a                serial_line_process
 .data          0x00001144        0x8 contiki-sky.a(collect.o)
 .data          0x0000114c        0x8 contiki-sky.a(collect-neighbo)
 .data          0x00001154       0x18 contiki-sky.a(csma.o)
 .data          0x0000116c       0x10 contiki-sky.a(queuebuf.o)
 .data          0x0000117c        0x4 /usr/lib/gcc/msp430/4.6.3/../../../../msp430/lib/mmpy-16/libc.a(rand.o)
                0x00001180                . = ALIGN (0x2)
                0x00001180                _edata = .
                0x0000aaa8                PROVIDE (__data_load_start, LOADADDR (.data))
                0x00000080                PROVIDE (__data_size, SIZEOF (.data))

.bss            0x00001180     0x1786 load address 0x0000ab28
                0x00001180                PROVIDE (__bss_start, .)
 *(.bss .bss.*)
 .bss           0x00001180       0xb8 SENSORIAMENTO.co
 .bss           0x00001238        0xc obj_sky/contiki-sky-main.o
 .bss           0x00001244        0x8 contiki-sky.a(button-sensor.o)
 .bss           0x0000124c        0x2 contiki-sky.a(node-id.o)
                0x0000124c                node_id
 .bss           0x0000124e        0x6 contiki-sky.a(sensors.o)
 .bss           0x00001254        0x8 contiki-sky.a(cc2420.o)
 .bss           0x0000125c        0x4 contiki-sky.a(sky-sensors.o)
 .bss           0x00001260       0x9a contiki-sky.a(uart1.o)
 .bss           0x000012fa        0xa contiki-sky.a(clock.o)
 .bss           0x00001304        0x1 contiki-sky.a(leds.o)
 *fill*         0x00001305        0x1 00
 .bss           0x00001306        0x2 contiki-sky.a(watchdog.o)
 .bss           0x00001308        0x4 contiki-sky.a(ctimer.o)
 .bss           0x0000130c        0x6 contiki-sky.a(etimer.o)
 .bss           0x00001312       0x42 contiki-sky.a(process.o)
                0x00001312                process_current
                0x00001314                process_list
 .bss           0x00001354        0x2 contiki-sky.a(rtimer.o)
 .bss           0x00001356      0x10a contiki-sky.a(serial-line.o)
 .bss           0x00001460      0x1be contiki-sky.a(collect.o)
 .bss           0x0000161e      0x322 contiki-sky.a(collect-neighbo)
 .bss           0x00001940        0x2 contiki-sky.a(rime.o)
 .bss           0x00001942      0x128 contiki-sky.a(csma.o)
 .bss           0x00001a6a       0xb8 contiki-sky.a(packetbuf.o)
 .bss           0x00001b22      0xc20 contiki-sky.a(queuebuf.o)
 .bss           0x00002742       0x32 contiki-sky.a(contikimac.o)
 .bss           0x00002774        0x8 contiki-sky.a(compower.o)
 .bss           0x0000277c        0x6 contiki-sky.a(announcement.o)
 .bss           0x00002782       0x46 contiki-sky.a(broadcast-annou)
 .bss           0x000027c8        0x2 contiki-sky.a(channel.o)
 .bss           0x000027ca        0x2 contiki-sky.a(framer-802154.o)
 .bss           0x000027cc       0x40 contiki-sky.a(mac-sequence.o)
 .bss           0x0000280c        0x1 /usr/lib/gcc/msp430/4.6.3/../../../../msp430/lib/mmpy-16/libc.a(malloc.o)
 *fill*         0x0000280d        0x1 00
 .bss           0x0000280e        0x4 /usr/lib/gcc/msp430/4.6.3/../../../../msp430/lib/mmpy-16/libc.a(sprintf.o)
 *(COMMON)
 COMMON         0x00002812        0x2 contiki-sky.a(contiki-sky-pla)
                0x00002812                sensors_flags
 COMMON         0x00002814        0x8 contiki-sky.a(ds2411.o)
                0x00002814                ds2411_id
 COMMON         0x0000281c        0x1 contiki-sky.a(sensors.o)
                0x0000281c                sensors_event
 *fill*         0x0000281d        0x1 00
 COMMON         0x0000281e       0x10 contiki-sky.a(cc2420.o)
                0x0000281e                cc2420_last_rssi
                0x00002820                cc2420_sfd_start_time
                0x00002822                cc2420_time_of_departure
                0x00002824                cc2420_time_of_arrival
                0x00002826                cc2420_last_correlation
                0x00002828                cc2420_authority_level_of_sender
                0x0000282a                cc2420_sfd_counter
                0x0000282c                cc2420_sfd_end_time
 COMMON         0x0000282e        0x2 contiki-sky.a(msp430.o)
                0x0000282e                msp430_dco_required
 COMMON         0x00002830       0x56 contiki-sky.a(energest.o)
                0x00002830                energest_total_time
                0x00002860                energest_total_count
                0x00002862                energest_current_mode
                0x0000286e                energest_current_time
 COMMON         0x00002886        0x1 contiki-sky.a(process.o)
                0x00002886                process_maxevents
 COMMON         0x00002887        0x1 contiki-sky.a(serial-line.o)
                0x00002887                serial_line_event_message
 COMMON         0x00002888       0x38 contiki-sky.a(collect.o)
                0x00002888                stats
 COMMON         0x000028c0        0x2 contiki-sky.a(linkaddr.o)
                0x000028c0                linkaddr_node_addr
 COMMON         0x000028c2       0x3c contiki-sky.a(packetbuf.o)
                0x000028c2                packetbuf_addrs
                0x000028ca                packetbuf_attrs
 COMMON         0x000028fe        0x8 contiki-sky.a(compower.o)
                0x000028fe                compower_idle_activity
                0x00002906                . = ALIGN (0x2)
                0x00002906                PROVIDE (__bss_end, .)
                0x00001786                PROVIDE (__bss_size, SIZEOF (.bss))

.noinit         0x00002906        0x2 load address 0x0000ab28
                0x00002906                PROVIDE (__noinit_start, .)
 *(.noinit .noinit.*)
 .noinit.crt0   0x00002906        0x2 /usr/lib/gcc/msp430/4.6.3/mmpy-16/libcrt0.a(__watchdog_support.o)
                0x00002906                __wdt_clear_value
                0x00002908                . = ALIGN (0x2)
                0x00002908                PROVIDE (__noinit_end, .)
                0x00002908                . = ALIGN (0x2)
                0x00002908                _end = .

.infomem        0x00001000        0x0
 *(.infomem)
                0x00001000                . = ALIGN (0x2)
 *(.infomem.*)

.infomemnobits  0x00001000        0x0
 *(.infomemnobits)
                0x00001000                . = ALIGN (0x2)
 *(.infomemnobits.*)

.infoa
 *(.infoa .infoa.*)

.infob
 *(.infob .infob.*)

.infoc
 *(.infoc .infoc.*)

.infod
 *(.infod .infod.*)

.vectors        0x0000ffe0       0x20
                0x0000ffe0                PROVIDE (__vectors_start, .)
 *(.vectors*)
 .vectors       0x0000ffe0       0x20 /usr/lib/gcc/msp430/4.6.3/mmpy-16/crt0ivtbl16.o
                0x0000ffe0                __ivtbl_16
                0x00010000                _vectors_end = .

.fartext        0x00000000        0x0
                0x00000000                . = ALIGN (0x2)
 *(.fartext)
                0x00000000                . = ALIGN (0x2)
 *(.fartext.*)
                0x00000000                _efartext = .

.profiler
 *(.profiler)

.stab           0x00000000    0x1f77c
 *(.stab)
 .stab          0x00000000     0x14e8 SENSORIAMENTO.co
 .stab          0x000014e8     0x105c obj_sky/contiki-sky-main.o
                               0x17ac (size before relaxing)
 .stab          0x00002544      0x258 contiki-sky.a(contiki-sky-pla)
                                0x5b8 (size before relaxing)
 .stab          0x0000279c      0x414 contiki-sky.a(sht11-sensor.o)
                                0x948 (size before relaxing)
 .stab          0x00002bb0      0x324 contiki-sky.a(light-sensor.o)
                                0x690 (size before relaxing)
 .stab          0x00002ed4      0x318 contiki-sky.a(battery-sensor.)
                                0x684 (size before relaxing)
 .stab          0x000031ec      0x468 contiki-sky.a(button-sensor.o)
                                0x7d4 (size before relaxing)
 .stab          0x00003654      0x630 contiki-sky.a(ds2411.o)
                                0xb40 (size before relaxing)
 .stab          0x00003c84      0xa38 contiki-sky.a(xmem.o)
                                0xf60 (size before relaxing)
 .stab          0x000046bc      0x2b8 contiki-sky.a(node-id.o)
                                0x4e0 (size before relaxing)
 .stab          0x00004974      0x63c contiki-sky.a(sensors.o)
                                0xb70 (size before relaxing)
 .stab          0x00004fb0     0x2310 contiki-sky.a(cc2420.o)
                               0x2cc4 (size before relaxing)
 .stab          0x000072c0      0x9d8 contiki-sky.a(cc2420-arch.o)
                               0x1404 (size before relaxing)
 .stab          0x00007c98      0x4f8 contiki-sky.a(sky-sensors.o)
                                0x864 (size before relaxing)
 .stab          0x00008190      0x60c contiki-sky.a(uart1.o)
                                0x960 (size before relaxing)
 .stab          0x0000879c      0x27c contiki-sky.a(uart1-putchar.o)
                                0x7bc (size before relaxing)
 .stab          0x00008a18      0x744 contiki-sky.a(msp430.o)
                                0xa98 (size before relaxing)
 .stab          0x0000915c      0x948 contiki-sky.a(clock.o)
                                0xc9c (size before relaxing)
 .stab          0x00009aa4      0x5dc contiki-sky.a(leds.o)
                                0x828 (size before relaxing)
 .stab          0x0000a080      0x3a8 contiki-sky.a(leds-arch.o)
                                0x6fc (size before relaxing)
 .stab          0x0000a428      0x3fc contiki-sky.a(watchdog.o)
                                0x750 (size before relaxing)
 .stab          0x0000a824      0x3cc contiki-sky.a(rtimer-arch.o)
                                0x720 (size before relaxing)
 .stab          0x0000abf0      0x294 contiki-sky.a(autostart.o)
                                0x534 (size before relaxing)
 .stab          0x0000ae84      0x7a4 contiki-sky.a(ctimer.o)
                                0xb10 (size before relaxing)
 .stab          0x0000b628      0x474 contiki-sky.a(energest.o)
                                0x6fc (size before relaxing)
 .stab          0x0000ba9c      0xa38 contiki-sky.a(etimer.o)
                                0xd08 (size before relaxing)
 .stab          0x0000c4d4      0xb7c contiki-sky.a(process.o)
                               0x1014 (size before relaxing)
 .stab          0x0000d050      0x3d8 contiki-sky.a(rtimer.o)
                                0x6c0 (size before relaxing)
 .stab          0x0000d428      0x354 contiki-sky.a(timer.o)
                                0x594 (size before relaxing)
 .stab          0x0000d77c      0x534 contiki-sky.a(serial-line.o)
                                0xa50 (size before relaxing)
 .stab          0x0000dcb0      0x7f8 contiki-sky.a(list.o)
                                0x804 (size before relaxing)
 .stab          0x0000e4a8      0x228 contiki-sky.a(random.o)
                                0x624 (size before relaxing)
 .stab          0x0000e6d0      0x3fc contiki-sky.a(ringbuf.o)
                                0x63c (size before relaxing)
 .stab          0x0000eacc     0x23b8 contiki-sky.a(collect.o)
                               0x2c88 (size before relaxing)
 .stab          0x00010e84      0x5e8 contiki-sky.a(collect-link-es)
                               0x1014 (size before relaxing)
 .stab          0x0001146c      0xffc contiki-sky.a(collect-neighbo)
                               0x1a64 (size before relaxing)
 .stab          0x00012468      0x8ac contiki-sky.a(packetqueue.o)
                                0xf84 (size before relaxing)
 .stab          0x00012d14      0xa44 contiki-sky.a(rime.o)
                               0x141c (size before relaxing)
 .stab          0x00013758      0x624 contiki-sky.a(unicast.o)
                               0x129c (size before relaxing)
 .stab          0x00013d7c      0xdc8 contiki-sky.a(csma.o)
                               0x15b4 (size before relaxing)
 .stab          0x00014b44      0x1f8 contiki-sky.a(mac.o)
                                0x4ec (size before relaxing)
 .stab          0x00014d3c      0x2c4 contiki-sky.a(linkaddr.o)
                                0x6c0 (size before relaxing)
 .stab          0x00015000      0xda4 contiki-sky.a(packetbuf.o)
                               0x1bf0 (size before relaxing)
 .stab          0x00015da4      0xa5c contiki-sky.a(queuebuf.o)
                               0x1890 (size before relaxing)
 .stab          0x00016800     0x16ec contiki-sky.a(contikimac.o)
                               0x22f8 (size before relaxing)
 .stab          0x00017eec      0x6e4 contiki-sky.a(contikimac-fram)
                                0xf24 (size before relaxing)
 .stab          0x000185d0      0x6a8 contiki-sky.a(nullsec.o)
                                0xda4 (size before relaxing)
 .stab          0x00018c78      0xbb8 contiki-sky.a(sht11.o)
                               0x10e0 (size before relaxing)
 .stab          0x00019830      0x204 contiki-sky.a(spi.o)
                                0x42c (size before relaxing)
 .stab          0x00019a34      0x51c contiki-sky.a(compower.o)
                                0xd20 (size before relaxing)
 .stab          0x00019f50      0x5c4 contiki-sky.a(memb.o)
                                0xaf8 (size before relaxing)
 .stab          0x0001a514      0x66c contiki-sky.a(abc.o)
                               0x14a0 (size before relaxing)
 .stab          0x0001ab80      0x6e4 contiki-sky.a(announcement.o)
                                0x984 (size before relaxing)
 .stab          0x0001b264      0x948 contiki-sky.a(broadcast-annou)
                               0x15c0 (size before relaxing)
 .stab          0x0001bbac      0x6d8 contiki-sky.a(broadcast.o)
                               0x150c (size before relaxing)
 .stab          0x0001c284      0x5e8 contiki-sky.a(chameleon.o)
                               0x123c (size before relaxing)
 .stab          0x0001c86c      0x624 contiki-sky.a(channel.o)
                               0x129c (size before relaxing)
 .stab          0x0001ce90      0x930 contiki-sky.a(framer-802154.o)
                                0xf6c (size before relaxing)
 .stab          0x0001d7c0      0x318 contiki-sky.a(framer.o)
                                0xc54 (size before relaxing)
 .stab          0x0001dad8      0x600 contiki-sky.a(mac-sequence.o)
                               0x144c (size before relaxing)
 .stab          0x0001e0d8      0xd80 contiki-sky.a(chameleon-bitop)
                               0x19f8 (size before relaxing)
 .stab          0x0001ee58      0x924 contiki-sky.a(frame802154.o)
                               0x10f8 (size before relaxing)

.stabstr        0x00000000    0x17319
 *(.stabstr)
 .stabstr       0x00000000    0x17319 SENSORIAMENTO.co

.stab.excl
 *(.stab.excl)

.stab.exclstr
 *(.stab.exclstr)

.stab.index
 *(.stab.index)

.stab.indexstr
 *(.stab.indexstr)

.comment
 *(.comment)

.debug
 *(.debug)

.line
 *(.line)

.debug_srcinfo
 *(.debug_srcinfo)

.debug_sfnames
 *(.debug_sfnames)

.debug_aranges  0x00000000      0x1b8
 *(.debug_aranges)
 .debug_aranges
                0x00000000       0x14 /usr/lib/gcc/msp430/4.6.3/mmpy-16/libgcc.a(_mulsi3.o)
 .debug_aranges
                0x00000014       0x14 /usr/lib/gcc/msp430/4.6.3/mmpy-16/libgcc.a(_udivmod8.o)
 .debug_aranges
                0x00000028       0x14 /usr/lib/gcc/msp430/4.6.3/mmpy-16/libgcc.a(_udivmod16.o)
 .debug_aranges
                0x0000003c       0x14 /usr/lib/gcc/msp430/4.6.3/mmpy-16/libgcc.a(_divmod16.o)
 .debug_aranges
                0x00000050       0x14 /usr/lib/gcc/msp430/4.6.3/mmpy-16/libgcc.a(_udivmod32.o)
 .debug_aranges
                0x00000064       0x14 /usr/lib/gcc/msp430/4.6.3/../../../../msp430/lib/mmpy-16/libc.a(strncmp.o)
 .debug_aranges
                0x00000078       0x14 /usr/lib/gcc/msp430/4.6.3/../../../../msp430/lib/mmpy-16/libc.a(memcmp.o)
 .debug_aranges
                0x0000008c       0x14 /usr/lib/gcc/msp430/4.6.3/../../../../msp430/lib/mmpy-16/libc.a(memcpy.o)
 .debug_aranges
                0x000000a0       0x14 /usr/lib/gcc/msp430/4.6.3/../../../../msp430/lib/mmpy-16/libc.a(memset.o)
 .debug_aranges
                0x000000b4       0x14 /usr/lib/gcc/msp430/4.6.3/../../../../msp430/lib/mmpy-16/libc.a(malloc.o)
 .debug_aranges
                0x000000c8       0x14 /usr/lib/gcc/msp430/4.6.3/../../../../msp430/lib/mmpy-16/libc.a(printf.o)
 .debug_aranges
                0x000000dc       0x14 /usr/lib/gcc/msp430/4.6.3/../../../../msp430/lib/mmpy-16/libc.a(sprintf.o)
 .debug_aranges
                0x000000f0       0x14 /usr/lib/gcc/msp430/4.6.3/../../../../msp430/lib/mmpy-16/libc.a(vuprintf.o)
 .debug_aranges
                0x00000104       0x14 /usr/lib/gcc/msp430/4.6.3/../../../../msp430/lib/mmpy-16/libc.a(puts.o)
 .debug_aranges
                0x00000118       0x14 /usr/lib/gcc/msp430/4.6.3/../../../../msp430/lib/mmpy-16/libc.a(rand.o)
 .debug_aranges
                0x0000012c       0x14 /usr/lib/gcc/msp430/4.6.3/mmpy-16/libgcc.a(_udivmod64.o)
 .debug_aranges
                0x00000140       0x14 /usr/lib/gcc/msp430/4.6.3/mmpy-16/libcrt0.a(__watchdog_support.o)
 .debug_aranges
                0x00000154       0x14 /usr/lib/gcc/msp430/4.6.3/mmpy-16/libcrt0.a(__init_stack.o)
 .debug_aranges
                0x00000168       0x14 /usr/lib/gcc/msp430/4.6.3/mmpy-16/libcrt0.a(_copy_data.o)
 .debug_aranges
                0x0000017c       0x14 /usr/lib/gcc/msp430/4.6.3/mmpy-16/libcrt0.a(_clear_bss.o)
 .debug_aranges
                0x00000190       0x14 /usr/lib/gcc/msp430/4.6.3/mmpy-16/libcrt0.a(_endless_loop__.o)
 .debug_aranges
                0x000001a4       0x14 /usr/lib/gcc/msp430/4.6.3/mmpy-16/libcrt0.a(_unexpected_.o)

.debug_pubnames
 *(.debug_pubnames)

.debug_info     0x00000000     0x190f
 *(.debug_info)
 .debug_info    0x00000000       0xd6 /usr/lib/gcc/msp430/4.6.3/mmpy-16/libgcc.a(_mulsi3.o)
 .debug_info    0x000000d6       0xd6 /usr/lib/gcc/msp430/4.6.3/mmpy-16/libgcc.a(_udivmod8.o)
 .debug_info    0x000001ac       0xd6 /usr/lib/gcc/msp430/4.6.3/mmpy-16/libgcc.a(_udivmod16.o)
 .debug_info    0x00000282       0xd6 /usr/lib/gcc/msp430/4.6.3/mmpy-16/libgcc.a(_divmod16.o)
 .debug_info    0x00000358       0xd6 /usr/lib/gcc/msp430/4.6.3/mmpy-16/libgcc.a(_udivmod32.o)
 .debug_info    0x0000042e       0xbb /usr/lib/gcc/msp430/4.6.3/../../../../msp430/lib/mmpy-16/libc.a(strncmp.o)
 .debug_info    0x000004e9       0xe8 /usr/lib/gcc/msp430/4.6.3/../../../../msp430/lib/mmpy-16/libc.a(memcmp.o)
 .debug_info    0x000005d1      0x113 /usr/lib/gcc/msp430/4.6.3/../../../../msp430/lib/mmpy-16/libc.a(memcpy.o)
 .debug_info    0x000006e4       0xfe /usr/lib/gcc/msp430/4.6.3/../../../../msp430/lib/mmpy-16/libc.a(memset.o)
 .debug_info    0x000007e2      0x151 /usr/lib/gcc/msp430/4.6.3/../../../../msp430/lib/mmpy-16/libc.a(malloc.o)
 .debug_info    0x00000933      0x105 /usr/lib/gcc/msp430/4.6.3/../../../../msp430/lib/mmpy-16/libc.a(printf.o)
 .debug_info    0x00000a38      0x277 /usr/lib/gcc/msp430/4.6.3/../../../../msp430/lib/mmpy-16/libc.a(sprintf.o)
 .debug_info    0x00000caf      0x565 /usr/lib/gcc/msp430/4.6.3/../../../../msp430/lib/mmpy-16/libc.a(vuprintf.o)
 .debug_info    0x00001214       0x96 /usr/lib/gcc/msp430/4.6.3/../../../../msp430/lib/mmpy-16/libc.a(puts.o)
 .debug_info    0x000012aa      0x13f /usr/lib/gcc/msp430/4.6.3/../../../../msp430/lib/mmpy-16/libc.a(rand.o)
 .debug_info    0x000013e9       0xd6 /usr/lib/gcc/msp430/4.6.3/mmpy-16/libgcc.a(_udivmod64.o)
 .debug_info    0x000014bf       0xb8 /usr/lib/gcc/msp430/4.6.3/mmpy-16/libcrt0.a(__watchdog_support.o)
 .debug_info    0x00001577       0xb8 /usr/lib/gcc/msp430/4.6.3/mmpy-16/libcrt0.a(__init_stack.o)
 .debug_info    0x0000162f       0xb8 /usr/lib/gcc/msp430/4.6.3/mmpy-16/libcrt0.a(_copy_data.o)
 .debug_info    0x000016e7       0xb8 /usr/lib/gcc/msp430/4.6.3/mmpy-16/libcrt0.a(_clear_bss.o)
 .debug_info    0x0000179f       0xb8 /usr/lib/gcc/msp430/4.6.3/mmpy-16/libcrt0.a(_endless_loop__.o)
 .debug_info    0x00001857       0xb8 /usr/lib/gcc/msp430/4.6.3/mmpy-16/libcrt0.a(_unexpected_.o)
 *(.gnu.linkonce.wi.*)

.debug_abbrev   0x00000000      0x946
 *(.debug_abbrev)
 .debug_abbrev  0x00000000       0x14 /usr/lib/gcc/msp430/4.6.3/mmpy-16/libgcc.a(_mulsi3.o)
 .debug_abbrev  0x00000014       0x14 /usr/lib/gcc/msp430/4.6.3/mmpy-16/libgcc.a(_udivmod8.o)
 .debug_abbrev  0x00000028       0x14 /usr/lib/gcc/msp430/4.6.3/mmpy-16/libgcc.a(_udivmod16.o)
 .debug_abbrev  0x0000003c       0x14 /usr/lib/gcc/msp430/4.6.3/mmpy-16/libgcc.a(_divmod16.o)
 .debug_abbrev  0x00000050       0x14 /usr/lib/gcc/msp430/4.6.3/mmpy-16/libgcc.a(_udivmod32.o)
 .debug_abbrev  0x00000064       0x7c /usr/lib/gcc/msp430/4.6.3/../../../../msp430/lib/mmpy-16/libc.a(strncmp.o)
 .debug_abbrev  0x000000e0       0x9b /usr/lib/gcc/msp430/4.6.3/../../../../msp430/lib/mmpy-16/libc.a(memcmp.o)
 .debug_abbrev  0x0000017b       0x97 /usr/lib/gcc/msp430/4.6.3/../../../../msp430/lib/mmpy-16/libc.a(memcpy.o)
 .debug_abbrev  0x00000212       0x9c /usr/lib/gcc/msp430/4.6.3/../../../../msp430/lib/mmpy-16/libc.a(memset.o)
 .debug_abbrev  0x000002ae       0xf8 /usr/lib/gcc/msp430/4.6.3/../../../../msp430/lib/mmpy-16/libc.a(malloc.o)
 .debug_abbrev  0x000003a6       0xd0 /usr/lib/gcc/msp430/4.6.3/../../../../msp430/lib/mmpy-16/libc.a(printf.o)
 .debug_abbrev  0x00000476      0x105 /usr/lib/gcc/msp430/4.6.3/../../../../msp430/lib/mmpy-16/libc.a(sprintf.o)
 .debug_abbrev  0x0000057b      0x1ef /usr/lib/gcc/msp430/4.6.3/../../../../msp430/lib/mmpy-16/libc.a(vuprintf.o)
 .debug_abbrev  0x0000076a       0x60 /usr/lib/gcc/msp430/4.6.3/../../../../msp430/lib/mmpy-16/libc.a(puts.o)
 .debug_abbrev  0x000007ca       0xf0 /usr/lib/gcc/msp430/4.6.3/../../../../msp430/lib/mmpy-16/libc.a(rand.o)
 .debug_abbrev  0x000008ba       0x14 /usr/lib/gcc/msp430/4.6.3/mmpy-16/libgcc.a(_udivmod64.o)
 .debug_abbrev  0x000008ce       0x14 /usr/lib/gcc/msp430/4.6.3/mmpy-16/libcrt0.a(__watchdog_support.o)
 .debug_abbrev  0x000008e2       0x14 /usr/lib/gcc/msp430/4.6.3/mmpy-16/libcrt0.a(__init_stack.o)
 .debug_abbrev  0x000008f6       0x14 /usr/lib/gcc/msp430/4.6.3/mmpy-16/libcrt0.a(_copy_data.o)
 .debug_abbrev  0x0000090a       0x14 /usr/lib/gcc/msp430/4.6.3/mmpy-16/libcrt0.a(_clear_bss.o)
 .debug_abbrev  0x0000091e       0x14 /usr/lib/gcc/msp430/4.6.3/mmpy-16/libcrt0.a(_endless_loop__.o)
 .debug_abbrev  0x00000932       0x14 /usr/lib/gcc/msp430/4.6.3/mmpy-16/libcrt0.a(_unexpected_.o)

.debug_line     0x00000000      0xf0c
 *(.debug_line)
 .debug_line    0x00000000       0xa3 /usr/lib/gcc/msp430/4.6.3/mmpy-16/libgcc.a(_mulsi3.o)
 .debug_line    0x000000a3       0x9c /usr/lib/gcc/msp430/4.6.3/mmpy-16/libgcc.a(_udivmod8.o)
 .debug_line    0x0000013f       0x9c /usr/lib/gcc/msp430/4.6.3/mmpy-16/libgcc.a(_udivmod16.o)
 .debug_line    0x000001db       0xa7 /usr/lib/gcc/msp430/4.6.3/mmpy-16/libgcc.a(_divmod16.o)
 .debug_line    0x00000282       0xab /usr/lib/gcc/msp430/4.6.3/mmpy-16/libgcc.a(_udivmod32.o)
 .debug_line    0x0000032d       0x75 /usr/lib/gcc/msp430/4.6.3/../../../../msp430/lib/mmpy-16/libc.a(strncmp.o)
 .debug_line    0x000003a2       0x73 /usr/lib/gcc/msp430/4.6.3/../../../../msp430/lib/mmpy-16/libc.a(memcmp.o)
 .debug_line    0x00000415       0xe9 /usr/lib/gcc/msp430/4.6.3/../../../../msp430/lib/mmpy-16/libc.a(memcpy.o)
 .debug_line    0x000004fe       0xc8 /usr/lib/gcc/msp430/4.6.3/../../../../msp430/lib/mmpy-16/libc.a(memset.o)
 .debug_line    0x000005c6       0xbe /usr/lib/gcc/msp430/4.6.3/../../../../msp430/lib/mmpy-16/libc.a(malloc.o)
 .debug_line    0x00000684       0x72 /usr/lib/gcc/msp430/4.6.3/../../../../msp430/lib/mmpy-16/libc.a(printf.o)
 .debug_line    0x000006f6       0x9c /usr/lib/gcc/msp430/4.6.3/../../../../msp430/lib/mmpy-16/libc.a(sprintf.o)
 .debug_line    0x00000792      0x2d2 /usr/lib/gcc/msp430/4.6.3/../../../../msp430/lib/mmpy-16/libc.a(vuprintf.o)
 .debug_line    0x00000a64       0x4d /usr/lib/gcc/msp430/4.6.3/../../../../msp430/lib/mmpy-16/libc.a(puts.o)
 .debug_line    0x00000ab1       0x4f /usr/lib/gcc/msp430/4.6.3/../../../../msp430/lib/mmpy-16/libc.a(rand.o)
 .debug_line    0x00000b00       0xf1 /usr/lib/gcc/msp430/4.6.3/mmpy-16/libgcc.a(_udivmod64.o)
 .debug_line    0x00000bf1       0x84 /usr/lib/gcc/msp430/4.6.3/mmpy-16/libcrt0.a(__watchdog_support.o)
 .debug_line    0x00000c75       0x82 /usr/lib/gcc/msp430/4.6.3/mmpy-16/libcrt0.a(__init_stack.o)
 .debug_line    0x00000cf7       0x88 /usr/lib/gcc/msp430/4.6.3/mmpy-16/libcrt0.a(_copy_data.o)
 .debug_line    0x00000d7f       0x88 /usr/lib/gcc/msp430/4.6.3/mmpy-16/libcrt0.a(_clear_bss.o)
 .debug_line    0x00000e07       0x83 /usr/lib/gcc/msp430/4.6.3/mmpy-16/libcrt0.a(_endless_loop__.o)
 .debug_line    0x00000e8a       0x82 /usr/lib/gcc/msp430/4.6.3/mmpy-16/libcrt0.a(_unexpected_.o)

.debug_frame    0x00000000      0x2a6
 *(.debug_frame)
 .debug_frame   0x00000000       0x24 /usr/lib/gcc/msp430/4.6.3/../../../../msp430/lib/mmpy-16/libc.a(strncmp.o)
 .debug_frame   0x00000024       0x24 /usr/lib/gcc/msp430/4.6.3/../../../../msp430/lib/mmpy-16/libc.a(memcmp.o)
 .debug_frame   0x00000048       0x38 /usr/lib/gcc/msp430/4.6.3/../../../../msp430/lib/mmpy-16/libc.a(memcpy.o)
 .debug_frame   0x00000080       0x32 /usr/lib/gcc/msp430/4.6.3/../../../../msp430/lib/mmpy-16/libc.a(memset.o)
 .debug_frame   0x000000b2       0x52 /usr/lib/gcc/msp430/4.6.3/../../../../msp430/lib/mmpy-16/libc.a(malloc.o)
 .debug_frame   0x00000104       0x2a /usr/lib/gcc/msp430/4.6.3/../../../../msp430/lib/mmpy-16/libc.a(printf.o)
 .debug_frame   0x0000012e       0x68 /usr/lib/gcc/msp430/4.6.3/../../../../msp430/lib/mmpy-16/libc.a(sprintf.o)
 .debug_frame   0x00000196       0xb0 /usr/lib/gcc/msp430/4.6.3/../../../../msp430/lib/mmpy-16/libc.a(vuprintf.o)
 .debug_frame   0x00000246       0x24 /usr/lib/gcc/msp430/4.6.3/../../../../msp430/lib/mmpy-16/libc.a(puts.o)
 .debug_frame   0x0000026a       0x3c /usr/lib/gcc/msp430/4.6.3/../../../../msp430/lib/mmpy-16/libc.a(rand.o)

.debug_str      0x00000000      0x489
 *(.debug_str)
 .debug_str     0x00000000       0xc4 /usr/lib/gcc/msp430/4.6.3/../../../../msp430/lib/mmpy-16/libc.a(strncmp.o)
                                 0xfd (size before relaxing)
 .debug_str     0x000000c4       0x19 /usr/lib/gcc/msp430/4.6.3/../../../../msp430/lib/mmpy-16/libc.a(memcmp.o)
                                 0xfb (size before relaxing)
 .debug_str     0x000000dd       0x34 /usr/lib/gcc/msp430/4.6.3/../../../../msp430/lib/mmpy-16/libc.a(memcpy.o)
                                0x116 (size before relaxing)
 .debug_str     0x00000111       0x26 /usr/lib/gcc/msp430/4.6.3/../../../../msp430/lib/mmpy-16/libc.a(memset.o)
                                0x114 (size before relaxing)
 .debug_str     0x00000137       0x5b /usr/lib/gcc/msp430/4.6.3/../../../../msp430/lib/mmpy-16/libc.a(malloc.o)
                                0x142 (size before relaxing)
 .debug_str     0x00000192       0x40 /usr/lib/gcc/msp430/4.6.3/../../../../msp430/lib/mmpy-16/libc.a(printf.o)
                                0x12a (size before relaxing)
 .debug_str     0x000001d2       0x69 /usr/lib/gcc/msp430/4.6.3/../../../../msp430/lib/mmpy-16/libc.a(sprintf.o)
                                0x18f (size before relaxing)
 .debug_str     0x0000023b      0x20f /usr/lib/gcc/msp430/4.6.3/../../../../msp430/lib/mmpy-16/libc.a(vuprintf.o)
                                0x375 (size before relaxing)
 .debug_str     0x0000044a       0x15 /usr/lib/gcc/msp430/4.6.3/../../../../msp430/lib/mmpy-16/libc.a(puts.o)
                                 0xf0 (size before relaxing)
 .debug_str     0x0000045f       0x2a /usr/lib/gcc/msp430/4.6.3/../../../../msp430/lib/mmpy-16/libc.a(rand.o)
                                0x10f (size before relaxing)

.debug_loc      0x00000000      0xd0c
 *(.debug_loc)
 .debug_loc     0x00000000       0x38 /usr/lib/gcc/msp430/4.6.3/../../../../msp430/lib/mmpy-16/libc.a(strncmp.o)
 .debug_loc     0x00000038       0x5e /usr/lib/gcc/msp430/4.6.3/../../../../msp430/lib/mmpy-16/libc.a(memcmp.o)
 .debug_loc     0x00000096      0x1e9 /usr/lib/gcc/msp430/4.6.3/../../../../msp430/lib/mmpy-16/libc.a(memcpy.o)
 .debug_loc     0x0000027f       0xdb /usr/lib/gcc/msp430/4.6.3/../../../../msp430/lib/mmpy-16/libc.a(memset.o)
 .debug_loc     0x0000035a      0x12e /usr/lib/gcc/msp430/4.6.3/../../../../msp430/lib/mmpy-16/libc.a(malloc.o)
 .debug_loc     0x00000488       0x38 /usr/lib/gcc/msp430/4.6.3/../../../../msp430/lib/mmpy-16/libc.a(printf.o)
 .debug_loc     0x000004c0       0xeb /usr/lib/gcc/msp430/4.6.3/../../../../msp430/lib/mmpy-16/libc.a(sprintf.o)
 .debug_loc     0x000005ab      0x70c /usr/lib/gcc/msp430/4.6.3/../../../../msp430/lib/mmpy-16/libc.a(vuprintf.o)
 .debug_loc     0x00000cb7       0x26 /usr/lib/gcc/msp430/4.6.3/../../../../msp430/lib/mmpy-16/libc.a(puts.o)
 .debug_loc     0x00000cdd       0x2f /usr/lib/gcc/msp430/4.6.3/../../../../msp430/lib/mmpy-16/libc.a(rand.o)

.debug_macinfo
 *(.debug_macinfo)

.debug_pubtypes
 *(.debug_pubtypes)

.debug_ranges   0x00000000       0x18
 *(.debug_ranges)
 .debug_ranges  0x00000000       0x18 /usr/lib/gcc/msp430/4.6.3/../../../../msp430/lib/mmpy-16/libc.a(vuprintf.o)
                0x00003900                PROVIDE (__stack, (ORIGIN (ram) + 0x2800))
                0x0000aaa8                PROVIDE (__data_start_rom, _etext)
                0x0000ab28                PROVIDE (__data_end_rom, (_etext + SIZEOF (.data)))
OUTPUT(SENSORIAMENTO.sky elf32-msp430)
