Archive member included because of file (symbol)

contiki-sky.a(contiki-sky-pla)
                              obj_sky/contiki-sky-main.o (init_platform)
contiki-sky.a(sht11-sensor.o)
                              hello-world.co (sht11_sensor)
contiki-sky.a(light-sensor.o)
                              hello-world.co (light_sensor)
contiki-sky.a(battery-sensor.)
                              hello-world.co (battery_sensor)
contiki-sky.a(button-sensor.o)
                              contiki-sky.a(contiki-sky-pla) (button_sensor)
contiki-sky.a(ds2411.o)       obj_sky/contiki-sky-main.o (ds2411_init)
contiki-sky.a(xmem.o)         obj_sky/contiki-sky-main.o (xmem_init)
contiki-sky.a(node-id.o)      obj_sky/contiki-sky-main.o (node_id_restore)
contiki-sky.a(sensors.o)      contiki-sky.a(button-sensor.o) (sensors_changed)
contiki-sky.a(cc2420.o)       obj_sky/contiki-sky-main.o (cc2420_set_pan_addr)
contiki-sky.a(cc2420-arch.o)  contiki-sky.a(cc2420.o) (cc2420_arch_init)
contiki-sky.a(sky-sensors.o)  contiki-sky.a(light-sensor.o) (sky_sensors_status)
contiki-sky.a(uart1.o)        obj_sky/contiki-sky-main.o (uart1_active)
contiki-sky.a(uart1-putchar.o)
                              obj_sky/contiki-sky-main.o (putchar)
contiki-sky.a(msp430.o)       contiki-sky.a(uart1.o) (msp430_add_lpm_req)
contiki-sky.a(clock.o)        obj_sky/contiki-sky-main.o (clock_init)
contiki-sky.a(leds.o)         obj_sky/contiki-sky-main.o (leds_init)
contiki-sky.a(leds-arch.o)    contiki-sky.a(leds.o) (leds_arch_init)
contiki-sky.a(watchdog.o)     obj_sky/contiki-sky-main.o (watchdog_start)
contiki-sky.a(rtimer-arch.o)  obj_sky/contiki-sky-main.o (rtimer_arch_now)
contiki-sky.a(autostart.o)    obj_sky/contiki-sky-main.o (autostart_start)
contiki-sky.a(ctimer.o)       obj_sky/contiki-sky-main.o (ctimer_init)
contiki-sky.a(energest.o)     obj_sky/contiki-sky-main.o (energest_init)
contiki-sky.a(etimer.o)       contiki-sky.a(clock.o) (etimer_request_poll)
contiki-sky.a(process.o)      contiki-sky.a(ctimer.o) (process_current)
contiki-sky.a(rtimer.o)       obj_sky/contiki-sky-main.o (rtimer_init)
contiki-sky.a(timer.o)        obj_sky/contiki-sky-main.o (timer_set)
contiki-sky.a(list.o)         contiki-sky.a(ctimer.o) (list_init)
contiki-sky.a(random.o)       obj_sky/contiki-sky-main.o (random_init)
contiki-sky.a(sicslowpan.o)   obj_sky/contiki-sky-main.o (sicslowpan_driver)
contiki-sky.a(uip6.o)         contiki-sky.a(sicslowpan.o) (uip_aligned_buf)
contiki-sky.a(uip-ds6.o)      contiki-sky.a(uip6.o) (uip_ds6_is_addr_onlink)
contiki-sky.a(uip-ds6-nbr.o)  contiki-sky.a(uip-ds6.o) (uip_ds6_neighbors_init)
contiki-sky.a(uip-ds6-route.o)
                              contiki-sky.a(uip-ds6.o) (uip_ds6_route_init)
contiki-sky.a(uip-icmp6.o)    contiki-sky.a(uip6.o) (uip_icmp6_input)
contiki-sky.a(uip-nd6.o)      contiki-sky.a(uip6.o) (uip_nd6_init)
contiki-sky.a(tcpip.o)        contiki-sky.a(sicslowpan.o) (tcpip_set_outputfunc)
contiki-sky.a(uip-debug.o)    contiki-sky.a(uip-ds6-route.o) (uip_debug_ipaddr_print)
contiki-sky.a(rpl.o)          contiki-sky.a(uip-ds6-nbr.o) (rpl_link_neighbor_callback)
contiki-sky.a(rpl-dag.o)      contiki-sky.a(rpl.o) (default_instance)
contiki-sky.a(rpl-ext-header.)
                              contiki-sky.a(uip6.o) (rpl_verify_header)
contiki-sky.a(rpl-icmp6.o)    contiki-sky.a(rpl.o) (dao_output_target)
contiki-sky.a(rpl-mrhof.o)    contiki-sky.a(rpl.o) (rpl_mrhof)
contiki-sky.a(rpl-timers.o)   contiki-sky.a(rpl.o) (rpl_reset_periodic_timer)
contiki-sky.a(csma.o)         obj_sky/contiki-sky-main.o (csma_driver)
contiki-sky.a(framer-802154.o)
                              contiki-sky.a(sicslowpan.o) (framer_802154)
contiki-sky.a(framer.o)       contiki-sky.a(framer-802154.o) (framer_canonical_create_and_secure)
contiki-sky.a(mac.o)          contiki-sky.a(csma.o) (mac_call_sent_callback)
contiki-sky.a(linkaddr.o)     obj_sky/contiki-sky-main.o (linkaddr_copy)
contiki-sky.a(nbr-table.o)    contiki-sky.a(uip-ds6-nbr.o) (nbr_table_register)
contiki-sky.a(packetbuf.o)    contiki-sky.a(framer.o) (packetbuf_compact)
contiki-sky.a(queuebuf.o)     obj_sky/contiki-sky-main.o (queuebuf_init)
contiki-sky.a(contikimac.o)   obj_sky/contiki-sky-main.o (contikimac_driver)
contiki-sky.a(nullsec.o)      obj_sky/contiki-sky-main.o (nullsec_driver)
contiki-sky.a(sht11.o)        contiki-sky.a(sht11-sensor.o) (sht11_init)
contiki-sky.a(spi.o)          contiki-sky.a(xmem.o) (spi_init)
contiki-sky.a(compower.o)     contiki-sky.a(contikimac.o) (compower_accumulate)
contiki-sky.a(stimer.o)       contiki-sky.a(uip-ds6.o) (stimer_set)
contiki-sky.a(memb.o)         contiki-sky.a(uip-ds6-route.o) (memb_init)
contiki-sky.a(frame802154.o)  contiki-sky.a(framer-802154.o) (frame802154_hdrlen)
contiki-sky.a(mac-sequence.o)
                              contiki-sky.a(contikimac.o) (mac_sequence_is_duplicate)
/usr/lib/gcc/msp430/4.6.3/mmpy-16/libgcc.a(_mulsi3.o)
                              contiki-sky.a(rpl.o) (__mulsi3)
[...]
Memory Configuration

Name             Origin             Length             Attributes
sfr              0x00000000         0x00000010
peripheral_8bit  0x00000010         0x000000f0
peripheral_16bit 0x00000100         0x00000100
ram_mirror       0x00000200         0x00000800         xw
infomem          0x00001000         0x00000100
infob            0x00001000         0x00000080
infoa            0x00001080         0x00000080
ram              0x00001100         0x00002800         xw
rom              0x00004000         0x0000bfe0         xr
vectors          0x0000ffe0         0x00000020
bsl              0x00000000         0x00000000
infoc            0x00000000         0x00000000
infod            0x00000000         0x00000000
ram2             0x00000000         0x00000000         xw
usbram           0x00000000         0x00000000         xw
far_rom          0x00000000         0x00000000
*default*        0x00000000         0xffffffff

Linker script and memory map

LOAD /usr/lib/gcc/msp430/4.6.3/mmpy-16/crt0ivtbl16.o
LOAD hello-world.co
LOAD obj_sky/contiki-sky-main.o
LOAD contiki-sky.a
LOAD /usr/lib/gcc/msp430/4.6.3/mmpy-16/libgcc.a
LOAD /usr/lib/gcc/msp430/4.6.3/../../../../msp430/lib/mmpy-16/libc.a
LOAD /usr/lib/gcc/msp430/4.6.3/mmpy-16/libgcc.a
LOAD /usr/lib/gcc/msp430/4.6.3/mmpy-16/libcrt0.a
                0x00000080                PROVIDE (__info_segment_size, 0x80)
                0x00001000                PROVIDE (__infob, 0x1000)
                0x00001080                PROVIDE (__infoa, 0x1080)
                0x00000000                __IE1 = 0x0
                0x00000002                __IFG1 = 0x2
                0x00000004                __ME1 = 0x4
                0x00000001                __IE2 = 0x1
                0x00000003                __IFG2 = 0x3
                0x00000005                __ME2 = 0x5
                0x00000120                __WDTCTL = 0x120
                0x00000130                __MPY = 0x130
                0x00000132                __MPYS = 0x132
                0x00000134                __MAC = 0x134
                0x00000136                __MACS = 0x136
                0x00000138                __OP2 = 0x138
                0x0000013a                __RESLO = 0x13a
                0x0000013c                __RESHI = 0x13c
                0x0000013e                __SUMEXT = 0x13e
                0x00000020                __P1IN = 0x20
                0x00000021                __P1OUT = 0x21
                0x00000022                __P1DIR = 0x22
                0x00000023                __P1IFG = 0x23
                0x00000024                __P1IES = 0x24
                0x00000025                __P1IE = 0x25
                0x00000026                __P1SEL = 0x26
                0x00000028                __P2IN = 0x28
                0x00000029                __P2OUT = 0x29
                0x0000002a                __P2DIR = 0x2a
                0x0000002b                __P2IFG = 0x2b
                0x0000002c                __P2IES = 0x2c
                0x0000002d                __P2IE = 0x2d
                0x0000002e                __P2SEL = 0x2e
                0x00000018                __P3IN = 0x18
                0x00000019                __P3OUT = 0x19
                0x0000001a                __P3DIR = 0x1a
                0x0000001b                __P3SEL = 0x1b
                0x0000001c                __P4IN = 0x1c
                0x0000001d                __P4OUT = 0x1d
                0x0000001e                __P4DIR = 0x1e
                0x0000001f                __P4SEL = 0x1f
                0x00000030                __P5IN = 0x30
                0x00000031                __P5OUT = 0x31
                0x00000032                __P5DIR = 0x32
                0x00000033                __P5SEL = 0x33
                0x00000034                __P6IN = 0x34
                0x00000035                __P6OUT = 0x35
                0x00000036                __P6DIR = 0x36
                0x00000037                __P6SEL = 0x37
                0x00000070                __U0CTL = 0x70
                0x00000071                __U0TCTL = 0x71
                0x00000072                __U0RCTL = 0x72
                0x00000073                __U0MCTL = 0x73
                0x00000074                __U0BR0 = 0x74
                0x00000075                __U0BR1 = 0x75
                0x00000076                __U0RXBUF = 0x76
                0x00000077                __U0TXBUF = 0x77
                0x00000078                __U1CTL = 0x78
                0x00000079                __U1TCTL = 0x79
                0x0000007a                __U1RCTL = 0x7a
                0x0000007b                __U1MCTL = 0x7b
                0x0000007c                __U1BR0 = 0x7c
                0x0000007d                __U1BR1 = 0x7d
                0x0000007e                __U1RXBUF = 0x7e
                0x0000007f                __U1TXBUF = 0x7f
                0x00000050                __I2CIE = 0x50
                0x00000051                __I2CIFG = 0x51
                0x00000052                __I2CNDAT = 0x52
                0x00000071                __I2CTCTL = 0x71
                0x00000072                __I2CDCTL = 0x72
                0x00000073                __I2CPSC = 0x73
                0x00000074                __I2CSCLH = 0x74
                0x00000075                __I2CSCLL = 0x75
                0x00000076                __I2CDRB = 0x76
                0x00000076                __I2CDRW = 0x76
                0x00000118                __I2COA = 0x118
                0x0000011a                __I2CSA = 0x11a
                0x0000011c                __I2CIV = 0x11c
                0x0000012e                __TAIV = 0x12e
                0x00000160                __TACTL = 0x160
                0x00000162                __TACCTL0 = 0x162
                0x00000164                __TACCTL1 = 0x164
                0x00000166                __TACCTL2 = 0x166
                0x00000170                __TAR = 0x170
                0x00000172                __TACCR0 = 0x172
                0x00000174                __TACCR1 = 0x174
                0x00000176                __TACCR2 = 0x176
                0x0000011e                __TBIV = 0x11e
                0x00000180                __TBCTL = 0x180
                0x00000182                __TBCCTL0 = 0x182
                0x00000184                __TBCCTL1 = 0x184
                0x00000186                __TBCCTL2 = 0x186
                0x00000188                __TBCCTL3 = 0x188
                0x0000018a                __TBCCTL4 = 0x18a
                0x0000018c                __TBCCTL5 = 0x18c
                0x0000018e                __TBCCTL6 = 0x18e
                0x00000190                __TBR = 0x190
                0x00000192                __TBCCR0 = 0x192
                0x00000194                __TBCCR1 = 0x194
                0x00000196                __TBCCR2 = 0x196
                0x00000198                __TBCCR3 = 0x198
                0x0000019a                __TBCCR4 = 0x19a
                0x0000019c                __TBCCR5 = 0x19c
                0x0000019e                __TBCCR6 = 0x19e
                0x00000056                __DCOCTL = 0x56
                0x00000057                __BCSCTL1 = 0x57
                0x00000058                __BCSCTL2 = 0x58
                0x00000055                __SVSCTL = 0x55
                0x00000128                __FCTL1 = 0x128
                0x0000012a                __FCTL2 = 0x12a
                0x0000012c                __FCTL3 = 0x12c
                0x00000059                __CACTL1 = 0x59
                0x0000005a                __CACTL2 = 0x5a
                0x0000005b                __CAPD = 0x5b
                0x000001a0                __ADC12CTL0 = 0x1a0
                0x000001a2                __ADC12CTL1 = 0x1a2
                0x000001a4                __ADC12IFG = 0x1a4
                0x000001a6                __ADC12IE = 0x1a6
                0x000001a8                __ADC12IV = 0x1a8
                0x00000140                __ADC12MEM0 = 0x140
                0x00000142                __ADC12MEM1 = 0x142
                0x00000144                __ADC12MEM2 = 0x144
                0x00000146                __ADC12MEM3 = 0x146
                0x00000148                __ADC12MEM4 = 0x148
                0x0000014a                __ADC12MEM5 = 0x14a
                0x0000014c                __ADC12MEM6 = 0x14c
                0x0000014e                __ADC12MEM7 = 0x14e
                0x00000150                __ADC12MEM8 = 0x150
                0x00000152                __ADC12MEM9 = 0x152
                0x00000154                __ADC12MEM10 = 0x154
                0x00000156                __ADC12MEM11 = 0x156
                0x00000158                __ADC12MEM12 = 0x158
                0x0000015a                __ADC12MEM13 = 0x15a
                0x0000015c                __ADC12MEM14 = 0x15c
                0x0000015e                __ADC12MEM15 = 0x15e
                0x00000080                __ADC12MCTL0 = 0x80
                0x00000081                __ADC12MCTL1 = 0x81
                0x00000082                __ADC12MCTL2 = 0x82
                0x00000083                __ADC12MCTL3 = 0x83
                0x00000084                __ADC12MCTL4 = 0x84
                0x00000085                __ADC12MCTL5 = 0x85
                0x00000086                __ADC12MCTL6 = 0x86
                0x00000087                __ADC12MCTL7 = 0x87
                0x00000088                __ADC12MCTL8 = 0x88
                0x00000089                __ADC12MCTL9 = 0x89
                0x0000008a                __ADC12MCTL10 = 0x8a
                0x0000008b                __ADC12MCTL11 = 0x8b
                0x0000008c                __ADC12MCTL12 = 0x8c
                0x0000008d                __ADC12MCTL13 = 0x8d
                0x0000008e                __ADC12MCTL14 = 0x8e
                0x0000008f                __ADC12MCTL15 = 0x8f
                0x000001c0                __DAC12_0CTL = 0x1c0
                0x000001c2                __DAC12_1CTL = 0x1c2
                0x000001c8                __DAC12_0DAT = 0x1c8
                0x000001ca                __DAC12_1DAT = 0x1ca
                0x00000122                __DMACTL0 = 0x122
                0x00000124                __DMACTL1 = 0x124
                0x000001e0                __DMA0CTL = 0x1e0
                0x000001e8                __DMA1CTL = 0x1e8
                0x000001f0                __DMA2CTL = 0x1f0
                0x000001e2                __DMA0SA = 0x1e2
                0x000001e4                __DMA0DA = 0x1e4
                0x000001e6                __DMA0SZ = 0x1e6
                0x000001ea                __DMA1SA = 0x1ea
                0x000001ec                __DMA1DA = 0x1ec
                0x000001ee                __DMA1SZ = 0x1ee
                0x000001f2                __DMA2SA = 0x1f2
                0x000001f4                __DMA2DA = 0x1f4
                0x000001f6                __DMA2SZ = 0x1f6

.hash
 *(.hash)

.dynsym
 *(.dynsym)

.dynstr
 *(.dynstr)

.gnu.version
 *(.gnu.version)

.gnu.version_d
 *(.gnu.version_d)

.gnu.version_r
 *(.gnu.version_r)

.rel.init
 *(.rel.init)

.rela.init
 *(.rela.init)

.rel.fini
 *(.rel.fini)

.rela.fini
 *(.rela.fini)

.rel.text
 *(.rel.text .rel.text.* .rel.gnu.linkonce.t.*)

.rela.text
 *(.rela.text .rela.text.* .rela.gnu.linkonce.t.*)

.rel.rodata
 *(.rel.rodata .rel.rodata.* .rel.gnu.linkonce.r.*)

.rela.rodata
 *(.rela.rodata .rela.rodata.* .rela.gnu.linkonce.r.*)

.rel.data
 *(.rel.data .rel.data.* .rel.gnu.linkonce.d.*)

.rela.data
 *(.rela.data .rela.data.* .rela.gnu.linkonce.d.*)

.rel.bss
 *(.rel.bss .rel.bss.* .rel.gnu.linkonce.b.*)

.rela.bss
 *(.rela.bss .rela.bss.* .rela.gnu.linkonce.b.*)

.rel.ctors
 *(.rel.ctors)

.rela.ctors
 *(.rela.ctors)

.rel.dtors
 *(.rel.dtors)

.rela.dtors
 *(.rela.dtors)

.rel.got
 *(.rel.got)

.rela.got
 *(.rela.got)

.rel.plt
 *(.rel.plt)

.rela.plt
 *(.rela.plt)

.text           0x00004000     0xaaae
                0x00004000                . = ALIGN (0x2)
 *(.init .init.*)
 *(.init0)
 .init0         0x00004000        0x0 /usr/lib/gcc/msp430/4.6.3/mmpy-16/libcrt0.a(_reset_vector__.o)
                0x00004000                _reset_vector__
 *(.init1)
 .init1         0x00004000        0xc /usr/lib/gcc/msp430/4.6.3/mmpy-16/libcrt0.a(__watchdog_support.o)
                0x00004000                __watchdog_support
 *(.init2)
 .init2         0x0000400c        0x4 /usr/lib/gcc/msp430/4.6.3/mmpy-16/libcrt0.a(__init_stack.o)
                0x0000400c                __init_stack
 *(.init3)
 .init3         0x00004010        0x0 /usr/lib/gcc/msp430/4.6.3/mmpy-16/libcrt0.a(__low_level_init.o)
                0x00004010                __low_level_init
 *(.init4)
 .init4         0x00004010       0x18 /usr/lib/gcc/msp430/4.6.3/mmpy-16/libcrt0.a(_copy_data.o)
                0x00004010                __do_copy_data
 .init4         0x00004028       0x16 /usr/lib/gcc/msp430/4.6.3/mmpy-16/libcrt0.a(_clear_bss.o)
                0x00004028                __do_clear_bss
 *(.init5)
 *(.init6)
 *(.init7)
 *(.init8)
 *(.init9)
 .init9         0x0000403e      0x2d8 obj_sky/contiki-sky-main.o
                0x0000403e                main
 *(.fini9)
 .fini9         0x00004316        0x0 /usr/lib/gcc/msp430/4.6.3/mmpy-16/libcrt0.a(__stop_progExec__.o)
                0x00004316                __stop_progExec__
 *(.fini8)
 *(.fini7)
 *(.fini6)
 *(.fini5)
 *(.fini4)
 *(.fini3)
 *(.fini2)
 *(.fini1)
 *(.fini0)
 .fini0         0x00004316        0x6 /usr/lib/gcc/msp430/4.6.3/mmpy-16/libcrt0.a(_endless_loop__.o)
                0x00004316                _endless_loop__
 *(.fini .fini.*)
                0x0000431c                . = ALIGN (0x2)
                0x0000431c                __ctors_start = .
 *(.ctors)
                0x0000431c                __ctors_end = .
                0x0000431c                __dtors_start = .
 *(.dtors)
                0x0000431c                __dtors_end = .
                0x0000431c                . = ALIGN (0x2)
 *(.text .text.* .gnu.linkonce.t.*)
 .text          0x0000431c        0x4 /usr/lib/gcc/msp430/4.6.3/mmpy-16/crt0ivtbl16.o
                0x0000431c                __isr_14
                0x0000431c                __isr_11
                0x0000431c                __isr_2
                0x0000431c                __isr_7
                0x0000431c                __isr_0
                0x0000431c                __isr_8
                0x0000431c                __isr_3
                0x0000431c                __isr_12
                0x0000431c                __isr_13
                0x0000431c                __isr_9
 .text.get_light
                0x00004320       0x1a hello-world.co
 .text.process_thread_hello_world_process
                0x0000433a      0x19c hello-world.co
 .text.start_network_layer
                0x000044d6       0xa2 obj_sky/contiki-sky-main.o
 .text.init_platform
                0x00004578        0xc contiki-sky.a(contiki-sky-pla)
                0x00004578                init_platform
 .text.status   0x00004584       0x18 contiki-sky.a(sht11-sensor.o)
 .text.configure
                0x0000459c       0x40 contiki-sky.a(sht11-sensor.o)
 .text.value    0x000045dc       0x2e contiki-sky.a(sht11-sensor.o)
 .text.value    0x0000460a       0x1a contiki-sky.a(light-sensor.o)
 .text.status   0x00004624        0xc contiki-sky.a(light-sensor.o)
 .text.configure
                0x00004630       0x10 contiki-sky.a(light-sensor.o)
 .text.value    0x00004640        0x6 contiki-sky.a(battery-sensor.)
 .text.status   0x00004646        0xc contiki-sky.a(battery-sensor.)
 .text.configure
                0x00004652       0x12 contiki-sky.a(battery-sensor.)
 .text.status   0x00004664       0x16 contiki-sky.a(button-sensor.o)
 .text.configure
                0x0000467a       0x52 contiki-sky.a(button-sensor.o)
 .text.value    0x000046cc       0x22 contiki-sky.a(button-sensor.o)
 .text.irq_p2   0x000046ee       0x8a contiki-sky.a(button-sensor.o)
                0x000046ee                irq_p2
                0x000046ee                __isr_1
 .text.owreadb  0x00004778       0x52 contiki-sky.a(ds2411.o)
 .text.ds2411_init
                0x000047ca      0x122 contiki-sky.a(ds2411.o)
                0x000047ca                ds2411_init
 .text.wait_ready
                0x000048ec       0x50 contiki-sky.a(xmem.o)
 .text.xmem_init
                0x0000493c       0x3e contiki-sky.a(xmem.o)
                0x0000493c                xmem_init
 .text.xmem_pread
                0x0000497a       0xea contiki-sky.a(xmem.o)
                0x0000497a                xmem_pread
 .text.node_id_restore
                0x00004a64       0x38 contiki-sky.a(node-id.o)
                0x00004a64                node_id_restore
 .text.process_thread_sensors_process
                0x00004a9c       0xbe contiki-sky.a(sensors.o)
 .text.sensors_changed
                0x00004b5a       0x2a contiki-sky.a(sensors.o)
                0x00004b5a                sensors_changed
 .text.get_object
                0x00004b84        0x4 contiki-sky.a(cc2420.o)
 .text.set_object
                0x00004b88        0x4 contiki-sky.a(cc2420.o)
 .text.strobe   0x00004b8c       0x20 contiki-sky.a(cc2420.o)
 .text.getreg   0x00004bac       0x54 contiki-sky.a(cc2420.o)
 .text.setreg   0x00004c00       0x52 contiki-sky.a(cc2420.o)
 .text.write_ram
                0x00004c52       0x80 contiki-sky.a(cc2420.o)
 .text.write_fifo_buf
                0x00004cd2       0x40 contiki-sky.a(cc2420.o)
 .text.get_status
                0x00004d12       0x24 contiki-sky.a(cc2420.o)
 .text.set_txpower
                0x00004d36       0x26 contiki-sky.a(cc2420.o)
 .text.cc2420_receiving_packet
                0x00004d5c        0xe contiki-sky.a(cc2420.o)
 .text.pending_packet
                0x00004d6a        0x8 contiki-sky.a(cc2420.o)
 .text.on       0x00004d72       0x1e contiki-sky.a(cc2420.o)
 .text.wait_for_transmission
                0x00004d90       0x22 contiki-sky.a(cc2420.o)
 .text.wait_for_status
                0x00004db2       0x2a contiki-sky.a(cc2420.o)
 .text.getrxdata
                0x00004ddc       0x56 contiki-sky.a(cc2420.o)
 .text.flushrx  0x00004e32       0x1a contiki-sky.a(cc2420.o)
 .text.off      0x00004e4c       0x5a contiki-sky.a(cc2420.o)
 .text.RELEASE_LOCK
                0x00004ea6       0x28 contiki-sky.a(cc2420.o)
 .text.set_key  0x00004ece       0x18 contiki-sky.a(cc2420.o)
 .text.cc2420_prepare
                0x00004ee6       0x3c contiki-sky.a(cc2420.o)
 .text.cc2420_on
                0x00004f22       0x22 contiki-sky.a(cc2420.o)
                0x00004f22                cc2420_on
 .text.cc2420_off
                0x00004f44       0x30 contiki-sky.a(cc2420.o)
                0x00004f44                cc2420_off
 .text.cc2420_cca
                0x00004f74       0x5e contiki-sky.a(cc2420.o)
 .text.cc2420_read
                0x00004fd2       0xb0 contiki-sky.a(cc2420.o)
 .text.process_thread_cc2420_process
                0x00005082       0x50 contiki-sky.a(cc2420.o)
 .text.encrypt  0x000050d2       0x8e contiki-sky.a(cc2420.o)
 .text.cc2420_set_channel
                0x00005160       0x3c contiki-sky.a(cc2420.o)
                0x00005160                cc2420_set_channel
 .text.cc2420_set_pan_addr
                0x0000519c       0x4c contiki-sky.a(cc2420.o)
                0x0000519c                cc2420_set_pan_addr
 .text.cc2420_interrupt
                0x000051e8       0x18 contiki-sky.a(cc2420.o)
                0x000051e8                cc2420_interrupt
 .text.cc2420_set_txpower
                0x00005200        0xe contiki-sky.a(cc2420.o)
                0x00005200                cc2420_set_txpower
 .text.cc2420_get_txpower
                0x0000520e       0x1e contiki-sky.a(cc2420.o)
                0x0000520e                cc2420_get_txpower
 .text.cc2420_transmit
                0x0000522c      0x10e contiki-sky.a(cc2420.o)
 .text.cc2420_send
                0x0000533a       0x12 contiki-sky.a(cc2420.o)
 .text.cc2420_rssi
                0x0000534c       0x4c contiki-sky.a(cc2420.o)
                0x0000534c                cc2420_rssi
 .text.get_value
                0x00005398       0xac contiki-sky.a(cc2420.o)
 .text.cc2420_set_cca_threshold
                0x00005444       0x16 contiki-sky.a(cc2420.o)
                0x00005444                cc2420_set_cca_threshold
 .text.set_value
                0x0000545a       0x8a contiki-sky.a(cc2420.o)
 .text.cc2420_init
                0x000054e4       0xde contiki-sky.a(cc2420.o)
                0x000054e4                cc2420_init
 .text.cc2420_port1_interrupt
                0x000055c2       0x62 contiki-sky.a(cc2420-arch.o)
                0x000055c2                __isr_4
                0x000055c2                cc2420_port1_interrupt
 .text.cc2420_arch_init
                0x00005624       0x1a contiki-sky.a(cc2420-arch.o)
                0x00005624                cc2420_arch_init
 .text.sky_sensors_status
                0x0000563e       0x42 contiki-sky.a(sky-sensors.o)
                0x0000563e                sky_sensors_status
 .text.sky_sensors_configure
                0x00005680       0xfc contiki-sky.a(sky-sensors.o)
                0x00005680                sky_sensors_configure
 .text.uart1_active
                0x0000577c       0x1a contiki-sky.a(uart1.o)
                0x0000577c                uart1_active
 .text.uart1_writeb
                0x00005796       0x1a contiki-sky.a(uart1.o)
                0x00005796                uart1_writeb
 .text.uart1_init
                0x000057b0       0xf6 contiki-sky.a(uart1.o)
                0x000057b0                uart1_init
 .text.putchar  0x000058a6       0x10 contiki-sky.a(uart1-putchar.o)
                0x000058a6                putchar
 .text.msp430_init_dco
                0x000058b6       0x84 contiki-sky.a(msp430.o)
                0x000058b6                msp430_init_dco
 .text.msp430_add_lpm_req
                0x0000593a        0xc contiki-sky.a(msp430.o)
                0x0000593a                msp430_add_lpm_req
 .text.msp430_cpu_init
                0x00005946       0x2a contiki-sky.a(msp430.o)
                0x00005946                msp430_cpu_init
 .text.splhigh_
                0x00005970        0x8 contiki-sky.a(msp430.o)
                0x00005970                splhigh_
 .text.msp430_sync_dco
                0x00005978       0x68 contiki-sky.a(msp430.o)
                0x00005978                msp430_sync_dco
 .text.timera1  0x000059e0      0x11e contiki-sky.a(clock.o)
                0x000059e0                __isr_5
                0x000059e0                timera1
 .text.clock_time
                0x00005afe       0x1a contiki-sky.a(clock.o)
                0x00005afe                clock_time
 .text.clock_init
                0x00005b18       0x28 contiki-sky.a(clock.o)
                0x00005b18                clock_init
 .text.clock_delay
                0x00005b40        0xc contiki-sky.a(clock.o)
                0x00005b40                clock_delay
 .text.clock_wait
                0x00005b4c       0x34 contiki-sky.a(clock.o)
                0x00005b4c                clock_wait
 .text.clock_seconds
                0x00005b80       0x1a contiki-sky.a(clock.o)
                0x00005b80                clock_seconds
 .text.show_leds
                0x00005b9a       0xf6 contiki-sky.a(leds.o)
 .text.leds_init
                0x00005c90        0xa contiki-sky.a(leds.o)
                0x00005c90                leds_init
 .text.leds_on  0x00005c9a        0xa contiki-sky.a(leds.o)
                0x00005c9a                leds_on
 .text.leds_off
                0x00005ca4        0xe contiki-sky.a(leds.o)
                0x00005ca4                leds_off
 .text.leds_arch_init
                0x00005cb2        0xe contiki-sky.a(leds-arch.o)
                0x00005cb2                leds_arch_init
 .text.leds_arch_set
                0x00005cc0       0x3a contiki-sky.a(leds-arch.o)
                0x00005cc0                leds_arch_set
 .text.watchdog_interrupt
                0x00005cfa        0x6 contiki-sky.a(watchdog.o)
                0x00005cfa                __isr_10
                0x00005cfa                watchdog_interrupt
 .text.watchdog_start
                0x00005d00       0x14 contiki-sky.a(watchdog.o)
                0x00005d00                watchdog_start
 .text.watchdog_periodic
                0x00005d14       0x12 contiki-sky.a(watchdog.o)
                0x00005d14                watchdog_periodic
 .text.watchdog_stop
                0x00005d26       0x16 contiki-sky.a(watchdog.o)
                0x00005d26                watchdog_stop
 .text.watchdog_init
                0x00005d3c       0x14 contiki-sky.a(watchdog.o)
                0x00005d3c                watchdog_init
 .text.rtimer_arch_init
                0x00005d50        0xe contiki-sky.a(rtimer-arch.o)
                0x00005d50                rtimer_arch_init
 .text.rtimer_arch_now
                0x00005d5e        0xe contiki-sky.a(rtimer-arch.o)
                0x00005d5e                rtimer_arch_now
 .text.timera0  0x00005d6c       0x70 contiki-sky.a(rtimer-arch.o)
                0x00005d6c                __isr_6
                0x00005d6c                timera0
 .text.rtimer_arch_schedule
                0x00005ddc        0x6 contiki-sky.a(rtimer-arch.o)
                0x00005ddc                rtimer_arch_schedule
 .text.autostart_start
                0x00005de2       0x16 contiki-sky.a(autostart.o)
                0x00005de2                autostart_start
 .text.process_thread_ctimer_process
                0x00005df8       0xa4 contiki-sky.a(ctimer.o)
 .text.ctimer_init
                0x00005e9c       0x18 contiki-sky.a(ctimer.o)
                0x00005e9c                ctimer_init
 .text.ctimer_set
                0x00005eb4       0x50 contiki-sky.a(ctimer.o)
                0x00005eb4                ctimer_set
 .text.ctimer_reset
                0x00005f04       0x30 contiki-sky.a(ctimer.o)
                0x00005f04                ctimer_reset
 .text.ctimer_stop
                0x00005f34       0x28 contiki-sky.a(ctimer.o)
                0x00005f34                ctimer_stop
 .text.energest_init
                0x00005f5c       0x28 contiki-sky.a(energest.o)
                0x00005f5c                energest_init
 .text.energest_type_time
                0x00005f84       0x46 contiki-sky.a(energest.o)
                0x00005f84                energest_type_time
 .text.energest_type_set
                0x00005fca        0xe contiki-sky.a(energest.o)
                0x00005fca                energest_type_set
 .text.energest_flush
                0x00005fd8       0x48 contiki-sky.a(energest.o)
                0x00005fd8                energest_flush
 .text.update_time
                0x00006020       0x78 contiki-sky.a(etimer.o)
 .text.etimer_request_poll
                0x00006098        0xa contiki-sky.a(etimer.o)
                0x00006098                etimer_request_poll
 .text.process_thread_etimer_process
                0x000060a2       0xc8 contiki-sky.a(etimer.o)
 .text.add_timer
                0x0000616a       0x40 contiki-sky.a(etimer.o)
 .text.etimer_set
                0x000061aa       0x12 contiki-sky.a(etimer.o)
                0x000061aa                etimer_set
 .text.etimer_reset
                0x000061bc       0x12 contiki-sky.a(etimer.o)
                0x000061bc                etimer_reset
 .text.etimer_restart
                0x000061ce       0x12 contiki-sky.a(etimer.o)
                0x000061ce                etimer_restart
 .text.etimer_expired
                0x000061e0        0xe contiki-sky.a(etimer.o)
                0x000061e0                etimer_expired
 .text.etimer_expiration_time
                0x000061ee       0x14 contiki-sky.a(etimer.o)
                0x000061ee                etimer_expiration_time
 .text.etimer_pending
                0x00006202        0xc contiki-sky.a(etimer.o)
                0x00006202                etimer_pending
 .text.etimer_next_expiration_time
                0x0000620e       0x16 contiki-sky.a(etimer.o)
                0x0000620e                etimer_next_expiration_time
 .text.etimer_stop
                0x00006224       0x3c contiki-sky.a(etimer.o)
                0x00006224                etimer_stop
 .text.call_process
                0x00006260       0x4a contiki-sky.a(process.o)
 .text.exit_process
                0x000062aa       0x96 contiki-sky.a(process.o)
 .text.do_poll  0x00006340       0x30 contiki-sky.a(process.o)
 .text.process_alloc_event
                0x00006370        0xe contiki-sky.a(process.o)
                0x00006370                process_alloc_event
 .text.process_init
                0x0000637e       0x1c contiki-sky.a(process.o)
                0x0000637e                process_init
 .text.process_run
                0x0000639a       0xa2 contiki-sky.a(process.o)
                0x0000639a                process_run
 .text.process_nevents
                0x0000643c        0xe contiki-sky.a(process.o)
                0x0000643c                process_nevents
 .text.process_post
                0x0000644a       0x54 contiki-sky.a(process.o)
                0x0000644a                process_post
 .text.process_post_synch
                0x0000649e       0x12 contiki-sky.a(process.o)
                0x0000649e                process_post_synch
 .text.process_start
                0x000064b0       0x32 contiki-sky.a(process.o)
                0x000064b0                process_start
 .text.process_poll
                0x000064e2       0x18 contiki-sky.a(process.o)
                0x000064e2                process_poll
 .text.rtimer_init
                0x000064fa        0x6 contiki-sky.a(rtimer.o)
                0x000064fa                rtimer_init
 .text.rtimer_set
                0x00006500       0x24 contiki-sky.a(rtimer.o)
                0x00006500                rtimer_set
 .text.rtimer_run_next
                0x00006524       0x26 contiki-sky.a(rtimer.o)
                0x00006524                rtimer_run_next
 .text.timer_set
                0x0000654a       0x1c contiki-sky.a(timer.o)
                0x0000654a                timer_set
 .text.timer_reset
                0x00006566        0xe contiki-sky.a(timer.o)
                0x00006566                timer_reset
 .text.timer_restart
                0x00006574       0x14 contiki-sky.a(timer.o)
                0x00006574                timer_restart
 .text.timer_expired
                0x00006588       0x2a contiki-sky.a(timer.o)
                0x00006588                timer_expired
 .text.list_init
                0x000065b2        0x6 contiki-sky.a(list.o)
                0x000065b2                list_init
 .text.list_head
                0x000065b8        0x4 contiki-sky.a(list.o)
                0x000065b8                list_head
 .text.list_tail
                0x000065bc       0x12 contiki-sky.a(list.o)
                0x000065bc                list_tail
 .text.list_remove
                0x000065ce       0x34 contiki-sky.a(list.o)
                0x000065ce                list_remove
 .text.list_push
                0x00006602       0x1a contiki-sky.a(list.o)
                0x00006602                list_push
 .text.list_add
                0x0000661c       0x2a contiki-sky.a(list.o)
                0x0000661c                list_add
 .text.list_length
                0x00006646       0x10 contiki-sky.a(list.o)
                0x00006646                list_length
 .text.list_item_next
                0x00006656        0xc contiki-sky.a(list.o)
                0x00006656                list_item_next
 .text.random_init
                0x00006662        0x6 contiki-sky.a(random.o)
                0x00006662                random_init
 .text.random_rand
                0x00006668        0x6 contiki-sky.a(random.o)
                0x00006668                random_rand
 .text.set_packet_attrs
                0x0000666e       0x44 contiki-sky.a(sicslowpan.o)
 .text.addr_context_lookup_by_number
                0x000066b2       0x36 contiki-sky.a(sicslowpan.o)
 .text.compress_addr_64
                0x000066e8       0xae contiki-sky.a(sicslowpan.o)
 .text.uncompress_addr
                0x00006796       0xb4 contiki-sky.a(sicslowpan.o)
 .text.input    0x0000684a      0x65c contiki-sky.a(sicslowpan.o)
 .text.sicslowpan_init
                0x00006ea6       0x26 contiki-sky.a(sicslowpan.o)
                0x00006ea6                sicslowpan_init
 .text.addr_context_lookup_by_prefix
                0x00006ecc       0x4c contiki-sky.a(sicslowpan.o)
 .text.send_packet
                0x00006f18       0x1a contiki-sky.a(sicslowpan.o)
 .text.output   0x00006f32      0x6da contiki-sky.a(sicslowpan.o)
 .text.packet_sent
                0x0000760c       0x22 contiki-sky.a(sicslowpan.o)
 .text.chksum   0x0000762e       0x32 contiki-sky.a(uip6.o)
 .text.upper_layer_chksum
                0x00007660       0x56 contiki-sky.a(uip6.o)
 .text.ext_hdr_options_process
                0x000076b6       0xda contiki-sky.a(uip6.o)
 .text.uip_add32
                0x00007790       0x68 contiki-sky.a(uip6.o)
                0x00007790                uip_add32
 .text.unlikely.uip_add_rcv_nxt
                0x000077f8       0x2e contiki-sky.a(uip6.o)
 .text.uip_icmp6chksum
                0x00007826        0xa contiki-sky.a(uip6.o)
                0x00007826                uip_icmp6chksum
 .text.uip_tcpchksum
                0x00007830        0xa contiki-sky.a(uip6.o)
                0x00007830                uip_tcpchksum
 .text.uip_udpchksum
                0x0000783a        0xa contiki-sky.a(uip6.o)
                0x0000783a                uip_udpchksum
 .text.uip_init
                0x00007844       0x7a contiki-sky.a(uip6.o)
                0x00007844                uip_init
 .text.remove_ext_hdr
                0x000078be       0x5a contiki-sky.a(uip6.o)
                0x000078be                remove_ext_hdr
 .text.uip_unlisten
                0x00007918       0x2a contiki-sky.a(uip6.o)
                0x00007918                uip_unlisten
 .text.uip_process
                0x00007942      0xe9e contiki-sky.a(uip6.o)
                0x00007942                uip_process
 .text.uip_htonl
                0x000087e0       0x2e contiki-sky.a(uip6.o)
                0x000087e0                uip_htonl
 .text.uip_ds6_list_loop
                0x0000880e       0x86 contiki-sky.a(uip-ds6.o)
                0x0000880e                uip_ds6_list_loop
 .text.uip_ds6_prefix_add
                0x00008894       0x80 contiki-sky.a(uip-ds6.o)
                0x00008894                uip_ds6_prefix_add
 .text.uip_ds6_is_addr_onlink
                0x00008914       0x54 contiki-sky.a(uip-ds6.o)
                0x00008914                uip_ds6_is_addr_onlink
 .text.uip_ds6_addr_lookup
                0x00008968       0x2a contiki-sky.a(uip-ds6.o)
                0x00008968                uip_ds6_addr_lookup
 .text.uip_ds6_get_link_local
                0x00008992       0x3e contiki-sky.a(uip-ds6.o)
                0x00008992                uip_ds6_get_link_local
 .text.uip_ds6_maddr_add
                0x000089d0       0x4c contiki-sky.a(uip-ds6.o)
                0x000089d0                uip_ds6_maddr_add
 .text.uip_ds6_addr_add
                0x00008a1c       0xc4 contiki-sky.a(uip-ds6.o)
                0x00008a1c                uip_ds6_addr_add
 .text.uip_ds6_maddr_lookup
                0x00008ae0       0x2a contiki-sky.a(uip-ds6.o)
                0x00008ae0                uip_ds6_maddr_lookup
 .text.uip_ds6_addr_rm
                0x00008b0a       0x54 contiki-sky.a(uip-ds6.o)
                0x00008b0a                uip_ds6_addr_rm
 .text.uip_ds6_periodic
                0x00008b5e       0x4a contiki-sky.a(uip-ds6.o)
                0x00008b5e                uip_ds6_periodic
 .text.uip_ds6_set_addr_iid
                0x00008ba8       0x14 contiki-sky.a(uip-ds6.o)
                0x00008ba8                uip_ds6_set_addr_iid
 .text.get_match_length
                0x00008bbc       0x3e contiki-sky.a(uip-ds6.o)
                0x00008bbc                get_match_length
 .text.uip_ds6_select_src
                0x00008bfa       0xaa contiki-sky.a(uip-ds6.o)
                0x00008bfa                uip_ds6_select_src
 .text.uip_ds6_compute_reachable_time
                0x00008ca4       0x3e contiki-sky.a(uip-ds6.o)
                0x00008ca4                uip_ds6_compute_reachable_time
 .text.uip_ds6_init
                0x00008ce2      0x154 contiki-sky.a(uip-ds6.o)
                0x00008ce2                uip_ds6_init
 .text.uip_ds6_nbr_rm
                0x00008e36       0x1a contiki-sky.a(uip-ds6-nbr.o)
                0x00008e36                uip_ds6_nbr_rm
 .text.uip_ds6_neighbors_init
                0x00008e50        0xe contiki-sky.a(uip-ds6-nbr.o)
                0x00008e50                uip_ds6_neighbors_init
 .text.uip_ds6_nbr_add
                0x00008e5e       0x60 contiki-sky.a(uip-ds6-nbr.o)
                0x00008e5e                uip_ds6_nbr_add
 .text.uip_ds6_nbr_get_ll
                0x00008ebe        0xc contiki-sky.a(uip-ds6-nbr.o)
                0x00008ebe                uip_ds6_nbr_get_ll
 .text.uip_ds6_nbr_lookup
                0x00008eca       0x42 contiki-sky.a(uip-ds6-nbr.o)
                0x00008eca                uip_ds6_nbr_lookup
 .text.uip_ds6_nbr_ll_lookup
                0x00008f0c        0xc contiki-sky.a(uip-ds6-nbr.o)
                0x00008f0c                uip_ds6_nbr_ll_lookup
 .text.uip_ds6_nbr_ipaddr_from_lladdr
                0x00008f18        0x6 contiki-sky.a(uip-ds6-nbr.o)
                0x00008f18                uip_ds6_nbr_ipaddr_from_lladdr
 .text.uip_ds6_nbr_lladdr_from_ipaddr
                0x00008f1e       0x12 contiki-sky.a(uip-ds6-nbr.o)
                0x00008f1e                uip_ds6_nbr_lladdr_from_ipaddr
 .text.uip_ds6_link_neighbor_callback
                0x00008f30       0x2a contiki-sky.a(uip-ds6-nbr.o)
                0x00008f30                uip_ds6_link_neighbor_callback
 .text.uip_ds6_neighbor_periodic
                0x00008f5a       0x60 contiki-sky.a(uip-ds6-nbr.o)
                0x00008f5a                uip_ds6_neighbor_periodic
 .text.call_route_callback
                0x00008fba       0x4c contiki-sky.a(uip-ds6-route.o)
 .text.uip_ds6_route_init
                0x00009006       0x36 contiki-sky.a(uip-ds6-route.o)
                0x00009006                uip_ds6_route_init
 .text.uip_ds6_route_nexthop
                0x0000903c       0x1a contiki-sky.a(uip-ds6-route.o)
                0x0000903c                uip_ds6_route_nexthop
 .text.uip_ds6_route_head
                0x00009056        0xa contiki-sky.a(uip-ds6-route.o)
                0x00009056                uip_ds6_route_head
 .text.uip_ds6_route_next
                0x00009060        0xe contiki-sky.a(uip-ds6-route.o)
                0x00009060                uip_ds6_route_next
 .text.uip_ds6_route_lookup
                0x0000906e       0x8c contiki-sky.a(uip-ds6-route.o)
                0x0000906e                uip_ds6_route_lookup
 .text.uip_ds6_route_rm
                0x000090fa       0xa4 contiki-sky.a(uip-ds6-route.o)
                0x000090fa                uip_ds6_route_rm
 .text.rm_routelist
                0x0000919e       0x34 contiki-sky.a(uip-ds6-route.o)
 .text.rm_routelist_callback
                0x000091d2        0x6 contiki-sky.a(uip-ds6-route.o)
 .text.uip_ds6_route_add
                0x000091d8      0x10c contiki-sky.a(uip-ds6-route.o)
                0x000091d8                uip_ds6_route_add
 .text.uip_ds6_defrt_rm
                0x000092e4       0x48 contiki-sky.a(uip-ds6-route.o)
                0x000092e4                uip_ds6_defrt_rm
 .text.uip_ds6_defrt_lookup
                0x0000932c       0x36 contiki-sky.a(uip-ds6-route.o)
                0x0000932c                uip_ds6_defrt_lookup
 .text.uip_ds6_defrt_add
                0x00009362       0x74 contiki-sky.a(uip-ds6-route.o)
                0x00009362                uip_ds6_defrt_add
 .text.uip_ds6_defrt_choose
                0x000093d6       0x3a contiki-sky.a(uip-ds6-route.o)
                0x000093d6                uip_ds6_defrt_choose
 .text.uip_ds6_defrt_periodic
                0x00009410       0x38 contiki-sky.a(uip-ds6-route.o)
                0x00009410                uip_ds6_defrt_periodic
 .text.echo_reply_input
                0x00009448      0x112 contiki-sky.a(uip-icmp6.o)
 .text.echo_request_input
                0x0000955a      0x12c contiki-sky.a(uip-icmp6.o)
 .text.uip_icmp6_input
                0x00009686       0x44 contiki-sky.a(uip-icmp6.o)
                0x00009686                uip_icmp6_input
 .text.uip_icmp6_register_input_handler
                0x000096ca        0xc contiki-sky.a(uip-icmp6.o)
                0x000096ca                uip_icmp6_register_input_handler
 .text.uip_icmp6_error_output
                0x000096d6      0x17a contiki-sky.a(uip-icmp6.o)
                0x000096d6                uip_icmp6_error_output
 .text.uip_icmp6_send
                0x00009850       0x96 contiki-sky.a(uip-icmp6.o)
                0x00009850                uip_icmp6_send
 .text.uip_icmp6_init
                0x000098e6       0x12 contiki-sky.a(uip-icmp6.o)
                0x000098e6                uip_icmp6_init
 .text.uip_nd6_init
                0x000098f8        0x2 contiki-sky.a(uip-nd6.o)
                0x000098f8                uip_nd6_init
 .text.start_periodic_tcp_timer
                0x000098fa       0x16 contiki-sky.a(tcpip.o)
 .text.tcpip_output
                0x00009910       0x10 contiki-sky.a(tcpip.o)
                0x00009910                tcpip_output
 .text.tcpip_set_outputfunc
                0x00009920        0x6 contiki-sky.a(tcpip.o)
                0x00009920                tcpip_set_outputfunc
 .text.tcpip_input
                0x00009926       0x16 contiki-sky.a(tcpip.o)
                0x00009926                tcpip_input
 .text.tcpip_ipv6_output
                0x0000993c       0xce contiki-sky.a(tcpip.o)
                0x0000993c                tcpip_ipv6_output
 .text.process_thread_tcpip_process
                0x00009a0a      0x1d0 contiki-sky.a(tcpip.o)
 .text.tcpip_uipcall
                0x00009bda       0x72 contiki-sky.a(tcpip.o)
                0x00009bda                tcpip_uipcall
 .text.uip_debug_ipaddr_print
                0x00009c4c       0x7c contiki-sky.a(uip-debug.o)
                0x00009c4c                uip_debug_ipaddr_print
 .text.rpl_get_mode
                0x00009cc8        0x6 contiki-sky.a(rpl.o)
                0x00009cc8                rpl_get_mode
 .text.rpl_purge_routes
                0x00009cce       0x96 contiki-sky.a(rpl.o)
                0x00009cce                rpl_purge_routes
 .text.rpl_remove_routes
                0x00009d64       0x22 contiki-sky.a(rpl.o)
                0x00009d64                rpl_remove_routes
 .text.rpl_remove_routes_by_nexthop
                0x00009d86       0x46 contiki-sky.a(rpl.o)
                0x00009d86                rpl_remove_routes_by_nexthop
 .text.rpl_add_route
                0x00009dcc       0x44 contiki-sky.a(rpl.o)
                0x00009dcc                rpl_add_route
 .text.rpl_link_neighbor_callback
                0x00009e10       0x7c contiki-sky.a(rpl.o)
                0x00009e10                rpl_link_neighbor_callback
 .text.rpl_ipv6_neighbor_callback
                0x00009e8c       0x1e contiki-sky.a(rpl.o)
                0x00009e8c                rpl_ipv6_neighbor_callback
 .text.rpl_init
                0x00009eaa       0x4a contiki-sky.a(rpl.o)
                0x00009eaa                rpl_init
 .text.lollipop_greater_than
                0x00009ef4       0x44 contiki-sky.a(rpl-dag.o)
 .text.acceptable_rank
                0x00009f38       0x50 contiki-sky.a(rpl-dag.o)
 .text.find_parent_any_dag_any_instance
                0x00009f88       0x14 contiki-sky.a(rpl-dag.o)
 .text.rpl_set_preferred_parent
                0x00009f9c       0x30 contiki-sky.a(rpl-dag.o)
 .text.set_ip_from_prefix
                0x00009fcc       0x38 contiki-sky.a(rpl-dag.o)
 .text.check_prefix
                0x0000a004       0x80 contiki-sky.a(rpl-dag.o)
 .text.rpl_get_nbr
                0x0000a084       0x1e contiki-sky.a(rpl-dag.o)
                0x0000a084                rpl_get_nbr
 .text.rpl_dag_init
                0x0000a0a2        0xe contiki-sky.a(rpl-dag.o)
                0x0000a0a2                rpl_dag_init
 .text.rpl_get_parent
                0x0000a0b0        0xc contiki-sky.a(rpl-dag.o)
                0x0000a0b0                rpl_get_parent
 .text.rpl_get_parent_ipaddr
                0x0000a0bc       0x10 contiki-sky.a(rpl-dag.o)
                0x0000a0bc                rpl_get_parent_ipaddr
 .text.rpl_set_prefix
                0x0000a0cc       0x8e contiki-sky.a(rpl-dag.o)
                0x0000a0cc                rpl_set_prefix
 .text.rpl_set_default_route
                0x0000a15a       0x5a contiki-sky.a(rpl-dag.o)
                0x0000a15a                rpl_set_default_route
 .text.rpl_alloc_instance
                0x0000a1b4       0x34 contiki-sky.a(rpl-dag.o)
                0x0000a1b4                rpl_alloc_instance
 .text.rpl_add_parent
                0x0000a1e8       0x56 contiki-sky.a(rpl-dag.o)
                0x0000a1e8                rpl_add_parent
 .text.rpl_find_parent
                0x0000a23e       0x1a contiki-sky.a(rpl-dag.o)
                0x0000a23e                rpl_find_parent
 .text.rpl_find_parent_any_dag
                0x0000a258       0x22 contiki-sky.a(rpl-dag.o)
                0x0000a258                rpl_find_parent_any_dag
 .text.rpl_select_parent
                0x0000a27a       0x7e contiki-sky.a(rpl-dag.o)
                0x0000a27a                rpl_select_parent
 .text.rpl_select_dag
                0x0000a2f8      0x182 contiki-sky.a(rpl-dag.o)
                0x0000a2f8                rpl_select_dag
 .text.rpl_nullify_parent
                0x0000a47a       0x54 contiki-sky.a(rpl-dag.o)
                0x0000a47a                rpl_nullify_parent
 .text.rpl_remove_parent
                0x0000a4ce       0x16 contiki-sky.a(rpl-dag.o)
                0x0000a4ce                rpl_remove_parent
 .text.nbr_callback
                0x0000a4e4        0x6 contiki-sky.a(rpl-dag.o)
 .text.remove_parents.constprop.2
                0x0000a4ea       0x32 contiki-sky.a(rpl-dag.o)
 .text.rpl_move_parent
                0x0000a51c       0x5a contiki-sky.a(rpl-dag.o)
                0x0000a51c                rpl_move_parent
 .text.rpl_get_any_dag
                0x0000a576       0x18 contiki-sky.a(rpl-dag.o)
                0x0000a576                rpl_get_any_dag
 .text.rpl_get_instance
                0x0000a58e       0x1a contiki-sky.a(rpl-dag.o)
                0x0000a58e                rpl_get_instance
 .text.rpl_alloc_dag
                0x0000a5a8       0x60 contiki-sky.a(rpl-dag.o)
                0x0000a5a8                rpl_alloc_dag
 .text.rpl_repair_root
                0x0000a608       0x50 contiki-sky.a(rpl-dag.o)
                0x0000a608                rpl_repair_root
 .text.rpl_find_of
                0x0000a658       0x10 contiki-sky.a(rpl-dag.o)
                0x0000a658                rpl_find_of
 .text.rpl_join_instance
                0x0000a668      0x13c contiki-sky.a(rpl-dag.o)
                0x0000a668                rpl_join_instance
 .text.rpl_local_repair
                0x0000a7a4       0x7c contiki-sky.a(rpl-dag.o)
                0x0000a7a4                rpl_local_repair
 .text.rpl_process_parent_event
                0x0000a820       0x4e contiki-sky.a(rpl-dag.o)
                0x0000a820                rpl_process_parent_event
 .text.rpl_recalculate_ranks
                0x0000a86e       0x48 contiki-sky.a(rpl-dag.o)
                0x0000a86e                rpl_recalculate_ranks
 .text.rpl_add_dag
                0x0000a8b6      0x112 contiki-sky.a(rpl-dag.o)
                0x0000a8b6                rpl_add_dag
 .text.rpl_process_dio
                0x0000a9c8      0x2e2 contiki-sky.a(rpl-dag.o)
                0x0000a9c8                rpl_process_dio
 .text.rpl_lock_parent
                0x0000acaa        0xc contiki-sky.a(rpl-dag.o)
                0x0000acaa                rpl_lock_parent
 .text.rpl_verify_header
                0x0000acb6       0xba contiki-sky.a(rpl-ext-header.)
                0x0000acb6                rpl_verify_header
 .text.rpl_update_header_empty
                0x0000ad70      0x126 contiki-sky.a(rpl-ext-header.)
                0x0000ad70                rpl_update_header_empty
 .text.rpl_update_header_final
                0x0000ae96       0x94 contiki-sky.a(rpl-ext-header.)
                0x0000ae96                rpl_update_header_final
 .text.rpl_invert_header
                0x0000af2a       0x7a contiki-sky.a(rpl-ext-header.)
                0x0000af2a                rpl_invert_header
 .text.rpl_insert_header
                0x0000afa4       0x12 contiki-sky.a(rpl-ext-header.)
                0x0000afa4                rpl_insert_header
 .text.get32    0x0000afb6       0x46 contiki-sky.a(rpl-icmp6.o)
 .text.set32    0x0000affc       0x2a contiki-sky.a(rpl-icmp6.o)
 .text.get16    0x0000b026        0xe contiki-sky.a(rpl-icmp6.o)
 .text.set16    0x0000b034       0x10 contiki-sky.a(rpl-icmp6.o)
 .text.dao_ack_input
                0x0000b044        0x6 contiki-sky.a(rpl-icmp6.o)
 .text.dio_input
                0x0000b04a      0x2d2 contiki-sky.a(rpl-icmp6.o)
 .text.dis_output
                0x0000b31c       0x50 contiki-sky.a(rpl-icmp6.o)
                0x0000b31c                dis_output
 .text.dio_output
                0x0000b36c      0x268 contiki-sky.a(rpl-icmp6.o)
                0x0000b36c                dio_output
 .text.dis_input
                0x0000b5d4       0x28 contiki-sky.a(rpl-icmp6.o)
 .text.dao_output_target
                0x0000b5fc       0xea contiki-sky.a(rpl-icmp6.o)
                0x0000b5fc                dao_output_target
 .text.dao_output
                0x0000b6e6       0x80 contiki-sky.a(rpl-icmp6.o)
                0x0000b6e6                dao_output
 .text.dao_ack_output
                0x0000b766       0x32 contiki-sky.a(rpl-icmp6.o)
                0x0000b766                dao_ack_output
 .text.dao_input
                0x0000b798      0x2a8 contiki-sky.a(rpl-icmp6.o)
 .text.rpl_icmp6_register_handlers
                0x0000ba40       0x22 contiki-sky.a(rpl-icmp6.o)
                0x0000ba40                rpl_icmp6_register_handlers
 .text.reset    0x0000ba62        0x2 contiki-sky.a(rpl-mrhof.o)
 .text.update_metric_container
                0x0000ba64        0x6 contiki-sky.a(rpl-mrhof.o)
 .text.calculate_rank
                0x0000ba6a       0x3e contiki-sky.a(rpl-mrhof.o)
 .text.best_parent
                0x0000baa8       0x74 contiki-sky.a(rpl-mrhof.o)
 .text.neighbor_link_callback
                0x0000bb1c       0xa2 contiki-sky.a(rpl-mrhof.o)
 .text.best_dag
                0x0000bbbe       0x34 contiki-sky.a(rpl-mrhof.o)
 .text.new_dio_interval
                0x0000bbf2       0x92 contiki-sky.a(rpl-timers.o)
 .text.handle_periodic_timer
                0x0000bc84       0x2e contiki-sky.a(rpl-timers.o)
 .text.set_dao_lifetime_timer
                0x0000bcb2       0x52 contiki-sky.a(rpl-timers.o)
 .text.schedule_dao
                0x0000bd04       0x82 contiki-sky.a(rpl-timers.o)
 .text.handle_dio_timer
                0x0000bd86       0x88 contiki-sky.a(rpl-timers.o)
 .text.handle_dao_timer
                0x0000be0e       0x64 contiki-sky.a(rpl-timers.o)
 .text.rpl_reset_periodic_timer
                0x0000be72       0x60 contiki-sky.a(rpl-timers.o)
                0x0000be72                rpl_reset_periodic_timer
 .text.rpl_reset_dio_timer
                0x0000bed2       0x18 contiki-sky.a(rpl-timers.o)
                0x0000bed2                rpl_reset_dio_timer
 .text.rpl_schedule_dao
                0x0000beea        0xc contiki-sky.a(rpl-timers.o)
                0x0000beea                rpl_schedule_dao
 .text.rpl_schedule_probing
                0x0000bef6       0x3c contiki-sky.a(rpl-timers.o)
                0x0000bef6                rpl_schedule_probing
 .text.handle_probing_timer
                0x0000bf32      0x124 contiki-sky.a(rpl-timers.o)
 .text.input_packet
                0x0000c056        0x6 contiki-sky.a(csma.o)
 .text.on       0x0000c05c        0x6 contiki-sky.a(csma.o)
 .text.off      0x0000c062        0x6 contiki-sky.a(csma.o)
 .text.channel_check_interval
                0x0000c068       0x10 contiki-sky.a(csma.o)
 .text.transmit_packet_list
                0x0000c078       0x24 contiki-sky.a(csma.o)
 .text.send_packet
                0x0000c09c      0x17a contiki-sky.a(csma.o)
 .text.init     0x0000c216       0x1a contiki-sky.a(csma.o)
 .text.free_packet
                0x0000c230       0x9c contiki-sky.a(csma.o)
 .text.packet_sent
                0x0000c2cc      0x130 contiki-sky.a(csma.o)
 .text.parse    0x0000c3fc       0xa0 contiki-sky.a(framer-802154.o)
 .text.create_frame.isra.0
                0x0000c49c      0x108 contiki-sky.a(framer-802154.o)
 .text.create   0x0000c5a4        0x8 contiki-sky.a(framer-802154.o)
 .text.hdr_length
                0x0000c5ac        0x8 contiki-sky.a(framer-802154.o)
 .text.framer_canonical_create_and_secure
                0x0000c5b4       0x20 contiki-sky.a(framer.o)
                0x0000c5b4                framer_canonical_create_and_secure
 .text.mac_call_sent_callback
                0x0000c5d4       0x14 contiki-sky.a(mac.o)
                0x0000c5d4                mac_call_sent_callback
 .text.linkaddr_copy
                0x0000c5e8        0x8 contiki-sky.a(linkaddr.o)
                0x0000c5e8                linkaddr_copy
 .text.linkaddr_cmp
                0x0000c5f0       0x12 contiki-sky.a(linkaddr.o)
                0x0000c5f0                linkaddr_cmp
 .text.linkaddr_set_node_addr
                0x0000c602        0xc contiki-sky.a(linkaddr.o)
                0x0000c602                linkaddr_set_node_addr
 .text.index_from_key
                0x0000c60e       0x48 contiki-sky.a(nbr-table.o)
 .text.item_from_key
                0x0000c656       0x34 contiki-sky.a(nbr-table.o)
 .text.nbr_set_bit
                0x0000c68a       0x8e contiki-sky.a(nbr-table.o)
 .text.index_from_lladdr
                0x0000c718       0x42 contiki-sky.a(nbr-table.o)
 .text.nbr_get_bit.constprop.0
                0x0000c75a       0x62 contiki-sky.a(nbr-table.o)
 .text.nbr_table_register
                0x0000c7bc       0x28 contiki-sky.a(nbr-table.o)
                0x0000c7bc                nbr_table_register
 .text.nbr_table_next
                0x0000c7e4       0x90 contiki-sky.a(nbr-table.o)
                0x0000c7e4                nbr_table_next
 .text.nbr_table_head
                0x0000c874       0x36 contiki-sky.a(nbr-table.o)
                0x0000c874                nbr_table_head
 .text.nbr_table_add_lladdr
                0x0000c8aa      0x144 contiki-sky.a(nbr-table.o)
                0x0000c8aa                nbr_table_add_lladdr
 .text.nbr_table_get_from_lladdr
                0x0000c9ee       0x48 contiki-sky.a(nbr-table.o)
                0x0000c9ee                nbr_table_get_from_lladdr
 .text.nbr_table_remove
                0x0000ca36       0x32 contiki-sky.a(nbr-table.o)
                0x0000ca36                nbr_table_remove
 .text.nbr_table_lock
                0x0000ca68       0x10 contiki-sky.a(nbr-table.o)
                0x0000ca68                nbr_table_lock
 .text.nbr_table_unlock
                0x0000ca78       0x10 contiki-sky.a(nbr-table.o)
                0x0000ca78                nbr_table_unlock
 .text.nbr_table_get_lladdr
                0x0000ca88       0x5a contiki-sky.a(nbr-table.o)
                0x0000ca88                nbr_table_get_lladdr
 .text.packetbuf_compact
                0x0000cae2       0x2e contiki-sky.a(packetbuf.o)
                0x0000cae2                packetbuf_compact
 .text.packetbuf_copyto
                0x0000cb10       0x52 contiki-sky.a(packetbuf.o)
                0x0000cb10                packetbuf_copyto
 .text.packetbuf_hdrreduce
                0x0000cb62       0x1a contiki-sky.a(packetbuf.o)
                0x0000cb62                packetbuf_hdrreduce
 .text.packetbuf_set_datalen
                0x0000cb7c        0x6 contiki-sky.a(packetbuf.o)
                0x0000cb7c                packetbuf_set_datalen
 .text.packetbuf_dataptr
                0x0000cb82        0xe contiki-sky.a(packetbuf.o)
                0x0000cb82                packetbuf_dataptr
 .text.packetbuf_hdrptr
                0x0000cb90        0xa contiki-sky.a(packetbuf.o)
                0x0000cb90                packetbuf_hdrptr
 .text.packetbuf_datalen
                0x0000cb9a        0x6 contiki-sky.a(packetbuf.o)
                0x0000cb9a                packetbuf_datalen
 .text.packetbuf_hdrlen
                0x0000cba0       0x10 contiki-sky.a(packetbuf.o)
                0x0000cba0                packetbuf_hdrlen
 .text.packetbuf_totlen
                0x0000cbb0        0xc contiki-sky.a(packetbuf.o)
                0x0000cbb0                packetbuf_totlen
 .text.packetbuf_hdralloc
                0x0000cbbc       0x2e contiki-sky.a(packetbuf.o)
                0x0000cbbc                packetbuf_hdralloc
 .text.packetbuf_attr_clear
                0x0000cbea       0x28 contiki-sky.a(packetbuf.o)
                0x0000cbea                packetbuf_attr_clear
 .text.packetbuf_clear
                0x0000cc12       0x1a contiki-sky.a(packetbuf.o)
                0x0000cc12                packetbuf_clear
 .text.packetbuf_copyfrom
                0x0000cc2c       0x2e contiki-sky.a(packetbuf.o)
                0x0000cc2c                packetbuf_copyfrom
 .text.packetbuf_attr_copyto
                0x0000cc5a       0x22 contiki-sky.a(packetbuf.o)
                0x0000cc5a                packetbuf_attr_copyto
 .text.packetbuf_attr_copyfrom
                0x0000cc7c       0x24 contiki-sky.a(packetbuf.o)
                0x0000cc7c                packetbuf_attr_copyfrom
 .text.packetbuf_holds_broadcast
                0x0000cca0        0xe contiki-sky.a(packetbuf.o)
                0x0000cca0                packetbuf_holds_broadcast
 .text.queuebuf_init
                0x0000ccae       0x12 contiki-sky.a(queuebuf.o)
                0x0000ccae                queuebuf_init
 .text.queuebuf_numfree
                0x0000ccc0        0xa contiki-sky.a(queuebuf.o)
                0x0000ccc0                queuebuf_numfree
 .text.queuebuf_new_from_packetbuf
                0x0000ccca       0x52 contiki-sky.a(queuebuf.o)
                0x0000ccca                queuebuf_new_from_packetbuf
 .text.queuebuf_update_attr_from_packetbuf
                0x0000cd1c       0x12 contiki-sky.a(queuebuf.o)
                0x0000cd1c                queuebuf_update_attr_from_packetbuf
 .text.queuebuf_update_from_packetbuf
                0x0000cd2e       0x22 contiki-sky.a(queuebuf.o)
                0x0000cd2e                queuebuf_update_from_packetbuf
 .text.queuebuf_free
                0x0000cd50       0x2a contiki-sky.a(queuebuf.o)
                0x0000cd50                queuebuf_free
 .text.queuebuf_to_packetbuf
                0x0000cd7a       0x32 contiki-sky.a(queuebuf.o)
                0x0000cd7a                queuebuf_to_packetbuf
 .text.queuebuf_attr
                0x0000cdac        0xe contiki-sky.a(queuebuf.o)
                0x0000cdac                queuebuf_attr
 .text.duty_cycle
                0x0000cdba        0x6 contiki-sky.a(contikimac.o)
 .text.init     0x0000cdc0       0x2a contiki-sky.a(contikimac.o)
 .text.on       0x0000cdea       0x1a contiki-sky.a(contikimac.o)
 .text.off      0x0000ce04       0x22 contiki-sky.a(contikimac.o)
 .text.recv_burst_off
                0x0000ce26        0xa contiki-sky.a(contikimac.o)
 .text.turn_off
                0x0000ce30       0x20 contiki-sky.a(contikimac.o)
 .text.turn_on  0x0000ce50       0x30 contiki-sky.a(contikimac.o)
 .text.schedule_powercycle_fixed.part.4
                0x0000ce80       0x36 contiki-sky.a(contikimac.o)
 .text.powercycle_turn_radio_off
                0x0000ceb6       0x30 contiki-sky.a(contikimac.o)
 .text.powercycle
                0x0000cee6      0x1d2 contiki-sky.a(contikimac.o)
 .text.input_packet
                0x0000d0b8       0xb2 contiki-sky.a(contikimac.o)
 .text.send_packet.isra.7
                0x0000d16a      0x1ec contiki-sky.a(contikimac.o)
 .text.qsend_list
                0x0000d356       0xc4 contiki-sky.a(contikimac.o)
 .text.qsend_packet
                0x0000d41a       0x28 contiki-sky.a(contikimac.o)
 .text.bootstrap
                0x0000d442        0x4 contiki-sky.a(nullsec.o)
 .text.send     0x0000d446        0xa contiki-sky.a(nullsec.o)
 .text.on_frame_created
                0x0000d450        0x4 contiki-sky.a(nullsec.o)
 .text.input    0x0000d454        0x6 contiki-sky.a(nullsec.o)
 .text.get_overhead
                0x0000d45a        0x4 contiki-sky.a(nullsec.o)
 .text.crc8_add
                0x0000d45e       0x1c contiki-sky.a(sht11.o)
 .text.sstart   0x0000d47a       0x3e contiki-sky.a(sht11.o)
 .text.swrite   0x0000d4b8       0x52 contiki-sky.a(sht11.o)
 .text.sread    0x0000d50a       0x4e contiki-sky.a(sht11.o)
 .text.sreset   0x0000d558       0x2a contiki-sky.a(sht11.o)
 .text.scmd.part.0
                0x0000d582       0xb0 contiki-sky.a(sht11.o)
 .text.sht11_init
                0x0000d632       0x1a contiki-sky.a(sht11.o)
                0x0000d632                sht11_init
 .text.sht11_off
                0x0000d64c       0x14 contiki-sky.a(sht11.o)
                0x0000d64c                sht11_off
 .text.sht11_temp
                0x0000d660        0xa contiki-sky.a(sht11.o)
                0x0000d660                sht11_temp
 .text.sht11_humidity
                0x0000d66a        0xa contiki-sky.a(sht11.o)
                0x0000d66a                sht11_humidity
 .text.sht11_sreg
                0x0000d674       0x7a contiki-sky.a(sht11.o)
                0x0000d674                sht11_sreg
 .text.spi_init
                0x0000d6ee       0x32 contiki-sky.a(spi.o)
                0x0000d6ee                spi_init
 .text.compower_accumulate
                0x0000d720       0x72 contiki-sky.a(compower.o)
                0x0000d720                compower_accumulate
 .text.compower_clear
                0x0000d792       0x12 contiki-sky.a(compower.o)
                0x0000d792                compower_clear
 .text.compower_attrconv
                0x0000d7a4       0x10 contiki-sky.a(compower.o)
                0x0000d7a4                compower_attrconv
 .text.stimer_set
                0x0000d7b4       0x1c contiki-sky.a(stimer.o)
                0x0000d7b4                stimer_set
 .text.stimer_expired
                0x0000d7d0       0x30 contiki-sky.a(stimer.o)
                0x0000d7d0                stimer_expired
 .text.memb_init
                0x0000d800       0x36 contiki-sky.a(memb.o)
                0x0000d800                memb_init
 .text.memb_alloc
                0x0000d836       0x3e contiki-sky.a(memb.o)
                0x0000d836                memb_alloc
 .text.memb_free
                0x0000d874       0x3a contiki-sky.a(memb.o)
                0x0000d874                memb_free
 .text.memb_inmemb
                0x0000d8ae       0x2e contiki-sky.a(memb.o)
                0x0000d8ae                memb_inmemb
 .text.memb_numfree
                0x0000d8dc       0x26 contiki-sky.a(memb.o)
                0x0000d8dc                memb_numfree
 .text.field_len
                0x0000d902       0x98 contiki-sky.a(frame802154.o)
 .text.frame802154_hdrlen
                0x0000d99a       0x2e contiki-sky.a(frame802154.o)
                0x0000d99a                frame802154_hdrlen
 .text.frame802154_create
                0x0000d9c8      0x146 contiki-sky.a(frame802154.o)
                0x0000d9c8                frame802154_create
 .text.frame802154_parse
                0x0000db0e      0x1da contiki-sky.a(frame802154.o)
                0x0000db0e                frame802154_parse
 .text.mac_sequence_is_duplicate
                0x0000dce8       0x44 contiki-sky.a(mac-sequence.o)
                0x0000dce8                mac_sequence_is_duplicate
 .text.mac_sequence_register_seqno
                0x0000dd2c       0x76 contiki-sky.a(mac-sequence.o)
                0x0000dd2c                mac_sequence_register_seqno
 .text.libgcc   0x0000dda2       0x2c /usr/lib/gcc/msp430/4.6.3/mmpy-16/libgcc.a(_mulsi3.o)
                0x0000dda2                __mulsi3
 .text.libgcc   0x0000ddce       0x22 /usr/lib/gcc/msp430/4.6.3/mmpy-16/libgcc.a(_udivmod16.o)
                0x0000ddce                __udivhi3
                0x0000ddce                __ext_udivmod16
                0x0000dde8                __umodhi3
 .text.libgcc   0x0000ddf0       0x3a /usr/lib/gcc/msp430/4.6.3/mmpy-16/libgcc.a(_divmod16.o)
                0x0000ddf0                __ext_divmod16
                0x0000ddf0                __divhi3
                0x0000de22                __modhi3
 .text.libgcc   0x0000de2a       0x40 /usr/lib/gcc/msp430/4.6.3/mmpy-16/libgcc.a(_udivmod32.o)
                0x0000de2a                __udivsi3
                0x0000de2a                __ext_udivmod32
                0x0000de60                __umodsi3
 .text          0x0000de6a       0x20 /usr/lib/gcc/msp430/4.6.3/../../../../msp430/lib/mmpy-16/libc.a(memcmp.o)
                0x0000de6a                memcmp
 .text          0x0000de8a       0xfa /usr/lib/gcc/msp430/4.6.3/../../../../msp430/lib/mmpy-16/libc.a(memcpy.o)
                0x0000de8a                memcpy
 .text          0x0000df84       0xfa /usr/lib/gcc/msp430/4.6.3/../../../../msp430/lib/mmpy-16/libc.a(memmove.o)
                0x0000df84                memmove
 .text          0x0000e07e       0x6a /usr/lib/gcc/msp430/4.6.3/../../../../msp430/lib/mmpy-16/libc.a(memset.o)
                0x0000e07e                memset
 .text          0x0000e0e8       0x1e /usr/lib/gcc/msp430/4.6.3/../../../../msp430/lib/mmpy-16/libc.a(printf.o)
                0x0000e0e8                printf
                0x0000e0f8                vprintf
 .text          0x0000e106      0x836 /usr/lib/gcc/msp430/4.6.3/../../../../msp430/lib/mmpy-16/libc.a(vuprintf.o)
                0x0000e29e                vuprintf
 .text          0x0000e93c       0x2c /usr/lib/gcc/msp430/4.6.3/../../../../msp430/lib/mmpy-16/libc.a(puts.o)
                0x0000e93c                puts
 .text          0x0000e968       0x54 /usr/lib/gcc/msp430/4.6.3/../../../../msp430/lib/mmpy-16/libc.a(rand.o)
                0x0000e968                rand_r
                0x0000e98c                rand
                0x0000e9b2                srand
 .text.libgcc   0x0000e9bc       0xf0 /usr/lib/gcc/msp430/4.6.3/mmpy-16/libgcc.a(_udivmod64.o)
                0x0000e9bc                __xabi_udivmod64
                0x0000ea1a                __udivdi3
                0x0000ea40                __umoddi3
                0x0000ea6e                __udivmoddi4
 .text.crt0     0x0000eaac        0x2 /usr/lib/gcc/msp430/4.6.3/mmpy-16/libcrt0.a(_unexpected_.o)
                0x0000eaac                _unexpected_
                0x0000eaae                . = ALIGN (0x2)

.rodata         0x0000eaae      0x350
                0x0000eaae                . = ALIGN (0x2)
 *(.rodata .rodata.* .gnu.linkonce.r.*)
 .rodata        0x0000eaae       0x9e hello-world.co
                0x0000eb38                autostart_processes
 .rodata        0x0000eb4c      0x120 obj_sky/contiki-sky-main.o
 .rodata        0x0000ec6c        0xe contiki-sky.a(sht11-sensor.o)
                0x0000ec72                sht11_sensor
 .rodata        0x0000ec7a        0xe contiki-sky.a(light-sensor.o)
                0x0000ec80                light_sensor
 .rodata        0x0000ec88       0x10 contiki-sky.a(battery-sensor.)
                0x0000ec90                battery_sensor
 .rodata        0x0000ec98       0x10 contiki-sky.a(button-sensor.o)
                0x0000eca0                button_sensor
 .rodata        0x0000eca8        0x8 contiki-sky.a(sensors.o)
 .rodata        0x0000ecb0       0x5a contiki-sky.a(cc2420.o)
                0x0000eccc                cc2420_aes_128_driver
                0x0000ecd0                cc2420_driver
 .rodata        0x0000ed0a        0xf contiki-sky.a(ctimer.o)
 .rodata        0x0000ed19        0xc contiki-sky.a(etimer.o)
 *fill*         0x0000ed25        0x1 00
 .rodata        0x0000ed26       0x24 contiki-sky.a(sicslowpan.o)
                0x0000ed32                sicslowpan_driver
                0x0000ed38                llprefix
                0x0000ed3a                unc_mxconf
                0x0000ed3e                unc_ctxconf
                0x0000ed42                unc_llconf
 .rodata        0x0000ed4a       0x20 contiki-sky.a(uip6.o)
 .rodata        0x0000ed6a        0xd contiki-sky.a(tcpip.o)
 .rodata        0x0000ed77       0x29 contiki-sky.a(uip-debug.o)
 .rodata        0x0000eda0       0x14 contiki-sky.a(csma.o)
                0x0000eda6                csma_driver
 .rodata        0x0000edb4        0x8 contiki-sky.a(framer-802154.o)
                0x0000edb4                framer_802154
 .rodata        0x0000edbc        0x8 contiki-sky.a(linkaddr.o)
                0x0000edbc                linkaddr_null
 .rodata        0x0000edc4       0x1c contiki-sky.a(contikimac.o)
                0x0000edd0                contikimac_driver
 .rodata        0x0000ede0       0x14 contiki-sky.a(nullsec.o)
                0x0000ede8                nullsec_driver
 .rodata        0x0000edf4        0x2 contiki-sky.a(frame802154.o)
 .rodata        0x0000edf6        0x7 /usr/lib/gcc/msp430/4.6.3/../../../../msp430/lib/mmpy-16/libc.a(vuprintf.o)
                0x0000edfe                . = ALIGN (0x2)
 *fill*         0x0000edfd        0x1 00
                0x0000edfe                _etext = .

.data           0x00001100       0xe0 load address 0x0000edfe
                0x00001100                . = ALIGN (0x2)
                0x00001100                PROVIDE (__data_start, .)
 *(.data .data.* .gnu.linkonce.d.*)
 .data          0x00001100        0xa hello-world.co
                0x00001100                hello_world_process
 .data          0x0000110a        0x4 contiki-sky.a(contiki-sky-pla)
                0x0000110a                sensors
 .data          0x0000110e        0x1 contiki-sky.a(sht11-sensor.o)
 *fill*         0x0000110f        0x1 00
 .data          0x00001110        0xa contiki-sky.a(sensors.o)
                0x00001110                sensors_process
 .data          0x0000111a        0xa contiki-sky.a(cc2420.o)
                0x0000111a                cc2420_process
 .data          0x00001124        0x2 contiki-sky.a(msp430.o)
 .data          0x00001126        0xa contiki-sky.a(ctimer.o)
                0x00001126                ctimer_process
 .data          0x00001130        0xa contiki-sky.a(etimer.o)
                0x00001130                etimer_process
 .data          0x0000113a        0xa contiki-sky.a(uip-ds6-nbr.o)
                0x0000113a                ds6_neighbors
 .data          0x00001144       0x20 contiki-sky.a(uip-ds6-route.o)
 .data          0x00001164        0xc contiki-sky.a(uip-icmp6.o)
 .data          0x00001170        0xa contiki-sky.a(tcpip.o)
                0x00001170                tcpip_process
 .data          0x0000117a        0xa contiki-sky.a(rpl-dag.o)
                0x0000117a                rpl_parents
 .data          0x00001184       0x1a contiki-sky.a(rpl-icmp6.o)
 .data          0x0000119e        0xe contiki-sky.a(rpl-mrhof.o)
                0x0000119e                rpl_mrhof
 .data          0x000011ac       0x18 contiki-sky.a(csma.o)
 .data          0x000011c4        0x8 contiki-sky.a(nbr-table.o)
 .data          0x000011cc       0x10 contiki-sky.a(queuebuf.o)
 .data          0x000011dc        0x4 /usr/lib/gcc/msp430/4.6.3/../../../../msp430/lib/mmpy-16/libc.a(rand.o)
                0x000011e0                . = ALIGN (0x2)
                0x000011e0                _edata = .
                0x0000edfe                PROVIDE (__data_load_start, LOADADDR (.data))
                0x000000e0                PROVIDE (__data_size, SIZEOF (.data))

.bss            0x000011e0     0x1926 load address 0x0000eede
                0x000011e0                PROVIDE (__bss_start, .)
 *(.bss .bss.*)
 .bss           0x000011e0        0xc obj_sky/contiki-sky-main.o
 .bss           0x000011ec        0x8 contiki-sky.a(button-sensor.o)
 .bss           0x000011f4        0x2 contiki-sky.a(node-id.o)
                0x000011f4                node_id
 .bss           0x000011f6        0x6 contiki-sky.a(sensors.o)
 .bss           0x000011fc        0x8 contiki-sky.a(cc2420.o)
 .bss           0x00001204        0x4 contiki-sky.a(sky-sensors.o)
 .bss           0x00001208       0x9a contiki-sky.a(uart1.o)
 .bss           0x000012a2        0xa contiki-sky.a(clock.o)
 .bss           0x000012ac        0x1 contiki-sky.a(leds.o)
 *fill*         0x000012ad        0x1 00
 .bss           0x000012ae        0x2 contiki-sky.a(watchdog.o)
 .bss           0x000012b0        0x4 contiki-sky.a(ctimer.o)
 .bss           0x000012b4        0x6 contiki-sky.a(etimer.o)
 .bss           0x000012ba       0x42 contiki-sky.a(process.o)
                0x000012ba                process_current
                0x000012bc                process_list
 .bss           0x000012fc        0x2 contiki-sky.a(rtimer.o)
 .bss           0x000012fe      0x124 contiki-sky.a(sicslowpan.o)
 .bss           0x00001422       0x12 contiki-sky.a(uip6.o)
                0x00001422                uip_ext_opt_offset
                0x00001424                uip_ext_len
                0x00001426                uip_ext_bitmap
 .bss           0x00001434       0x18 contiki-sky.a(uip-ds6.o)
 .bss           0x0000144c      0x2f8 contiki-sky.a(uip-ds6-nbr.o)
 .bss           0x00001744      0x362 contiki-sky.a(uip-ds6-route.o)
 .bss           0x00001aa6       0x14 contiki-sky.a(uip-icmp6.o)
 .bss           0x00001aba       0x36 contiki-sky.a(tcpip.o)
 .bss           0x00001af0        0x2 contiki-sky.a(rpl.o)
 .bss           0x00001af2       0xf0 contiki-sky.a(rpl-dag.o)
 .bss           0x00001be2       0x18 contiki-sky.a(rpl-timers.o)
 .bss           0x00001bfa       0xc4 contiki-sky.a(csma.o)
 .bss           0x00001cbe        0x2 contiki-sky.a(framer-802154.o)
 .bss           0x00001cc0      0x118 contiki-sky.a(nbr-table.o)
 .bss           0x00001dd8       0xb8 contiki-sky.a(packetbuf.o)
 .bss           0x00001e90      0x5a0 contiki-sky.a(queuebuf.o)
 .bss           0x00002430       0x32 contiki-sky.a(contikimac.o)
 .bss           0x00002462        0x8 contiki-sky.a(compower.o)
 .bss           0x0000246a       0xa0 contiki-sky.a(mac-sequence.o)
 *(COMMON)
 COMMON         0x0000250a        0x2 contiki-sky.a(contiki-sky-pla)
                0x0000250a                sensors_flags
 COMMON         0x0000250c        0x8 contiki-sky.a(ds2411.o)
                0x0000250c                ds2411_id
 COMMON         0x00002514        0x1 contiki-sky.a(sensors.o)
                0x00002514                sensors_event
 *fill*         0x00002515        0x1 00
 COMMON         0x00002516       0x10 contiki-sky.a(cc2420.o)
                0x00002516                cc2420_last_rssi
                0x00002518                cc2420_sfd_start_time
                0x0000251a                cc2420_time_of_departure
                0x0000251c                cc2420_time_of_arrival
                0x0000251e                cc2420_last_correlation
                0x00002520                cc2420_authority_level_of_sender
                0x00002522                cc2420_sfd_counter
                0x00002524                cc2420_sfd_end_time
 COMMON         0x00002526        0x2 contiki-sky.a(msp430.o)
                0x00002526                msp430_dco_required
 COMMON         0x00002528       0x56 contiki-sky.a(energest.o)
                0x00002528                energest_total_time
                0x00002558                energest_total_count
                0x0000255a                energest_current_mode
                0x00002566                energest_current_time
 COMMON         0x0000257e        0x1 contiki-sky.a(process.o)
                0x0000257e                process_maxevents
 *fill*         0x0000257f        0x1 00
 COMMON         0x00002580        0x8 contiki-sky.a(sicslowpan.o)
                0x00002580                frag_sender
 COMMON         0x00002588      0x304 contiki-sky.a(uip6.o)
                0x00002588                uip_len
                0x0000258a                uip_sappdata
                0x0000258c                uip_acc32
                0x00002590                uip_lladdr
                0x00002598                uip_aligned_buf
                0x00002688                uip_flags
                0x0000268a                uip_next_hdr
                0x0000268c                uip_udp_conn
                0x0000268e                uip_appdata
                0x00002690                uip_conn
                0x00002692                uip_conns
                0x00002742                uip_listenports
                0x00002752                uip_slen
                0x00002754                uip_udp_conns
 COMMON         0x0000288c      0x15c contiki-sky.a(uip-ds6.o)
                0x0000288c                uip_ds6_timer_ra
                0x00002894                uip_ds6_if
                0x00002980                uip_ds6_netif_addr_list_offset
                0x00002981                uip_ds6_addr_size
                0x00002982                uip_ds6_prefix_list
                0x000029dc                uip_ds6_timer_periodic
 COMMON         0x000029e8        0x1 contiki-sky.a(tcpip.o)
                0x000029e8                tcpip_event
 *fill*         0x000029e9        0x1 00
 COMMON         0x000029ea       0xde contiki-sky.a(rpl-dag.o)
                0x000029ea                default_instance
                0x000029ec                instance_table
 COMMON         0x00002ac8        0x8 contiki-sky.a(linkaddr.o)
                0x00002ac8                linkaddr_node_addr
 COMMON         0x00002ad0       0x2e contiki-sky.a(packetbuf.o)
                0x00002ad0                packetbuf_addrs
                0x00002ae0                packetbuf_attrs
 COMMON         0x00002afe        0x8 contiki-sky.a(compower.o)
                0x00002afe                compower_idle_activity
                0x00002b06                . = ALIGN (0x2)
                0x00002b06                PROVIDE (__bss_end, .)
                0x00001926                PROVIDE (__bss_size, SIZEOF (.bss))

.noinit         0x00002b06        0x2 load address 0x0000eede
                0x00002b06                PROVIDE (__noinit_start, .)
 *(.noinit .noinit.*)
 .noinit.crt0   0x00002b06        0x2 /usr/lib/gcc/msp430/4.6.3/mmpy-16/libcrt0.a(__watchdog_support.o)
                0x00002b06                __wdt_clear_value
                0x00002b08                . = ALIGN (0x2)
                0x00002b08                PROVIDE (__noinit_end, .)
                0x00002b08                . = ALIGN (0x2)
                0x00002b08                _end = .

.infomem        0x00001000        0x0
 *(.infomem)
                0x00001000                . = ALIGN (0x2)
 *(.infomem.*)

.infomemnobits  0x00001000        0x0
 *(.infomemnobits)
                0x00001000                . = ALIGN (0x2)
 *(.infomemnobits.*)

.infoa
 *(.infoa .infoa.*)

.infob
 *(.infob .infob.*)

.infoc
 *(.infoc .infoc.*)

.infod
 *(.infod .infod.*)

.vectors        0x0000ffe0       0x20
                0x0000ffe0                PROVIDE (__vectors_start, .)
 *(.vectors*)
 .vectors       0x0000ffe0       0x20 /usr/lib/gcc/msp430/4.6.3/mmpy-16/crt0ivtbl16.o
                0x0000ffe0                __ivtbl_16
                0x00010000                _vectors_end = .

.fartext        0x00000000        0x0
                0x00000000                . = ALIGN (0x2)
 *(.fartext)
                0x00000000                . = ALIGN (0x2)
 *(.fartext.*)
                0x00000000                _efartext = .

.profiler
 *(.profiler)

.stab           0x00000000    0x29340
 *(.stab)
 .stab          0x00000000      0xa2c hello-world.co
 .stab          0x00000a2c     0x1794 obj_sky/contiki-sky-main.o
                               0x1b0c (size before relaxing)
 .stab          0x000021c0      0x24c contiki-sky.a(contiki-sky-pla)
                                0x5b8 (size before relaxing)
 .stab          0x0000240c      0x438 contiki-sky.a(sht11-sensor.o)
                                0x948 (size before relaxing)
 .stab          0x00002844      0x324 contiki-sky.a(light-sensor.o)
                                0x690 (size before relaxing)
 .stab          0x00002b68      0x318 contiki-sky.a(battery-sensor.)
                                0x684 (size before relaxing)
 .stab          0x00002e80      0x468 contiki-sky.a(button-sensor.o)
                                0x7d4 (size before relaxing)
 .stab          0x000032e8      0x630 contiki-sky.a(ds2411.o)
                                0xb40 (size before relaxing)
 .stab          0x00003918      0xbac contiki-sky.a(xmem.o)
                                0xf60 (size before relaxing)
 .stab          0x000044c4      0x2b8 contiki-sky.a(node-id.o)
                                0x4e0 (size before relaxing)
 .stab          0x0000477c      0x63c contiki-sky.a(sensors.o)
                                0xb70 (size before relaxing)
 .stab          0x00004db8     0x25ec contiki-sky.a(cc2420.o)
                               0x2cac (size before relaxing)
 .stab          0x000073a4      0xcb4 contiki-sky.a(cc2420-arch.o)
                               0x1728 (size before relaxing)
 .stab          0x00008058      0x4f8 contiki-sky.a(sky-sensors.o)
                                0x864 (size before relaxing)
 .stab          0x00008550      0x60c contiki-sky.a(uart1.o)
                                0x960 (size before relaxing)
 .stab          0x00008b5c      0x27c contiki-sky.a(uart1-putchar.o)
                                0x7bc (size before relaxing)
 .stab          0x00008dd8      0x744 contiki-sky.a(msp430.o)
                                0xa98 (size before relaxing)
 .stab          0x0000951c      0x948 contiki-sky.a(clock.o)
                                0xc9c (size before relaxing)
 .stab          0x00009e64      0x5dc contiki-sky.a(leds.o)
                                0x828 (size before relaxing)
 .stab          0x0000a440      0x3a8 contiki-sky.a(leds-arch.o)
                                0x6fc (size before relaxing)
 .stab          0x0000a7e8      0x3fc contiki-sky.a(watchdog.o)
                                0x750 (size before relaxing)
 .stab          0x0000abe4      0x3cc contiki-sky.a(rtimer-arch.o)
                                0x720 (size before relaxing)
 .stab          0x0000afb0      0x294 contiki-sky.a(autostart.o)
                                0x534 (size before relaxing)
 .stab          0x0000b244      0x7a4 contiki-sky.a(ctimer.o)
                                0xb10 (size before relaxing)
 .stab          0x0000b9e8      0x474 contiki-sky.a(energest.o)
                                0x6fc (size before relaxing)
 .stab          0x0000be5c      0xa38 contiki-sky.a(etimer.o)
                                0xd08 (size before relaxing)
 .stab          0x0000c894      0xb7c contiki-sky.a(process.o)
                               0x1014 (size before relaxing)
 .stab          0x0000d410      0x3d8 contiki-sky.a(rtimer.o)
                                0x6c0 (size before relaxing)
 .stab          0x0000d7e8      0x354 contiki-sky.a(timer.o)
                                0x594 (size before relaxing)
 .stab          0x0000db3c      0x7f8 contiki-sky.a(list.o)
                                0x804 (size before relaxing)
 .stab          0x0000e334      0x228 contiki-sky.a(random.o)
                                0x624 (size before relaxing)
 .stab          0x0000e55c     0x1f98 contiki-sky.a(sicslowpan.o)
                               0x2ee0 (size before relaxing)
 .stab          0x000104f4     0x2bd4 contiki-sky.a(uip6.o)
                               0x378c (size before relaxing)
 .stab          0x000130c8     0x13d4 contiki-sky.a(uip-ds6.o)
                               0x1f74 (size before relaxing)
 .stab          0x0001449c      0xcd8 contiki-sky.a(uip-ds6-nbr.o)
                               0x1710 (size before relaxing)
 .stab          0x00015174     0x1260 contiki-sky.a(uip-ds6-route.o)
                               0x1de8 (size before relaxing)
 .stab          0x000163d4      0xcf0 contiki-sky.a(uip-icmp6.o)
                               0x1968 (size before relaxing)
 .stab          0x000170c4      0x57c contiki-sky.a(uip-nd6.o)
                               0x1158 (size before relaxing)
 .stab          0x00017640     0x1410 contiki-sky.a(tcpip.o)
                               0x2658 (size before relaxing)
 .stab          0x00018a50      0x444 contiki-sky.a(uip-debug.o)
                                0xbd0 (size before relaxing)
 .stab          0x00018e94      0xb64 contiki-sky.a(rpl.o)
                               0x17b8 (size before relaxing)
 .stab          0x000199f8     0x2f10 contiki-sky.a(rpl-dag.o)
                               0x3c18 (size before relaxing)
 .stab          0x0001c908      0xa50 contiki-sky.a(rpl-ext-header.)
                               0x180c (size before relaxing)
 .stab          0x0001d358     0x17ac contiki-sky.a(rpl-icmp6.o)
                               0x25b0 (size before relaxing)
 .stab          0x0001eb04      0x8ac contiki-sky.a(rpl-mrhof.o)
                               0x159c (size before relaxing)
 .stab          0x0001f3b0      0xbdc contiki-sky.a(rpl-timers.o)
                               0x18cc (size before relaxing)
 .stab          0x0001ff8c     0x1050 contiki-sky.a(csma.o)
                               0x1590 (size before relaxing)
 .stab          0x00020fdc      0x930 contiki-sky.a(framer-802154.o)
                                0xf54 (size before relaxing)
 .stab          0x0002190c      0x3fc contiki-sky.a(framer.o)
                                0xc54 (size before relaxing)
 .stab          0x00021d08      0x1f8 contiki-sky.a(mac.o)
                                0x4ec (size before relaxing)
 .stab          0x00021f00      0x2c4 contiki-sky.a(linkaddr.o)
                                0x6c0 (size before relaxing)
 .stab          0x000221c4      0xd80 contiki-sky.a(nbr-table.o)
                               0x1428 (size before relaxing)
 .stab          0x00022f44      0xdb0 contiki-sky.a(packetbuf.o)
                               0x1ed8 (size before relaxing)
 .stab          0x00023cf4      0xaa4 contiki-sky.a(queuebuf.o)
                               0x1bb4 (size before relaxing)
 .stab          0x00024798     0x1884 contiki-sky.a(contikimac.o)
                               0x22f8 (size before relaxing)
 .stab          0x0002601c      0x75c contiki-sky.a(nullsec.o)
                                0xda4 (size before relaxing)
 .stab          0x00026778      0xbb8 contiki-sky.a(sht11.o)
                               0x10e0 (size before relaxing)
 .stab          0x00027330      0x204 contiki-sky.a(spi.o)
                                0x42c (size before relaxing)
 .stab          0x00027534      0x51c contiki-sky.a(compower.o)
                                0xd20 (size before relaxing)
 .stab          0x00027a50      0x3c0 contiki-sky.a(stimer.o)
                                0x600 (size before relaxing)
 .stab          0x00027e10      0x5c4 contiki-sky.a(memb.o)
                                0xaf8 (size before relaxing)
 .stab          0x000283d4      0x924 contiki-sky.a(frame802154.o)
                               0x10f8 (size before relaxing)
 .stab          0x00028cf8      0x648 contiki-sky.a(mac-sequence.o)
                               0x1770 (size before relaxing)

.stabstr        0x00000000    0x1b81d
 *(.stabstr)
 .stabstr       0x00000000    0x1b81d hello-world.co

.stab.excl
 *(.stab.excl)

.stab.exclstr
 *(.stab.exclstr)

.stab.index
 *(.stab.index)

.stab.indexstr
 *(.stab.indexstr)

.comment
 *(.comment)

.debug
 *(.debug)

.line
 *(.line)

.debug_srcinfo
 *(.debug_srcinfo)

.debug_sfnames
 *(.debug_sfnames)

.debug_aranges  0x00000000      0x190
 *(.debug_aranges)
 .debug_aranges
                0x00000000       0x14 /usr/lib/gcc/msp430/4.6.3/mmpy-16/libgcc.a(_mulsi3.o)
 .debug_aranges
                0x00000014       0x14 /usr/lib/gcc/msp430/4.6.3/mmpy-16/libgcc.a(_udivmod16.o)
 .debug_aranges
                0x00000028       0x14 /usr/lib/gcc/msp430/4.6.3/mmpy-16/libgcc.a(_divmod16.o)
 .debug_aranges
                0x0000003c       0x14 /usr/lib/gcc/msp430/4.6.3/mmpy-16/libgcc.a(_udivmod32.o)
 .debug_aranges
                0x00000050       0x14 /usr/lib/gcc/msp430/4.6.3/../../../../msp430/lib/mmpy-16/libc.a(strncmp.o)
 .debug_aranges
                0x00000064       0x14 /usr/lib/gcc/msp430/4.6.3/../../../../msp430/lib/mmpy-16/libc.a(memcmp.o)
 .debug_aranges
                0x00000078       0x14 /usr/lib/gcc/msp430/4.6.3/../../../../msp430/lib/mmpy-16/libc.a(memcpy.o)
 .debug_aranges
                0x0000008c       0x14 /usr/lib/gcc/msp430/4.6.3/../../../../msp430/lib/mmpy-16/libc.a(memmove.o)
 .debug_aranges
                0x000000a0       0x14 /usr/lib/gcc/msp430/4.6.3/../../../../msp430/lib/mmpy-16/libc.a(memset.o)
 .debug_aranges
                0x000000b4       0x14 /usr/lib/gcc/msp430/4.6.3/../../../../msp430/lib/mmpy-16/libc.a(printf.o)
 .debug_aranges
                0x000000c8       0x14 /usr/lib/gcc/msp430/4.6.3/../../../../msp430/lib/mmpy-16/libc.a(vuprintf.o)
 .debug_aranges
                0x000000dc       0x14 /usr/lib/gcc/msp430/4.6.3/../../../../msp430/lib/mmpy-16/libc.a(puts.o)
 .debug_aranges
                0x000000f0       0x14 /usr/lib/gcc/msp430/4.6.3/../../../../msp430/lib/mmpy-16/libc.a(rand.o)
 .debug_aranges
                0x00000104       0x14 /usr/lib/gcc/msp430/4.6.3/mmpy-16/libgcc.a(_udivmod64.o)
 .debug_aranges
                0x00000118       0x14 /usr/lib/gcc/msp430/4.6.3/mmpy-16/libcrt0.a(__watchdog_support.o)
 .debug_aranges
                0x0000012c       0x14 /usr/lib/gcc/msp430/4.6.3/mmpy-16/libcrt0.a(__init_stack.o)
 .debug_aranges
                0x00000140       0x14 /usr/lib/gcc/msp430/4.6.3/mmpy-16/libcrt0.a(_copy_data.o)
 .debug_aranges
                0x00000154       0x14 /usr/lib/gcc/msp430/4.6.3/mmpy-16/libcrt0.a(_clear_bss.o)
 .debug_aranges
                0x00000168       0x14 /usr/lib/gcc/msp430/4.6.3/mmpy-16/libcrt0.a(_endless_loop__.o)
 .debug_aranges
                0x0000017c       0x14 /usr/lib/gcc/msp430/4.6.3/mmpy-16/libcrt0.a(_unexpected_.o)

.debug_pubnames
 *(.debug_pubnames)

.debug_info     0x00000000     0x1584
 *(.debug_info)
 .debug_info    0x00000000       0xd6 /usr/lib/gcc/msp430/4.6.3/mmpy-16/libgcc.a(_mulsi3.o)
 .debug_info    0x000000d6       0xd6 /usr/lib/gcc/msp430/4.6.3/mmpy-16/libgcc.a(_udivmod16.o)
 .debug_info    0x000001ac       0xd6 /usr/lib/gcc/msp430/4.6.3/mmpy-16/libgcc.a(_divmod16.o)
 .debug_info    0x00000282       0xd6 /usr/lib/gcc/msp430/4.6.3/mmpy-16/libgcc.a(_udivmod32.o)
 .debug_info    0x00000358       0xbb /usr/lib/gcc/msp430/4.6.3/../../../../msp430/lib/mmpy-16/libc.a(strncmp.o)
 .debug_info    0x00000413       0xe8 /usr/lib/gcc/msp430/4.6.3/../../../../msp430/lib/mmpy-16/libc.a(memcmp.o)
 .debug_info    0x000004fb      0x113 /usr/lib/gcc/msp430/4.6.3/../../../../msp430/lib/mmpy-16/libc.a(memcpy.o)
 .debug_info    0x0000060e      0x113 /usr/lib/gcc/msp430/4.6.3/../../../../msp430/lib/mmpy-16/libc.a(memmove.o)
 .debug_info    0x00000721       0xfe /usr/lib/gcc/msp430/4.6.3/../../../../msp430/lib/mmpy-16/libc.a(memset.o)
 .debug_info    0x0000081f      0x105 /usr/lib/gcc/msp430/4.6.3/../../../../msp430/lib/mmpy-16/libc.a(printf.o)
 .debug_info    0x00000924      0x565 /usr/lib/gcc/msp430/4.6.3/../../../../msp430/lib/mmpy-16/libc.a(vuprintf.o)
 .debug_info    0x00000e89       0x96 /usr/lib/gcc/msp430/4.6.3/../../../../msp430/lib/mmpy-16/libc.a(puts.o)
 .debug_info    0x00000f1f      0x13f /usr/lib/gcc/msp430/4.6.3/../../../../msp430/lib/mmpy-16/libc.a(rand.o)
 .debug_info    0x0000105e       0xd6 /usr/lib/gcc/msp430/4.6.3/mmpy-16/libgcc.a(_udivmod64.o)
 .debug_info    0x00001134       0xb8 /usr/lib/gcc/msp430/4.6.3/mmpy-16/libcrt0.a(__watchdog_support.o)
 .debug_info    0x000011ec       0xb8 /usr/lib/gcc/msp430/4.6.3/mmpy-16/libcrt0.a(__init_stack.o)
 .debug_info    0x000012a4       0xb8 /usr/lib/gcc/msp430/4.6.3/mmpy-16/libcrt0.a(_copy_data.o)
 .debug_info    0x0000135c       0xb8 /usr/lib/gcc/msp430/4.6.3/mmpy-16/libcrt0.a(_clear_bss.o)
 .debug_info    0x00001414       0xb8 /usr/lib/gcc/msp430/4.6.3/mmpy-16/libcrt0.a(_endless_loop__.o)
 .debug_info    0x000014cc       0xb8 /usr/lib/gcc/msp430/4.6.3/mmpy-16/libcrt0.a(_unexpected_.o)
 *(.gnu.linkonce.wi.*)

.debug_abbrev   0x00000000      0x7cc
 *(.debug_abbrev)
 .debug_abbrev  0x00000000       0x14 /usr/lib/gcc/msp430/4.6.3/mmpy-16/libgcc.a(_mulsi3.o)
 .debug_abbrev  0x00000014       0x14 /usr/lib/gcc/msp430/4.6.3/mmpy-16/libgcc.a(_udivmod16.o)
 .debug_abbrev  0x00000028       0x14 /usr/lib/gcc/msp430/4.6.3/mmpy-16/libgcc.a(_divmod16.o)
 .debug_abbrev  0x0000003c       0x14 /usr/lib/gcc/msp430/4.6.3/mmpy-16/libgcc.a(_udivmod32.o)
 .debug_abbrev  0x00000050       0x7c /usr/lib/gcc/msp430/4.6.3/../../../../msp430/lib/mmpy-16/libc.a(strncmp.o)
 .debug_abbrev  0x000000cc       0x9b /usr/lib/gcc/msp430/4.6.3/../../../../msp430/lib/mmpy-16/libc.a(memcmp.o)
 .debug_abbrev  0x00000167       0x97 /usr/lib/gcc/msp430/4.6.3/../../../../msp430/lib/mmpy-16/libc.a(memcpy.o)
 .debug_abbrev  0x000001fe       0x97 /usr/lib/gcc/msp430/4.6.3/../../../../msp430/lib/mmpy-16/libc.a(memmove.o)
 .debug_abbrev  0x00000295       0x9c /usr/lib/gcc/msp430/4.6.3/../../../../msp430/lib/mmpy-16/libc.a(memset.o)