Archive member included to satisfy reference by file (symbol)

contiki-native.a(serial-shell.o)
                              example-shell.co (serial_shell_init)
contiki-native.a(shell.o)     contiki-native.a(serial-shell.o) (shell_input)
contiki-native.a(shell-vars.o)
                              example-shell.co (shell_vars_init)
contiki-native.a(shell-ps.o)  example-shell.co (shell_ps_init)
contiki-native.a(shell-blink.o)
                              example-shell.co (shell_blink_init)
contiki-native.a(shell-text.o)
                              example-shell.co (shell_text_init)
contiki-native.a(shell-time.o)
                              example-shell.co (shell_time_init)
contiki-native.a(shell-file.o)
                              example-shell.co (shell_file_init)
contiki-native.a(shell-run.o)
                              example-shell.co (shell_run_init)
contiki-native.a(shell-power.o)
                              example-shell.co (shell_power_init)
contiki-native.a(shell-base64.o)
                              example-shell.co (shell_base64_init)
contiki-native.a(shell-rime.o)
                              example-shell.co (shell_rime_init)
contiki-native.a(shell-sendtest.)
                              example-shell.co (shell_sendtest_init)
contiki-native.a(shell-rime-ping)
                              example-shell.co (shell_rime_ping_init)
contiki-native.a(shell-rime-snif)
                              example-shell.co (shell_rime_sniff_init)
contiki-native.a(shell-rime-netc)
                              example-shell.co (shell_rime_netcmd_init)
contiki-native.a(shell-rime-debu)
                              example-shell.co (shell_rime_debug_init)
contiki-native.a(shell-rime-send)
                              example-shell.co (shell_rime_sendcmd_init)
contiki-native.a(shell-download.)
                              example-shell.co (shell_download_init)
contiki-native.a(shell-wget.o)
                              example-shell.co (shell_wget_init)
contiki-native.a(shell-httpd.o)
                              example-shell.co (shell_httpd_init)
contiki-native.a(shell-irc.o)
                              example-shell.co (shell_irc_init)
contiki-native.a(shell-tcpsend.o)
                              example-shell.co (shell_tcpsend_init)
contiki-native.a(shell-udpsend.o)
                              example-shell.co (shell_udpsend_init)
contiki-native.a(http-strings.o)
                              contiki-native.a(shell-wget.o) (http_http)
contiki-native.a(httpd-cfs.o)
                              contiki-native.a(shell-httpd.o) (httpd_appcall)
contiki-native.a(urlconv.o)   contiki-native.a(httpd-cfs.o) (urlconv_init)
contiki-native.a(webclient.o)
                              contiki-native.a(shell-wget.o) (webclient_get)
contiki-native.a(http-user-agent)
                              contiki-native.a(webclient.o) (http_user_agent_fields)
contiki-native.a(ircc.o)      contiki-native.a(shell-irc.o) (ircc_appcall)
contiki-native.a(ircc-strings.o)
                              contiki-native.a(ircc.o) (ircc_strings_version_string)
contiki-native.a(telnet.o)    contiki-native.a(shell-tcpsend.o) (telnet_send)
contiki-native.a(contiki-main.o)
                              /usr/lib/gcc/i686-linux-gnu/4.8/../../../i386-linux-gnu/crt1.o (main)
contiki-native.a(clock.o)     contiki-native.a(shell-time.o) (clock_time)
contiki-native.a(leds.o)      contiki-native.a(shell-download.) (leds_on)
contiki-native.a(leds-arch.o)
                              contiki-native.a(leds.o) (leds_arch_init)
contiki-native.a(button-sensor.o)
                              contiki-native.a(contiki-main.o) (button_sensor)
contiki-native.a(pir-sensor.o)
                              contiki-native.a(contiki-main.o) (pir_sensor)
contiki-native.a(vib-sensor.o)
                              contiki-native.a(contiki-main.o) (vib_sensor)
contiki-native.a(sensors.o)   contiki-native.a(button-sensor.o) (sensors_changed)
contiki-native.a(cfs-posix.o)
                              contiki-native.a(shell-file.o) (cfs_open)
contiki-native.a(cfs-posix-dir.o)
                              contiki-native.a(shell-file.o) (cfs_opendir)
contiki-native.a(autostart.o)
                              contiki-native.a(contiki-main.o) (autostart_start)
contiki-native.a(compower.o)  contiki-native.a(shell-power.o) (compower_idle_activity)
contiki-native.a(ctimer.o)    contiki-native.a(contiki-main.o) (ctimer_init)
contiki-native.a(energest.o)  contiki-native.a(shell-power.o) (energest_type_time)
contiki-native.a(etimer.o)    contiki-native.a(contiki-main.o) (etimer_request_poll)
contiki-native.a(process.o)   contiki-native.a(shell.o) (process_current)
contiki-native.a(rtimer.o)    contiki-native.a(contiki-main.o) (rtimer_init)
contiki-native.a(timer.o)     contiki-native.a(httpd-cfs.o) (timer_set)
contiki-native.a(serial-line.o)
                              contiki-native.a(serial-shell.o) (serial_line_event_message)
[...]
Memory Configuration

Name             Origin             Length             Attributes
*default*        0x0000000000000000 0xffffffffffffffff

Linker script and memory map

LOAD /usr/lib/gcc/i686-linux-gnu/4.8/../../../i386-linux-gnu/crt1.o
LOAD /usr/lib/gcc/i686-linux-gnu/4.8/../../../i386-linux-gnu/crti.o
LOAD /usr/lib/gcc/i686-linux-gnu/4.8/crtbegin.o
LOAD example-shell.co
LOAD contiki-native.a
LOAD /usr/lib/gcc/i686-linux-gnu/4.8/../../../i386-linux-gnu/libncurses.so
LOAD /lib/i386-linux-gnu/libncurses.so.5
LOAD /usr/lib/gcc/i686-linux-gnu/4.8/../../../i386-linux-gnu/libtinfo.so
LOAD /usr/lib/gcc/i686-linux-gnu/4.8/libgcc.a
LOAD /usr/lib/gcc/i686-linux-gnu/4.8/libgcc_s.so
LOAD /usr/lib/gcc/i686-linux-gnu/4.8/../../../i386-linux-gnu/libc.so
START GROUP
LOAD /lib/i386-linux-gnu/libc.so.6
LOAD /usr/lib/i386-linux-gnu/libc_nonshared.a
LOAD /lib/i386-linux-gnu/ld-linux.so.2
END GROUP
LOAD /usr/lib/gcc/i686-linux-gnu/4.8/libgcc.a
LOAD /usr/lib/gcc/i686-linux-gnu/4.8/libgcc_s.so
LOAD /usr/lib/gcc/i686-linux-gnu/4.8/crtend.o
LOAD /usr/lib/gcc/i686-linux-gnu/4.8/../../../i386-linux-gnu/crtn.o
                0x0000000008048000                PROVIDE (__executable_start, 0x8048000)
                0x0000000008048154                . = (0x8048000 + SIZEOF_HEADERS)

.interp         0x0000000008048154       0x13
 *(.interp)
 .interp        0x0000000008048154       0x13 /usr/lib/gcc/i686-linux-gnu/4.8/../../../i386-linux-gnu/crt1.o

.note.ABI-tag   0x0000000008048168       0x20
 .note.ABI-tag  0x0000000008048168       0x20 /usr/lib/gcc/i686-linux-gnu/4.8/../../../i386-linux-gnu/crt1.o

.note.gnu.build-id
                0x0000000008048188       0x24
 *(.note.gnu.build-id)
 .note.gnu.build-id
                0x0000000008048188       0x24 /usr/lib/gcc/i686-linux-gnu/4.8/../../../i386-linux-gnu/crt1.o

.hash
 *(.hash)

.gnu.hash       0x00000000080481ac     0x1358
 *(.gnu.hash)
 .gnu.hash      0x00000000080481ac     0x1358 /usr/lib/gcc/i686-linux-gnu/4.8/../../../i386-linux-gnu/crt1.o

.dynsym         0x0000000008049504     0x2790
 *(.dynsym)
 .dynsym        0x0000000008049504     0x2790 /usr/lib/gcc/i686-linux-gnu/4.8/../../../i386-linux-gnu/crt1.o

.dynstr         0x000000000804bc94     0x26a4
 *(.dynstr)
 .dynstr        0x000000000804bc94     0x26a4 /usr/lib/gcc/i686-linux-gnu/4.8/../../../i386-linux-gnu/crt1.o

.gnu.version    0x000000000804e338      0x4f2
 *(.gnu.version)
 .gnu.version   0x000000000804e338      0x4f2 /usr/lib/gcc/i686-linux-gnu/4.8/../../../i386-linux-gnu/crt1.o

.gnu.version_d  0x000000000804e82c        0x0
 *(.gnu.version_d)
 .gnu.version_d
                0x0000000000000000        0x0 /usr/lib/gcc/i686-linux-gnu/4.8/../../../i386-linux-gnu/crt1.o

.gnu.version_r  0x000000000804e82c       0x50
 *(.gnu.version_r)
 .gnu.version_r
                0x000000000804e82c       0x50 /usr/lib/gcc/i686-linux-gnu/4.8/../../../i386-linux-gnu/crt1.o

.rel.dyn        0x000000000804e87c       0x18
 *(.rel.init)
 *(.rel.text .rel.text.* .rel.gnu.linkonce.t.*)
 .rel.text      0x0000000000000000        0x0 /usr/lib/gcc/i686-linux-gnu/4.8/../../../i386-linux-gnu/crt1.o
 *(.rel.fini)
 *(.rel.rodata .rel.rodata.* .rel.gnu.linkonce.r.*)
 .rel.rodata    0x0000000000000000        0x0 /usr/lib/gcc/i686-linux-gnu/4.8/../../../i386-linux-gnu/crt1.o
 *(.rel.data.rel.ro .rel.data.rel.ro.* .rel.gnu.linkonce.d.rel.ro.*)
 *(.rel.data .rel.data.* .rel.gnu.linkonce.d.*)
 .rel.data      0x0000000000000000        0x0 /usr/lib/gcc/i686-linux-gnu/4.8/../../../i386-linux-gnu/crt1.o
 *(.rel.tdata .rel.tdata.* .rel.gnu.linkonce.td.*)
 *(.rel.tbss .rel.tbss.* .rel.gnu.linkonce.tb.*)
 *(.rel.ctors)
 *(.rel.dtors)
 *(.rel.got)
 .rel.got       0x000000000804e87c        0x8 /usr/lib/gcc/i686-linux-gnu/4.8/../../../i386-linux-gnu/crt1.o
 *(.rel.bss .rel.bss.* .rel.gnu.linkonce.b.*)
 .rel.bss       0x000000000804e884       0x10 /usr/lib/gcc/i686-linux-gnu/4.8/../../../i386-linux-gnu/crt1.o
 *(.rel.ifunc)

.rel.plt        0x000000000804e894      0x160
 *(.rel.plt)
 .rel.plt       0x000000000804e894      0x160 /usr/lib/gcc/i686-linux-gnu/4.8/../../../i386-linux-gnu/crt1.o
                0x000000000804e9f4                PROVIDE (__rel_iplt_start, .)
 *(.rel.iplt)
 .rel.iplt      0x0000000000000000        0x0 /usr/lib/gcc/i686-linux-gnu/4.8/../../../i386-linux-gnu/crt1.o
                0x000000000804e9f4                PROVIDE (__rel_iplt_end, .)

.init           0x000000000804e9f4       0x23
 *(SORT(.init))
 .init          0x000000000804e9f4       0x1e /usr/lib/gcc/i686-linux-gnu/4.8/../../../i386-linux-gnu/crti.o
                0x000000000804e9f4                _init
 .init          0x000000000804ea12        0x5 /usr/lib/gcc/i686-linux-gnu/4.8/../../../i386-linux-gnu/crtn.o

.plt            0x000000000804ea20      0x2d0
 *(.plt)
 .plt           0x000000000804ea20      0x2d0 /usr/lib/gcc/i686-linux-gnu/4.8/../../../i386-linux-gnu/crt1.o
                0x000000000804ea30                __strcat_chk@@GLIBC_2.3.4
                0x000000000804ea40                setitimer@@GLIBC_2.0
                0x000000000804ea50                __snprintf_chk@@GLIBC_2.3.4
                0x000000000804ea60                strcmp@@GLIBC_2.0
                0x000000000804ea70                read@@GLIBC_2.0
                0x000000000804ea80                memcpy@@GLIBC_2.0
                0x000000000804ea90                signal@@GLIBC_2.0
                0x000000000804eaa0                lseek@@GLIBC_2.0
                0x000000000804eab0                memcmp@@GLIBC_2.0
                0x000000000804eac0                gettimeofday@@GLIBC_2.0
                0x000000000804ead0                select@@GLIBC_2.0
                0x000000000804eae0                __stack_chk_fail@@GLIBC_2.4
                0x000000000804eaf0                perror@@GLIBC_2.0
                0x000000000804eb00                strcpy@@GLIBC_2.0
                0x000000000804eb10                puts@@GLIBC_2.0
                0x000000000804eb20                __memcpy_chk@@GLIBC_2.3.4
                0x000000000804eb40                open@@GLIBC_2.0
                0x000000000804eb50                srand@@GLIBC_2.0
                0x000000000804eb60                strchr@@GLIBC_2.0
                0x000000000804eb70                __libc_start_main@@GLIBC_2.0
                0x000000000804eb80                write@@GLIBC_2.0
                0x000000000804eb90                strcasecmp@@GLIBC_2.0
                0x000000000804eba0                setvbuf@@GLIBC_2.0
                0x000000000804ebb0                memset@@GLIBC_2.0
                0x000000000804ebc0                putchar@@GLIBC_2.0
                0x000000000804ebd0                __errno_location@@GLIBC_2.0
                0x000000000804ebe0                strncpy@@GLIBC_2.0
                0x000000000804ebf0                __strncpy_chk@@GLIBC_2.3.4
                0x000000000804ec00                strncasecmp@@GLIBC_2.0
                0x000000000804ec10                rand@@GLIBC_2.0
                0x000000000804ec20                __printf_chk@@GLIBC_2.3.4
                0x000000000804ec30                readdir@@GLIBC_2.0
                0x000000000804ec40                strrchr@@GLIBC_2.0
                0x000000000804ec50                remove@@GLIBC_2.0
                0x000000000804ec60                __fprintf_chk@@GLIBC_2.3.4
                0x000000000804ec70                __strncat_chk@@GLIBC_2.3.4
                0x000000000804ec80                strncmp@@GLIBC_2.0
                0x000000000804ec90                close@@GLIBC_2.0
                0x000000000804eca0                closedir@@GLIBC_2.0
                0x000000000804ecb0                opendir@@GLIBC_2.0
                0x000000000804ecc0                __ctype_tolower_loc@@GLIBC_2.3
                0x000000000804ecd0                __ctype_b_loc@@GLIBC_2.3
                0x000000000804ece0                __sprintf_chk@@GLIBC_2.3.4
 *(.iplt)
 .iplt          0x0000000000000000        0x0 /usr/lib/gcc/i686-linux-gnu/4.8/../../../i386-linux-gnu/crt1.o

.text           0x000000000804ecf0    0x11982
 *(.text.unlikely .text.*_unlikely .text.unlikely.*)
 *(.text.exit .text.exit.*)
 *(.text.startup .text.startup.*)
 *(.text.hot .text.hot.*)
 *(.text .stub .text.* .gnu.linkonce.t.*)
 .text          0x000000000804ecf0       0x22 /usr/lib/gcc/i686-linux-gnu/4.8/../../../i386-linux-gnu/crt1.o
                0x000000000804ecf0                _start
 .text          0x000000000804ed12        0x0 /usr/lib/gcc/i686-linux-gnu/4.8/../../../i386-linux-gnu/crti.o
 *fill*         0x000000000804ed12        0xe 
 .gnu.linkonce.t.__x86.get_pc_thunk.bx
                0x000000000804ed20        0x4 /usr/lib/gcc/i686-linux-gnu/4.8/../../../i386-linux-gnu/crti.o
                0x000000000804ed20                __x86.get_pc_thunk.bx
 *fill*         0x000000000804ed24        0xc 
 .text          0x000000000804ed30       0xbd /usr/lib/gcc/i686-linux-gnu/4.8/crtbegin.o
 *fill*         0x000000000804eded        0x3 
 .text          0x000000000804edf0       0x99 example-shell.co
 *fill*         0x000000000804ee89        0x7 
 .text          0x000000000804ee90      0x14d contiki-native.a(serial-shell.o)
                0x000000000804ef0c                shell_default_output
                0x000000000804ef87                shell_prompt
                0x000000000804efc0                shell_exit
                0x000000000804efc2                serial_shell_init
 *fill*         0x000000000804efdd        0x3 
 .text          0x000000000804efe0      0xadc contiki-native.a(shell.o)
                0x000000000804f0b6                shell_input
                0x000000000804f131                shell_output_str
                0x000000000804f576                shell_start_command
                0x000000000804f713                shell_output
                0x000000000804f76b                shell_unregister_command
                0x000000000804f786                shell_register_command
                0x000000000804f81a                shell_init
                0x000000000804f8c0                shell_strtolong
                0x000000000804f93a                shell_time
                0x000000000804f94c                shell_set_time
                0x000000000804fa41                shell_start
                0x000000000804fa8c                shell_stop
                0x000000000804fa98                shell_quit
 .text          0x000000000804fabc      0x26e contiki-native.a(shell-vars.o)
                0x000000000804fd0b                shell_vars_init
 .text          0x000000000804fd2a       0xb1 contiki-native.a(shell-ps.o)
                0x000000000804fdc8                shell_ps_init
 *fill*         0x000000000804fddb        0x5 
 .text          0x000000000804fde0      0x267 contiki-native.a(shell-blink.o)
                0x0000000008050034                shell_blink_init
 *fill*         0x0000000008050047        0x9 
 .text          0x0000000008050050      0x569 contiki-native.a(shell-text.o)
                0x0000000008050582                shell_text_init
 *fill*         0x00000000080505b9        0x7 
 .text          0x00000000080505c0      0x718 contiki-native.a(shell-time.o)
                0x0000000008050ca1                shell_time_init
 *fill*         0x0000000008050cd8        0x8 
 .text          0x0000000008050ce0      0x712 contiki-native.a(shell-file.o)
                0x00000000080513af                shell_file_init
 .text          0x00000000080513f2       0x84 contiki-native.a(shell-run.o)
                0x0000000008051463                shell_run_init
 .text          0x0000000008051476      0x3d1 contiki-native.a(shell-power.o)
                0x000000000805181c                shell_power_init
 .text          0x0000000008051847      0x236 contiki-native.a(shell-base64.o)
                0x0000000008051a6a                shell_base64_init
 *fill*         0x0000000008051a7d        0x3 
 .text          0x0000000008051a80      0x613 contiki-native.a(shell-rime.o)
                0x0000000008052018                shell_rime_init
 *fill*         0x0000000008052093        0xd 
 .text          0x00000000080520a0      0x4ce contiki-native.a(shell-sendtest.)
                0x000000000805253f                shell_sendtest_init
 .text          0x000000000805256e      0x396 contiki-native.a(shell-rime-ping)
                0x00000000080528d5                shell_rime_ping_init
 .text          0x0000000008052904      0x227 contiki-native.a(shell-rime-snif)
                0x0000000008052b18                shell_rime_sniff_init
 *fill*         0x0000000008052b2b        0x5 
 .text          0x0000000008052b30      0x281 contiki-native.a(shell-rime-netc)
                0x0000000008052d7a                shell_rime_netcmd_init
 .text          0x0000000008052db1      0x3ac contiki-native.a(shell-rime-debu)
                0x0000000008053106                shell_rime_debug_init
 .text          0x000000000805315d      0x31b contiki-native.a(shell-rime-send)
                0x0000000008053449                shell_rime_sendcmd_init
 .text          0x0000000008053478      0x4ba contiki-native.a(shell-download.)
                0x00000000080538ec                shell_download_init
 *fill*         0x0000000008053932        0xe 
 .text          0x0000000008053940      0x426 contiki-native.a(shell-wget.o)
                0x0000000008053c6e                shell_wget_init
                0x0000000008053c81                webclient_datahandler
                0x0000000008053cc5                webclient_connected
                0x0000000008053ce8                webclient_timedout
                0x0000000008053d12                webclient_aborted
                0x0000000008053d3c                webclient_closed
 *fill*         0x0000000008053d66        0xa 
 .text          0x0000000008053d70      0x11a contiki-native.a(shell-httpd.o)
                0x0000000008053dcb                shell_httpd_init
                0x0000000008053dde                webserver_log_file
                0x0000000008053e67                webserver_log
 *fill*         0x0000000008053e8a        0x6 
 .text          0x0000000008053e90      0x3be contiki-native.a(shell-irc.o)
                0x0000000008053e90                ircc_text_output
                0x00000000080541ec                ircc_sent
                0x00000000080541ee                ircc_closed
                0x0000000008054218                ircc_connected
                0x000000000805423b                shell_irc_init
 *fill*         0x000000000805424e        0x2 
 .text          0x0000000008054250      0x337 contiki-native.a(shell-tcpsend.o)
                0x0000000008054416                telnet_text_output
                0x0000000008054497                telnet_newdata
                0x00000000080544cb                telnet_sent
                0x00000000080544d3                telnet_closed
                0x00000000080544fd                telnet_aborted
                0x0000000008054527                telnet_timedout
                0x0000000008054551                telnet_connected
                0x0000000008054574                shell_tcpsend_init
 .text          0x0000000008054587      0x218 contiki-native.a(shell-udpsend.o)
                0x000000000805478c                shell_udpsend_init
 .text          0x000000000805479f        0x0 contiki-native.a(http-strings.o)
 *fill*         0x000000000805479f        0x1 
 .text          0x00000000080547a0      0x6de contiki-native.a(httpd-cfs.o)
                0x0000000008054cb7                httpd_appcall
                0x0000000008054e5a                httpd_init
 *fill*         0x0000000008054e7e        0x2 
 .text          0x0000000008054e80      0x264 contiki-native.a(urlconv.o)
                0x0000000008054e80                urlconv_init
                0x0000000008054ecf                urlconv_tofilename
 *fill*         0x00000000080550e4        0xc 
 .text          0x00000000080550f0      0x91a contiki-native.a(webclient.o)
                0x00000000080552ea                webclient_mimetype
                0x00000000080552f0                webclient_filename
                0x00000000080552f6                webclient_hostname
                0x00000000080552fc                webclient_port
                0x0000000008055304                webclient_init
                0x0000000008055306                webclient_close
                0x000000000805530e                webclient_get
                0x0000000008055440                webclient_appcall
 .text          0x0000000008055a0a        0x0 contiki-native.a(http-user-agent)
 *fill*         0x0000000008055a0a        0x6 
 .text          0x0000000008055a10      0xeb0 contiki-native.a(ircc.o)
                0x000000000805675c                ircc_init
                0x000000000805675e                ircc_appcall
                0x0000000008056810                ircc_connect
                0x0000000008056859                ircc_list
                0x0000000008056862                ircc_join
                0x000000000805688e                ircc_part
                0x0000000008056897                ircc_quit
                0x00000000080568a0                ircc_msg
                0x00000000080568b0                ircc_actionmsg
 .text          0x00000000080568c0        0x0 contiki-native.a(ircc-strings.o)
 .text          0x00000000080568c0      0x1ce contiki-native.a(telnet.o)
                0x000000000805690d                telnet_send
                0x0000000008056938                telnet_close
                0x0000000008056947                telnet_abort
                0x0000000008056956                telnet_connect
                0x0000000008056991                telnet_app
 *fill*         0x0000000008056a8e        0x2 
 .text          0x0000000008056a90      0x3a5 contiki-native.a(contiki-main.o)
                0x0000000008056ada                select_set_callback
                0x0000000008056b79                main
                0x0000000008056dd5                log_message
                0x0000000008056e09                uip_log
 .text          0x0000000008056e35       0x5e contiki-native.a(clock.o)
                0x0000000008056e35                clock_time
                0x0000000008056e72                clock_seconds
                0x0000000008056e91                clock_delay
 .text          0x0000000008056e93       0xd1 contiki-native.a(leds.o)
                0x0000000008056e93                leds_init
                0x0000000008056ea6                leds_get
                0x0000000008056eb2                leds_set
                0x0000000008056ecd                leds_on
                0x0000000008056eee                leds_off
                0x0000000008056f12                leds_toggle
                0x0000000008056f33                leds_blink
 .text          0x0000000008056f64       0x1a contiki-native.a(leds-arch.o)
                0x0000000008056f64                leds_arch_init
                0x0000000008056f6c                leds_arch_get
                0x0000000008056f74                leds_arch_set
 .text          0x0000000008056f7e       0x25 contiki-native.a(button-sensor.o)
                0x0000000008056f90                button_press
 .text          0x0000000008056fa3       0x2f contiki-native.a(pir-sensor.o)
                0x0000000008056fb5                pir_sensor_changed
 .text          0x0000000008056fd2       0x2c contiki-native.a(vib-sensor.o)
                0x0000000008056fe4                vib_sensor_changed
 *fill*         0x0000000008056ffe        0x2 
 .text          0x0000000008057000      0x258 contiki-native.a(sensors.o)
                0x0000000008057144                sensors_first
                0x000000000805714a                sensors_next
                0x000000000805718e                sensors_changed
                0x00000000080571e4                sensors_find
 .text          0x0000000008057258      0x10a contiki-native.a(cfs-posix.o)
                0x0000000008057258                cfs_open
                0x00000000080572be                cfs_close
                0x00000000080572d1                cfs_read
                0x00000000080572f4                cfs_write
                0x0000000008057317                cfs_seek
                0x000000000805734f                cfs_remove
 .text          0x0000000008057362       0x8e contiki-native.a(cfs-posix-dir.o)
                0x0000000008057362                cfs_opendir
                0x0000000008057383                cfs_readdir
                0x00000000080573d7                cfs_closedir
 .text          0x00000000080573f0       0x58 contiki-native.a(autostart.o)
                0x00000000080573f0                autostart_start
                0x0000000008057420                autostart_exit
 .text          0x0000000008057448      0x102 contiki-native.a(compower.o)
                0x0000000008057448                compower_init
                0x000000000805745d                compower_accumulate
                0x00000000080574ab                compower_clear
                0x00000000080574bd                compower_attrconv
                0x000000000805750f                compower_accumulate_attrs
 *fill*         0x000000000805754a        0x6 
 .text          0x0000000008057550      0x2aa contiki-native.a(ctimer.o)
                0x000000000805762c                ctimer_init
                0x000000000805765a                ctimer_set
                0x00000000080576c5                ctimer_reset
                0x000000000805770e                ctimer_restart
                0x0000000008057757                ctimer_stop
                0x0000000008057798                ctimer_expired
 .text          0x00000000080577fa        0xc contiki-native.a(energest.o)
                0x00000000080577fa                energest_type_set
                0x00000000080577fc                energest_init
                0x00000000080577fe                energest_type_time
                0x0000000008057804                energest_flush
 *fill*         0x0000000008057806        0xa 
 .text          0x0000000008057810      0x2e3 contiki-native.a(etimer.o)
                0x0000000008057861                etimer_request_poll
                0x00000000080579dd                etimer_set
                0x0000000008057a01                etimer_reset
                0x0000000008057a1d                etimer_restart
                0x0000000008057a39                etimer_adjust
                0x0000000008057a4f                etimer_expired
                0x0000000008057a5e                etimer_expiration_time
                0x0000000008057a68                etimer_start_time
                0x0000000008057a6f                etimer_pending
                0x0000000008057a7d                etimer_next_expiration_time
                0x0000000008057a91                etimer_stop
 *fill*         0x0000000008057af3        0xd 
 .text          0x0000000008057b00      0x3c0 contiki-native.a(process.o)
                0x0000000008057c68                process_alloc_event
                0x0000000008057c79                process_exit
                0x0000000008057c8f                process_init
                0x0000000008057cb9                process_run
                0x0000000008057d98                process_nevents
                0x0000000008057dac                process_post
                0x0000000008057e12                process_post_synch
                0x0000000008057e39                process_start
                0x0000000008057e90                process_poll
                0x0000000008057eb1                process_is_running
 .text          0x0000000008057ec0       0x89 contiki-native.a(rtimer.o)
                0x0000000008057ec0                rtimer_init
                0x0000000008057ecc                rtimer_set
                0x0000000008057f0d                rtimer_run_next
 .text          0x0000000008057f49       0x72 contiki-native.a(timer.o)
                0x0000000008057f49                timer_set
                0x0000000008057f64                timer_reset
                0x0000000008057f6e                timer_restart
                0x0000000008057f80                timer_expired
                0x0000000008057fa0                timer_remaining
 .text          0x0000000008057fbb      0x1b0 contiki-native.a(serial-line.o)
                0x00000000080580c1                serial_line_input_byte
                0x0000000008058134                serial_line_init
 .text          0x000000000805816b       0x68 contiki-native.a(crc16.o)
                0x000000000805816b                crc16_add
                0x000000000805819c                crc16_data
 *fill*         0x00000000080581d3        0xd 
 .text          0x00000000080581e0      0x171 contiki-native.a(list.o)
                0x00000000080581e0                list_init
                0x00000000080581eb                list_head
                0x00000000080581f2                list_copy
                0x00000000080581ff                list_tail
                0x000000000805821a                list_chop
                0x000000000805824a                list_pop
                0x000000000805825a                list_remove
                0x0000000008058299                list_add
                0x00000000080582d0                list_push
                0x00000000080582f5                list_length
                0x0000000008058315                list_insert
                0x0000000008058340                list_item_next
 .text          0x0000000008058351       0x20 contiki-native.a(random.o)
                0x0000000008058351                random_init
                0x0000000008058365                random_rand
 .text          0x0000000008058371       0xc4 contiki-native.a(ringbuf.o)
                0x0000000008058371                ringbuf_init
                0x000000000805838f                ringbuf_put
                0x00000000080583d8                ringbuf_get
                0x0000000008058414                ringbuf_size
                0x0000000008058420                ringbuf_elements
 *fill*         0x0000000008058435        0xb 
 .text          0x0000000008058440     0x159d contiki-native.a(uip.o)
                0x00000000080584e0                uip_setipid
                0x00000000080584eb                uip_add32
                0x00000000080585cd                uip_chksum
                0x00000000080585e5                uip_ipchksum
                0x000000000805860d                uip_tcpchksum
                0x0000000008058619                uip_udpchksum
                0x0000000008058625                uip_init
                0x0000000008058676                uip_connect
                0x00000000080587a6                uip_udp_new
                0x0000000008058894                uip_unlisten
                0x00000000080588f3                uip_listen
                0x000000000805894e                uip_process
                0x0000000008059975                uip_htons
                0x000000000805997f                uip_htonl
                0x0000000008059999                uip_send
 *fill*         0x00000000080599dd        0x3 
 .text          0x00000000080599e0     0x127f contiki-native.a(resolv.o)
                0x0000000008059e7d                resolv_set_hostname
                0x000000000805a845                resolv_get_hostname
                0x000000000805a84b                resolv_query
                0x000000000805abb1                resolv_lookup
 *fill*         0x000000000805ac5f        0x1 
 .text          0x000000000805ac60      0x5a8 contiki-native.a(tcpip.o)
                0x000000000805ac83                tcpip_output
                0x000000000805af1a                tcpip_set_outputfunc
                0x000000000805af24                tcp_unlisten
                0x000000000805af8b                tcp_listen
                0x000000000805b001                tcp_attach
                0x000000000805b016                udp_attach
                0x000000000805b02b                udp_new
                0x000000000805b05b                udp_broadcast_new
                0x000000000805b0bd                tcpip_input
                0x000000000805b0e9                tcpip_poll_udp
                0x000000000805b10c                tcpip_poll_tcp
                0x000000000805b12f                tcp_connect
                0x000000000805b16c                tcpip_uipcall
 .text          0x000000000805b208       0xb6 contiki-native.a(uiplib.o)
                0x000000000805b208                uiplib_ip4addrconv
 .text          0x000000000805b2be       0x5a contiki-native.a(uip-nameserver.)
                0x000000000805b2be                uip_nameserver_update
                0x000000000805b2d3                uip_nameserver_get
                0x000000000805b2e7                uip_nameserver_next_expiration
                0x000000000805b2ed                uip_nameserver_count
 .text          0x000000000805b318       0xb9 contiki-native.a(uip-udp-packet.)
                0x000000000805b318                uip_udp_packet_send
                0x000000000805b388                uip_udp_packet_sendto
 .text          0x000000000805b3d1       0xe2 contiki-native.a(broadcast.o)
                0x000000000805b43a                broadcast_open
                0x000000000805b479                broadcast_close
                0x000000000805b48c                broadcast_send
 *fill*         0x000000000805b4b3        0xd 
 .text          0x000000000805b4c0       0xc3 contiki-native.a(channel.o)
                0x000000000805b4c0                channel_init
                0x000000000805b4d3                channel_open
                0x000000000805b4f6                channel_close
                0x000000000805b511                channel_lookup
                0x000000000805b553                channel_set_attributes
 *fill*         0x000000000805b583        0xd 
 .text          0x000000000805b590     0x12d4 contiki-native.a(collect.o)
                0x000000000805c45b                collect_open
                0x000000000805c570                collect_set_keepalive
                0x000000000805c58a                collect_close
                0x000000000805c5c3                collect_set_sink
                0x000000000805c648                collect_send
                0x000000000805c802                collect_depth
                0x000000000805c80e                collect_parent
                0x000000000805c818                collect_purge
                0x000000000805c862                collect_print_stats
 .text          0x000000000805c864       0xae contiki-native.a(collect-link-es)
                0x000000000805c864                collect_link_estimate_new
                0x000000000805c878                collect_link_estimate_update_tx
                0x000000000805c8bb                collect_link_estimate_update_tx_fail
                0x000000000805c8df                collect_link_estimate_update_rx
                0x000000000805c8e1                collect_link_estimate
                0x000000000805c8ff                collect_link_estimate_num_estimates
 *fill*         0x000000000805c912        0xe 
 .text          0x000000000805c920      0x565 contiki-native.a(collect-neighbo)
                0x000000000805c9de                collect_neighbor_init
                0x000000000805ca02                collect_neighbor_list_new
                0x000000000805ca4a                collect_neighbor_list_find
                0x000000000805caac                collect_neighbor_list_add
                0x000000000805cbb4                collect_neighbor_list
                0x000000000805cbc6                collect_neighbor_list_remove
                0x000000000805cc0e                collect_neighbor_list_num
                0x000000000805cc2d                collect_neighbor_list_get
                0x000000000805cc7f                collect_neighbor_list_purge
                0x000000000805ccbc                collect_neighbor_update_rtmetric
                0x000000000805ccd4                collect_neighbor_tx_fail
                0x000000000805cd07                collect_neighbor_tx
                0x000000000805cd3a                collect_neighbor_rx
                0x000000000805cd5c                collect_neighbor_rtmetric_link_estimate
                0x000000000805cd83                collect_neighbor_list_best
                0x000000000805cdec                collect_neighbor_rtmetric
                0x000000000805cdff                collect_neighbor_set_congested
                0x000000000805ce21                collect_neighbor_is_congested
                0x000000000805ce48                collect_neighbor_link_estimate
 .text          0x000000000805ce85      0x280 contiki-native.a(mesh.o)
                0x000000000805d034                mesh_open
                0x000000000805d092                mesh_close
                0x000000000805d0b2                mesh_send
                0x000000000805d0f3                mesh_ready
 .text          0x000000000805d105      0x21e contiki-native.a(multihop.o)
                0x000000000805d105                data_packet_received
                0x000000000805d217                multihop_open
                0x000000000805d256                multihop_close
                0x000000000805d269                multihop_send
                0x000000000805d308                multihop_resend
 .text          0x000000000805d323      0x19f contiki-native.a(packetqueue.o)
                0x000000000805d36a                packetqueue_init
                0x000000000805d38e                packetqueue_enqueue_packetbuf
                0x000000000805d41a                packetqueue_first
                0x000000000805d431                packetqueue_dequeue
                0x000000000805d487                packetqueue_len
                0x000000000805d49e                packetqueue_queuebuf
                0x000000000805d4b0                packetqueue_ptr
 *fill*         0x000000000805d4c2        0xe 
 .text          0x000000000805d4d0      0x147 contiki-native.a(rime.o)
                0x000000000805d5ad                rime_sniffer_add
                0x000000000805d5c8                rime_sniffer_remove
                0x000000000805d5e3                rime_output
 *fill*         0x000000000805d617        0x9 
 .text          0x000000000805d620      0x2fe contiki-native.a(route.o)
                0x000000000805d6a2                route_init
                0x000000000805d6e5                route_lookup
                0x000000000805d749                route_add
                0x000000000805d804                route_refresh
                0x000000000805d816                route_remove
                0x000000000805d843                route_decay
                0x000000000805d871                route_flush_all
                0x000000000805d89a                route_set_lifetime
                0x000000000805d8a4                route_num
                0x000000000805d8da                route_get
 .text          0x000000000805d91e      0x352 contiki-native.a(route-discovery)
                0x000000000805db3d                route_discovery_open
                0x000000000805db96                route_discovery_close
                0x000000000805dbc1                route_discovery_discover
 .text          0x000000000805dc70      0x285 contiki-native.a(rucb.o)
                0x000000000805de38                rucb_open
                0x000000000805de87                rucb_close
                0x000000000805de9a                rucb_send
 .text          0x000000000805def5      0x28e contiki-native.a(runicast.o)
                0x000000000805e07f                runicast_open
                0x000000000805e0ca                runicast_close
                0x000000000805e0dd                runicast_is_transmitting
                0x000000000805e0e6                runicast_send
 .text          0x000000000805e183      0x1bf contiki-native.a(stunicast.o)
                0x000000000805e1ce                stunicast_open
                0x000000000805e1fb                stunicast_receiver
                0x000000000805e203                stunicast_set_timer
                0x000000000805e268                stunicast_send_stubborn
                0x000000000805e2dc                stunicast_send
                0x000000000805e2f7                stunicast_cancel
                0x000000000805e325                stunicast_close
 .text          0x000000000805e342      0x2b6 contiki-native.a(trickle.o)
                0x000000000805e511                trickle_open
                0x000000000805e56b                trickle_close
                0x000000000805e596                trickle_send
 .text          0x000000000805e5f8       0xe6 contiki-native.a(unicast.o)
                0x000000000805e665                unicast_open
                0x000000000805e6a4                unicast_close
                0x000000000805e6b7                unicast_send
 .text          0x000000000805e6de       0x55 contiki-native.a(linkaddr.o)
                0x000000000805e6de                linkaddr_copy
                0x000000000805e6ed                linkaddr_cmp
                0x000000000805e718                linkaddr_set_node_addr
 *fill*         0x000000000805e733        0xd 
 .text          0x000000000805e740       0x21 contiki-native.a(netstack.o)
                0x000000000805e740                netstack_init
 .text          0x000000000805e761      0x412 contiki-native.a(packetbuf.o)
                0x000000000805e761                packetbuf_clear_hdr
                0x000000000805e769                packetbuf_compact
                0x000000000805e7ae                packetbuf_copyto_hdr
                0x000000000805e7e0                packetbuf_copyto
                0x000000000805e860                packetbuf_hdr_remove
                0x000000000805e86b                packetbuf_hdrreduce
                0x000000000805e897                packetbuf_set_datalen
                0x000000000805e8a2                packetbuf_dataptr
                0x000000000805e8af                packetbuf_hdrptr
                0x000000000805e8bc                packetbuf_datalen
                0x000000000805e8c4                packetbuf_hdrlen
                0x000000000805e8dc                packetbuf_totlen
                0x000000000805e8ec                packetbuf_hdralloc
                0x000000000805e92f                packetbuf_attr_clear
                0x000000000805e972                packetbuf_clear
                0x000000000805e9a1                packetbuf_copyfrom
                0x000000000805e9e7                packetbuf_attr_copyto
                0x000000000805ea73                packetbuf_attr_copyfrom
                0x000000000805eafe                packetbuf_set_attr
                0x000000000805eb15                packetbuf_attr
                0x000000000805eb23                packetbuf_set_addr
                0x000000000805eb4b                packetbuf_addr
                0x000000000805eb58                packetbuf_holds_broadcast
 .text          0x000000000805eb73      0x1ef contiki-native.a(queuebuf.o)
                0x000000000805eb73                queuebuf_init
                0x000000000805eb92                queuebuf_numfree
                0x000000000805eba5                queuebuf_new_from_packetbuf
                0x000000000805ec16                queuebuf_update_attr_from_packetbuf
                0x000000000805ec3a                queuebuf_update_from_packetbuf
                0x000000000805ec70                queuebuf_free
                0x000000000805ecb3                queuebuf_to_packetbuf
                0x000000000805ed01                queuebuf_dataptr
                0x000000000805ed2b                queuebuf_datalen
                0x000000000805ed39                queuebuf_addr
                0x000000000805ed4c                queuebuf_attr
                0x000000000805ed60                queuebuf_debug_print
 .text          0x000000000805ed62       0x52 contiki-native.a(nullmac.o)
 *fill*         0x000000000805edb4        0xc 
 .text          0x000000000805edc0      0x15d contiki-native.a(nullrdc.o)
 .text          0x000000000805ef1d       0x54 contiki-native.a(nullsec.o)
 .text          0x000000000805ef71        0x0 contiki-native.a(symbols.o)
 *fill*         0x000000000805ef71        0xf 
 .text          0x000000000805ef80      0x429 contiki-native.a(psock.o)
                0x000000000805ef80                psock_send
                0x000000000805f07e                psock_generator_send
                0x000000000805f138                psock_datalen
                0x000000000805f144                psock_newdata
                0x000000000805f172                psock_readto
                0x000000000805f23a                psock_readbuf_len
                0x000000000805f37a                psock_init
 *fill*         0x000000000805f3a9        0x7 
 .text          0x000000000805f3b0      0x172 contiki-native.a(memb.o)
                0x000000000805f3b0                memb_init
                0x000000000805f3f9                memb_alloc
                0x000000000805f457                memb_free
                0x000000000805f4c4                memb_inmemb
                0x000000000805f4f1                memb_numfree
 .text          0x000000000805f522       0xac contiki-native.a(rtimer-arch.o)
                0x000000000805f542                rtimer_arch_init
                0x000000000805f55d                rtimer_arch_schedule
 .text          0x000000000805f5ce       0x54 contiki-native.a(nullradio.o)
 .text          0x000000000805f622       0xa0 contiki-native.a(abc.o)
                0x000000000805f622                abc_open
                0x000000000805f659                abc_close
                0x000000000805f66c                abc_send
                0x000000000805f67f                abc_input
                0x000000000805f698                abc_sent
 *fill*         0x000000000805f6c2        0xe 
 .text          0x000000000805f6d0      0x1ff contiki-native.a(announcement.o)
                0x000000000805f6d0                announcement_init
                0x000000000805f6e3                announcement_register
                0x000000000805f745                announcement_remove
                0x000000000805f760                announcement_remove_value
                0x000000000805f7a1                announcement_set_value
                0x000000000805f7ef                announcement_bump
                0x000000000805f829                announcement_listen
                0x000000000805f843                announcement_register_listen_callback
                0x000000000805f84d                announcement_register_observer_callback
                0x000000000805f857                announcement_list
                0x000000000805f86a                announcement_heard
 .text          0x000000000805f8cf      0x20c contiki-native.a(broadcast-annou)
                0x000000000805fa5f                broadcast_announcement_init
                0x000000000805faaa                broadcast_announcement_stop
                0x000000000805fad5                broadcast_announcement_beacon_interval
 .text          0x000000000805fadb       0x81 contiki-native.a(chameleon.o)
                0x000000000805fadb                chameleon_init
                0x000000000805fae7                chameleon_parse
                0x000000000805fb12                chameleon_create
                0x000000000805fb48                chameleon_hdrsize
 .text          0x000000000805fb5c      0x230 contiki-native.a(netflood.o)
                0x000000000805fcb3                netflood_open
                0x000000000805fcef                netflood_close
                0x000000000805fd02                netflood_send
                0x000000000805fd79                netflood_cancel
 .text          0x000000000805fd8c       0xac contiki-native.a(framer-nullmac.)
 .text          0x000000000805fe38       0x28 contiki-native.a(mac.o)
                0x000000000805fe38                mac_call_sent_callback
 .text          0x000000000805fe60      0x50f contiki-native.a(chameleon-bitop)
                0x000000000805fe84                get_bits_in_byte
                0x000000000805feb9                get_bits
                0x0000000008060104                set_bits_in_byte
                0x0000000008060128                set_bits
 .text          0x000000000806036f      0x25e contiki-native.a(ipolite.o)
                0x000000000806047d                ipolite_open
                0x00000000080604b5                ipolite_close
                0x00000000080604eb                ipolite_send
                0x000000000806059f                ipolite_cancel
 .text          0x00000000080605cd       0x2a contiki-native.a(framer.o)
                0x00000000080605cd                framer_canonical_create_and_secure
 *fill*         0x00000000080605f7        0x9 
 .text          0x0000000008060600       0x72 /usr/lib/i386-linux-gnu/libc_nonshared.a(elf-init.oS)
                0x0000000008060600                __libc_csu_init
                0x0000000008060670                __libc_csu_fini
 .text          0x0000000008060672        0x0 /usr/lib/gcc/i686-linux-gnu/4.8/crtend.o
 .text          0x0000000008060672        0x0 /usr/lib/gcc/i686-linux-gnu/4.8/../../../i386-linux-gnu/crtn.o
 *(.gnu.warning)

.fini           0x0000000008060674       0x14
 *(SORT(.fini))
 .fini          0x0000000008060674        0xf /usr/lib/gcc/i686-linux-gnu/4.8/../../../i386-linux-gnu/crti.o
                0x0000000008060674                _fini
 .fini          0x0000000008060683        0x5 /usr/lib/gcc/i686-linux-gnu/4.8/../../../i386-linux-gnu/crtn.o
                0x0000000008060688                PROVIDE (__etext, .)
                0x0000000008060688                PROVIDE (_etext, .)
                0x0000000008060688                PROVIDE (etext, .)

.rodata         0x00000000080606a0     0x1aa0
 *(.rodata .rodata.* .gnu.linkonce.r.*)
 .rodata        0x00000000080606a0        0x4 /usr/lib/gcc/i686-linux-gnu/4.8/../../../i386-linux-gnu/crt1.o
                0x00000000080606a0                _fp_hw
 .rodata.cst4   0x00000000080606a4        0x4 /usr/lib/gcc/i686-linux-gnu/4.8/../../../i386-linux-gnu/crt1.o
                0x00000000080606a4                _IO_stdin_used
 .rodata        0x00000000080606a8        0x8 example-shell.co
                0x00000000080606a8                autostart_processes
 .rodata.str1.1
                0x00000000080606b0        0xe example-shell.co
 .rodata.str1.1
                0x00000000080606be       0x23 contiki-native.a(serial-shell.o)
                                         0x24 (size before relaxing)
 .rodata.str1.1
                0x00000000080606e1      0x101 contiki-native.a(shell.o)
                                        0x107 (size before relaxing)
 *fill*         0x00000000080607e2        0x2 
 .rodata.str1.4
                0x00000000080607e4       0x9b contiki-native.a(shell.o)
 .rodata.str1.1
                0x000000000806087f       0x55 contiki-native.a(shell-vars.o)
                                         0x56 (size before relaxing)
 .rodata.str1.4
                0x00000000080608d4       0x84 contiki-native.a(shell-vars.o)
 .rodata.str1.1
                0x0000000008060958        0xe contiki-native.a(shell-ps.o)
                                          0xf (size before relaxing)
 *fill*         0x0000000008060966        0x2 
 .rodata.str1.4
                0x0000000008060968       0x1f contiki-native.a(shell-ps.o)
 .rodata.str1.1
                0x0000000008060987        0x6 contiki-native.a(shell-blink.o)
 *fill*         0x000000000806098d        0x3 
 .rodata.str1.4
                0x0000000008060990       0x26 contiki-native.a(shell-blink.o)
 .rodata.str1.1
                0x00000000080609b6       0x40 contiki-native.a(shell-text.o)
                                         0x41 (size before relaxing)
 *fill*         0x00000000080609f6        0x2 
 .rodata.str1.4
                0x00000000080609f8       0x7e contiki-native.a(shell-text.o)
 .rodata.str1.1
                0x0000000008060a76       0x45 contiki-native.a(shell-time.o)
                                         0x4e (size before relaxing)
 *fill*         0x0000000008060abb        0x1 
 .rodata.str1.4
                0x0000000008060abc      0x10c contiki-native.a(shell-time.o)
 .rodata.str1.1
                0x0000000008060bc8       0xab contiki-native.a(shell-file.o)
                                         0xb0 (size before relaxing)
 *fill*         0x0000000008060c73        0x1 
 .rodata.str1.4
                0x0000000008060c74      0x17e contiki-native.a(shell-file.o)
 .rodata.str1.1
                0x0000000008060df2       0x3f contiki-native.a(shell-run.o)
                                         0x42 (size before relaxing)
 *fill*         0x0000000008060e31        0x3 
 .rodata.str1.4
                0x0000000008060e34       0x23 contiki-native.a(shell-run.o)
 .rodata.str1.1
                0x0000000008060e57       0x4f contiki-native.a(shell-power.o)
                                         0x50 (size before relaxing)
 *fill*         0x0000000008060ea6        0x2 
 .rodata.str1.4
                0x0000000008060ea8       0x82 contiki-native.a(shell-power.o)
 .rodata.str1.1
                0x0000000008060f2a       0x21 contiki-native.a(shell-base64.o)
                                         0x22 (size before relaxing)
 .rodata.str1.1
                0x0000000008060f4b       0x53 contiki-native.a(shell-rime.o)
                                         0x5d (size before relaxing)
 *fill*         0x0000000008060f9e        0x2 
 .rodata.str1.4
                0x0000000008060fa0      0x15f contiki-native.a(shell-rime.o)
 *fill*         0x00000000080610ff        0x1 
 .rodata        0x0000000008061100        0x4 contiki-native.a(shell-rime.o)
 .rodata.str1.1
                0x0000000008061104       0xb2 contiki-native.a(shell-sendtest.)
                                         0xb3 (size before relaxing)
 *fill*         0x00000000080611b6        0x2 
 .rodata.str1.4
                0x00000000080611b8       0x90 contiki-native.a(shell-sendtest.)
 .rodata        0x0000000008061248        0xc contiki-native.a(shell-sendtest.)
 .rodata.str1.1
                0x0000000008061254       0x5e contiki-native.a(shell-rime-ping)
                                         0x5f (size before relaxing)
 *fill*         0x00000000080612b2        0x2 
 .rodata.str1.4
                0x00000000080612b4       0x75 contiki-native.a(shell-rime-ping)
 *fill*         0x0000000008061329        0x3 
 .rodata        0x000000000806132c        0xc contiki-native.a(shell-rime-ping)
 .rodata.str1.1
                0x0000000008061338       0x23 contiki-native.a(shell-rime-snif)
 .rodata.str1.1
                0x000000000806135b       0x43 contiki-native.a(shell-rime-netc)
                                         0x46 (size before relaxing)
 *fill*         0x000000000806139e        0x2 
 .rodata.str1.4
                0x00000000080613a0       0x64 contiki-native.a(shell-rime-netc)
 .rodata        0x0000000008061404        0x4 contiki-native.a(shell-rime-netc)
 .rodata.str1.1
                0x0000000008061408       0x2e contiki-native.a(shell-rime-debu)
                                         0x35 (size before relaxing)
 *fill*         0x0000000008061436        0x2 
 .rodata.str1.4
                0x0000000008061438      0x11b contiki-native.a(shell-rime-debu)
 *fill*         0x0000000008061553        0x1 
 .rodata        0x0000000008061554       0x10 contiki-native.a(shell-rime-debu)
 .rodata.str1.1
                0x0000000008061564       0x2b contiki-native.a(shell-rime-send)
                                         0x4e (size before relaxing)
 *fill*         0x000000000806158f        0x1 
 .rodata.str1.4
                0x0000000008061590       0x7c contiki-native.a(shell-rime-send)
 .rodata        0x000000000806160c        0x8 contiki-native.a(shell-rime-send)
 .rodata.str1.1
                0x0000000008061614       0x4a contiki-native.a(shell-download.)
                                         0x4e (size before relaxing)
 *fill*         0x000000000806165e        0x2 
 .rodata.str1.4
                0x0000000008061660       0xd4 contiki-native.a(shell-download.)
 .rodata        0x0000000008061734       0x18 contiki-native.a(shell-download.)
 .rodata.str1.1
                0x000000000806174c       0x71 contiki-native.a(shell-wget.o)
                                         0x81 (size before relaxing)
 *fill*         0x00000000080617bd        0x3 
 .rodata.str1.4
                0x00000000080617c0       0x26 contiki-native.a(shell-wget.o)
 .rodata.str1.1
                0x00000000080617e6       0x31 contiki-native.a(shell-httpd.o)
                                         0x32 (size before relaxing)
 .rodata.str1.1
                0x0000000008061817       0x54 contiki-native.a(shell-irc.o)
                                         0x6c (size before relaxing)
 *fill*         0x000000000806186b        0x1 
 .rodata.str1.4
                0x000000000806186c       0x4f contiki-native.a(shell-irc.o)
 .rodata.str1.1
                0x00000000080618bb       0x30 contiki-native.a(shell-tcpsend.o)
                                         0x4d (size before relaxing)
 *fill*         0x00000000080618eb        0x1 
 .rodata.str1.4
                0x00000000080618ec       0x89 contiki-native.a(shell-tcpsend.o)
 .rodata.str1.1
                0x0000000008061975       0x17 contiki-native.a(shell-udpsend.o)
                                         0x18 (size before relaxing)
 .rodata.str1.4
                0x000000000806198c       0x74 contiki-native.a(shell-udpsend.o)
                                         0x71 (size before relaxing)
 .rodata        0x0000000008061a00      0x29a contiki-native.a(http-strings.o)
                0x0000000008061a00                http_redirect
                0x0000000008061a13                http_txt
                0x0000000008061a18                http_text
                0x0000000008061a1e                http_jpg
                0x0000000008061a23                http_gif
                0x0000000008061a28                http_png
                0x0000000008061a2d                http_css
                0x0000000008061a32                http_htm
                0x0000000008061a37                http_shtml
                0x0000000008061a3e                http_html
                0x0000000008061a60                http_content_type_binary
                0x0000000008061a8b                http_content_type_jpg
                0x0000000008061aa8                http_content_type_gif
                0x0000000008061ac4                http_content_type_png
                0x0000000008061ae0                http_content_type_text
                0x0000000008061afc                http_content_type_css
                0x0000000008061b17                http_content_type_html
                0x0000000008061b33                http_content_type_plain
                0x0000000008061b60                http_header_404
                0x0000000008061bc0                http_header_200
                0x0000000008061c15                http_referer
                0x0000000008061c1e                http_404_html
                0x0000000008061c28                http_index_html
                0x0000000008061c34                http_index_htm
                0x0000000008061c3f                http_crnl
                0x0000000008061c42                http_host
                0x0000000008061c49                http_location
                0x0000000008061c54                http_content_type
                0x0000000008061c63                http_11
                0x0000000008061c6c                http_10
                0x0000000008061c75                http_get
                0x0000000008061c7a                http_302
                0x0000000008061c7f                http_301
                0x0000000008061c84                http_200
                0x0000000008061c89                http_https
                0x0000000008061c92                http_http
 .rodata.str1.1
                0x0000000008061c9a       0x51 contiki-native.a(httpd-cfs.o)
                                         0x5b (size before relaxing)
 .rodata.str1.1
                0x0000000008061ceb        0xc contiki-native.a(urlconv.o)
 .rodata.str1.1
                0x0000000000000000        0xc contiki-native.a(webclient.o)
                                          0x2 (size before relaxing)
 *fill*         0x0000000008061cf7        0x9 
 .rodata        0x0000000008061d00       0x4e contiki-native.a(http-user-agent)
                0x0000000008061d00                http_user_agent_fields
 .rodata.str1.1
                0x0000000008061d4e       0x21 contiki-native.a(ircc.o)
 .rodata        0x0000000008061d6f       0x81 contiki-native.a(ircc-strings.o)
                0x0000000008061d6f                ircc_strings_version_string
                0x0000000008061d7d                ircc_strings_ctcpcrnl
                0x0000000008061d81                ircc_strings_version_query
                0x0000000008061d8b                ircc_strings_version
                0x0000000008061d94                ircc_strings_action
                0x0000000008061d9d                ircc_strings_notice
                0x0000000008061da5                ircc_strings_ping
                0x0000000008061dab                ircc_strings_colon
                0x0000000008061dae                ircc_strings_privmsg
                0x0000000008061db7                ircc_strings_list
                0x0000000008061dbd                ircc_strings_part
                0x0000000008061dc3                ircc_strings_crnl
                0x0000000008061dc6                ircc_strings_join
                0x0000000008061dcc                ircc_strings_colon_contiki
                0x0000000008061dd8                ircc_strings_contiki
                0x0000000008061de2                ircc_strings_crnl_user
                0x0000000008061dea                ircc_strings_nick
 .rodata.str1.1
                0x0000000008061df0       0x5e contiki-native.a(contiki-main.o)
                                         0x62 (size before relaxing)
 *fill*         0x0000000008061e4e        0x2 
 .rodata        0x0000000008061e50        0x8 contiki-native.a(contiki-main.o)
 .rodata.str1.1
                0x0000000008061e58        0x7 contiki-native.a(button-sensor.o)
 *fill*         0x0000000008061e5f        0x1 
 .rodata        0x0000000008061e60       0x10 contiki-native.a(button-sensor.o)
                0x0000000008061e60                button_sensor
 .rodata.str1.1
                0x0000000008061e70        0x4 contiki-native.a(pir-sensor.o)
 .rodata        0x0000000008061e74       0x10 contiki-native.a(pir-sensor.o)
                0x0000000008061e74                pir_sensor
 .rodata.str1.1
                0x0000000008061e84        0xa contiki-native.a(vib-sensor.o)
 *fill*         0x0000000008061e8e        0x2 
 .rodata        0x0000000008061e90       0x10 contiki-native.a(vib-sensor.o)
                0x0000000008061e90                vib_sensor
 .rodata.str1.1
                0x0000000008061ea0        0x8 contiki-native.a(sensors.o)
 .rodata.str1.1
                0x0000000008061ea8        0xf contiki-native.a(ctimer.o)
 .rodata.str1.1
                0x0000000008061eb7        0xc contiki-native.a(etimer.o)
 .rodata.str1.1
                0x0000000008061ec3        0xe contiki-native.a(serial-line.o)
 *fill*         0x0000000008061ed1        0x3 
 .rodata        0x0000000008061ed4       0x4c contiki-native.a(uip.o)
                0x0000000008061f18                uip_all_zeroes_addr
                0x0000000008061f1c                uip_broadcast_addr
 .rodata.str1.1
                0x0000000008061f20       0x27 contiki-native.a(resolv.o)
 *fill*         0x0000000008061f47        0x1 
 .rodata        0x0000000008061f48       0x1c contiki-native.a(resolv.o)
 .rodata.str1.1
                0x0000000008061f64        0xd contiki-native.a(tcpip.o)
 *fill*         0x0000000008061f71        0x3 
 .rodata        0x0000000008061f74        0xc contiki-native.a(broadcast.o)
 .rodata        0x0000000008061f80       0x1c contiki-native.a(collect.o)
 .rodata        0x0000000008061f9c       0x10 contiki-native.a(mesh.o)
 .rodata        0x0000000008061fac       0x14 contiki-native.a(multihop.o)
 .rodata.str1.1
                0x0000000008061fc0        0x5 contiki-native.a(rime.o)
 *fill*         0x0000000008061fc5        0x3 
 .rodata        0x0000000008061fc8        0xc contiki-native.a(rime.o)
                0x0000000008061fc8                rime_driver
 .rodata        0x0000000008061fd4       0x14 contiki-native.a(route-discovery)
 .rodata        0x0000000008061fe8        0xc contiki-native.a(rucb.o)
 .rodata        0x0000000008061ff4       0x12 contiki-native.a(runicast.o)
 *fill*         0x0000000008062006        0x2 
 .rodata        0x0000000008062008        0x8 contiki-native.a(stunicast.o)
 .rodata        0x0000000008062010        0xe contiki-native.a(trickle.o)
 *fill*         0x000000000806201e        0x2 
 .rodata        0x0000000008062020        0xe contiki-native.a(unicast.o)
 .rodata        0x000000000806202e        0x2 contiki-native.a(linkaddr.o)
                0x000000000806202e                linkaddr_null
 .rodata.str1.1
                0x0000000008062030        0x8 contiki-native.a(nullmac.o)
 .rodata        0x0000000008062038       0x1c contiki-native.a(nullmac.o)
                0x0000000008062038                nullmac_driver
 .rodata.str1.1
                0x0000000008062054        0x8 contiki-native.a(nullrdc.o)
 *fill*         0x000000000806205c        0x4 
 .rodata        0x0000000008062060       0x20 contiki-native.a(nullrdc.o)
                0x0000000008062060                nullrdc_driver
 .rodata.str1.1
                0x0000000008062080        0x8 contiki-native.a(nullsec.o)
 .rodata        0x0000000008062088       0x18 contiki-native.a(nullsec.o)
                0x0000000008062088                nullsec_driver
 .rodata        0x00000000080620a0        0xc contiki-native.a(symbols.o)
                0x00000000080620a0                symbols
                0x00000000080620a8                symbols_nelts
 *fill*         0x00000000080620ac       0x14 
 .rodata        0x00000000080620c0       0x38 contiki-native.a(nullradio.o)
                0x00000000080620c0                nullradio_driver
 .rodata        0x00000000080620f8        0x2 contiki-native.a(abc.o)
 *fill*         0x00000000080620fa        0x2 
 .rodata        0x00000000080620fc        0x8 contiki-native.a(broadcast-annou)
 .rodata        0x0000000008062104        0xc contiki-native.a(netflood.o)
 .rodata        0x0000000008062110       0x10 contiki-native.a(framer-nullmac.)
                0x0000000008062110                framer_nullmac
 .rodata        0x0000000008062120       0x15 contiki-native.a(chameleon-bitop)
                0x0000000008062120                chameleon_bitopt
 *fill*         0x0000000008062135        0x3 
 .rodata        0x0000000008062138        0x8 contiki-native.a(ipolite.o)

.rodata1
 *(.rodata1)

.eh_frame_hdr   0x0000000008062140     0x13f4
 *(.eh_frame_hdr)
 .eh_frame_hdr  0x0000000008062140     0x13f4 example-shell.co

.eh_frame       0x0000000008063534     0x51d8
 *(.eh_frame)
 .eh_frame      0x0000000008063534       0x3c /usr/lib/gcc/i686-linux-gnu/4.8/../../../i386-linux-gnu/crt1.o
                                         0x40 (size before relaxing)
 .eh_frame      0x0000000008063570       0x24 example-shell.co
                                         0x3c (size before relaxing)
 .eh_frame      0x0000000008063594       0xac contiki-native.a(serial-shell.o)
                                         0xc4 (size before relaxing)
 .eh_frame      0x0000000008063640      0x37c contiki-native.a(shell.o)
                                        0x394 (size before relaxing)
 .eh_frame      0x00000000080639bc       0x84 contiki-native.a(shell-vars.o)
                                         0x9c (size before relaxing)
 .eh_frame      0x0000000008063a40       0x4c contiki-native.a(shell-ps.o)
                                         0x64 (size before relaxing)
 .eh_frame      0x0000000008063a8c       0x4c contiki-native.a(shell-blink.o)
                                         0x64 (size before relaxing)
 .eh_frame      0x0000000008063ad8       0xf0 contiki-native.a(shell-text.o)
                                        0x108 (size before relaxing)
 .eh_frame      0x0000000008063bc8      0x13c contiki-native.a(shell-time.o)
                                        0x154 (size before relaxing)
 .eh_frame      0x0000000008063d04      0x118 contiki-native.a(shell-file.o)
                                        0x130 (size before relaxing)
 .eh_frame      0x0000000008063e1c       0x3c contiki-native.a(shell-run.o)
                                         0x54 (size before relaxing)
 .eh_frame      0x0000000008063e58       0xd0 contiki-native.a(shell-power.o)
                                         0xe8 (size before relaxing)
 .eh_frame      0x0000000008063f28       0x8c contiki-native.a(shell-base64.o)
                                         0xa4 (size before relaxing)
 .eh_frame      0x0000000008063fb4      0x14c contiki-native.a(shell-rime.o)
                                        0x164 (size before relaxing)
 .eh_frame      0x0000000008064100       0xb0 contiki-native.a(shell-sendtest.)
                                         0xc8 (size before relaxing)
 .eh_frame      0x00000000080641b0       0xac contiki-native.a(shell-rime-ping)
                                         0xc4 (size before relaxing)
 .eh_frame      0x000000000806425c       0xb4 contiki-native.a(shell-rime-snif)
                                         0xcc (size before relaxing)
 .eh_frame      0x0000000008064310       0xa8 contiki-native.a(shell-rime-netc)
                                         0xc0 (size before relaxing)
 .eh_frame      0x00000000080643b8       0xd0 contiki-native.a(shell-rime-debu)
                                         0xe8 (size before relaxing)
 .eh_frame      0x0000000008064488       0xa8 contiki-native.a(shell-rime-send)
                                         0xc0 (size before relaxing)
 .eh_frame      0x0000000008064530      0x11c contiki-native.a(shell-download.)
                                        0x134 (size before relaxing)
 .eh_frame      0x000000000806464c       0xe8 contiki-native.a(shell-wget.o)
                                        0x100 (size before relaxing)
 .eh_frame      0x0000000008064734       0x80 contiki-native.a(shell-httpd.o)
                                         0x98 (size before relaxing)
 .eh_frame      0x00000000080647b4       0xc8 contiki-native.a(shell-irc.o)
                                         0xe0 (size before relaxing)
 .eh_frame      0x000000000806487c      0x104 contiki-native.a(shell-tcpsend.o)
                                        0x11c (size before relaxing)
 .eh_frame      0x0000000008064980       0x4c contiki-native.a(shell-udpsend.o)
                                         0x64 (size before relaxing)
 .eh_frame      0x00000000080649cc       0xd8 contiki-native.a(httpd-cfs.o)
                                         0xf0 (size before relaxing)
 .eh_frame      0x0000000008064aa4       0x6c contiki-native.a(urlconv.o)
                                         0x84 (size before relaxing)
 .eh_frame      0x0000000008064b10      0x198 contiki-native.a(webclient.o)
                                        0x1b0 (size before relaxing)
 .eh_frame      0x0000000008064ca8      0x184 contiki-native.a(ircc.o)
                                        0x19c (size before relaxing)
 .eh_frame      0x0000000008064e2c       0xa4 contiki-native.a(telnet.o)
                                         0xbc (size before relaxing)
 .eh_frame      0x0000000008064ed0       0x90 contiki-native.a(contiki-main.o)
                                         0xa8 (size before relaxing)
 .eh_frame      0x0000000008064f60       0x4c contiki-native.a(clock.o)
                                         0x64 (size before relaxing)
 .eh_frame      0x0000000008064fac       0xb0 contiki-native.a(leds.o)
                                         0xc8 (size before relaxing)
 .eh_frame      0x000000000806505c       0x3c contiki-native.a(leds-arch.o)
                                         0x54 (size before relaxing)
 .eh_frame      0x0000000008065098       0x54 contiki-native.a(button-sensor.o)
                                         0x6c (size before relaxing)
 .eh_frame      0x00000000080650ec       0x54 contiki-native.a(pir-sensor.o)
                                         0x6c (size before relaxing)
 .eh_frame      0x0000000008065140       0x54 contiki-native.a(vib-sensor.o)
                                         0x6c (size before relaxing)
 .eh_frame      0x0000000008065194       0xa0 contiki-native.a(sensors.o)
                                         0xb8 (size before relaxing)
 .eh_frame      0x0000000008065234       0x90 contiki-native.a(cfs-posix.o)
                                         0xa8 (size before relaxing)
 .eh_frame      0x00000000080652c4       0x54 contiki-native.a(cfs-posix-dir.o)
                                         0x6c (size before relaxing)
 .eh_frame      0x0000000008065318       0x40 contiki-native.a(autostart.o)
                                         0x58 (size before relaxing)
 .eh_frame      0x0000000008065358       0x9c contiki-native.a(compower.o)
                                         0xb4 (size before relaxing)
 .eh_frame      0x00000000080653f4      0x114 contiki-native.a(ctimer.o)
                                        0x12c (size before relaxing)
 .eh_frame      0x0000000008065508       0x50 contiki-native.a(energest.o)
                                         0x68 (size before relaxing)
 .eh_frame      0x0000000008065558      0x190 contiki-native.a(etimer.o)
                                        0x1a8 (size before relaxing)
 .eh_frame      0x00000000080656e8      0x19c contiki-native.a(process.o)
                                        0x1b4 (size before relaxing)
 .eh_frame      0x0000000008065884       0x50 contiki-native.a(rtimer.o)
                                         0x68 (size before relaxing)
 .eh_frame      0x00000000080658d4       0x8c contiki-native.a(timer.o)
                                         0xa4 (size before relaxing)
 .eh_frame      0x0000000008065960       0x54 contiki-native.a(serial-line.o)
                                         0x6c (size before relaxing)
 .eh_frame      0x00000000080659b4       0x40 contiki-native.a(crc16.o)
                                         0x58 (size before relaxing)
 .eh_frame      0x00000000080659f4      0x12c contiki-native.a(list.o)
                                        0x144 (size before relaxing)
 .eh_frame      0x0000000008065b20       0x30 contiki-native.a(random.o)
                                         0x48 (size before relaxing)
 .eh_frame      0x0000000008065b50       0x90 contiki-native.a(ringbuf.o)
                                         0xa8 (size before relaxing)
 .eh_frame      0x0000000008065be0      0x248 contiki-native.a(uip.o)
                                        0x260 (size before relaxing)
 .eh_frame      0x0000000008065e28      0x268 contiki-native.a(resolv.o)
                                        0x280 (size before relaxing)
 .eh_frame      0x0000000008066090      0x1d8 contiki-native.a(tcpip.o)
                                        0x1f0 (size before relaxing)
 .eh_frame      0x0000000008066268       0x3c contiki-native.a(uiplib.o)
                                         0x54 (size before relaxing)
 .eh_frame      0x00000000080662a4       0x50 contiki-native.a(uip-nameserver.)
                                         0x68 (size before relaxing)
 .eh_frame      0x00000000080662f4       0x4c contiki-native.a(uip-udp-packet.)
                                         0x64 (size before relaxing)
 .eh_frame      0x0000000008066340       0x94 contiki-native.a(broadcast.o)
                                         0xac (size before relaxing)
 .eh_frame      0x00000000080663d4       0xa0 contiki-native.a(channel.o)
                                         0xb8 (size before relaxing)
 .eh_frame      0x0000000008066474      0x41c contiki-native.a(collect.o)
                                        0x434 (size before relaxing)
 .eh_frame      0x0000000008066890       0x84 contiki-native.a(collect-link-es)
                                         0x9c (size before relaxing)
 .eh_frame      0x0000000008066914      0x2a0 contiki-native.a(collect-neighbo)
                                        0x2b8 (size before relaxing)
 .eh_frame      0x0000000008066bb4      0x140 contiki-native.a(mesh.o)
                                        0x158 (size before relaxing)
 .eh_frame      0x0000000008066cf4       0xb4 contiki-native.a(multihop.o)
                                         0xcc (size before relaxing)
 .eh_frame      0x0000000008066da8       0xfc contiki-native.a(packetqueue.o)
                                        0x114 (size before relaxing)
 .eh_frame      0x0000000008066ea4       0xc0 contiki-native.a(rime.o)
                                         0xd8 (size before relaxing)
 .eh_frame      0x0000000008066f64      0x178 contiki-native.a(route.o)
                                        0x190 (size before relaxing)
 .eh_frame      0x00000000080670dc      0x114 contiki-native.a(route-discovery)
                                        0x12c (size before relaxing)
 .eh_frame      0x00000000080671f0      0x120 contiki-native.a(rucb.o)
                                        0x138 (size before relaxing)
 .eh_frame      0x0000000008067310       0xec contiki-native.a(runicast.o)
                                        0x104 (size before relaxing)
 .eh_frame      0x00000000080673fc      0x120 contiki-native.a(stunicast.o)
                                        0x138 (size before relaxing)
 .eh_frame      0x000000000806751c       0xf8 contiki-native.a(trickle.o)
                                        0x110 (size before relaxing)
 .eh_frame      0x0000000008067614       0x94 contiki-native.a(unicast.o)
                                         0xac (size before relaxing)
 .eh_frame      0x00000000080676a8       0x44 contiki-native.a(linkaddr.o)
                                         0x5c (size before relaxing)
 .eh_frame      0x00000000080676ec       0x18 contiki-native.a(netstack.o)
                                         0x30 (size before relaxing)
 .eh_frame      0x0000000008067704      0x254 contiki-native.a(packetbuf.o)
                                        0x26c (size before relaxing)
 .eh_frame      0x0000000008067958      0x148 contiki-native.a(queuebuf.o)
                                        0x160 (size before relaxing)
 .eh_frame      0x0000000008067aa0       0x88 contiki-native.a(nullmac.o)
                                         0xa0 (size before relaxing)
 .eh_frame      0x0000000008067b28       0xf4 contiki-native.a(nullrdc.o)
                                        0x10c (size before relaxing)
 .eh_frame      0x0000000008067c1c       0x70 contiki-native.a(nullsec.o)
                                         0x88 (size before relaxing)
 .eh_frame      0x0000000008067c8c       0xdc contiki-native.a(psock.o)
                                         0xf4 (size before relaxing)
 .eh_frame      0x0000000008067d68       0xcc contiki-native.a(memb.o)
                                         0xe4 (size before relaxing)
 .eh_frame      0x0000000008067e34       0x54 contiki-native.a(rtimer-arch.o)
                                         0x6c (size before relaxing)
 .eh_frame      0x0000000008067e88      0x118 contiki-native.a(nullradio.o)
                                        0x130 (size before relaxing)
 .eh_frame      0x0000000008067fa0       0x8c contiki-native.a(abc.o)
                                         0xa4 (size before relaxing)
 .eh_frame      0x000000000806802c      0x134 contiki-native.a(announcement.o)
                                        0x14c (size before relaxing)
 .eh_frame      0x0000000008068160      0x108 contiki-native.a(broadcast-annou)
                                        0x120 (size before relaxing)
 .eh_frame      0x0000000008068268       0x7c contiki-native.a(chameleon.o)
                                         0x94 (size before relaxing)
 .eh_frame      0x00000000080682e4       0xfc contiki-native.a(netflood.o)
                                        0x114 (size before relaxing)
 .eh_frame      0x00000000080683e0       0x5c contiki-native.a(framer-nullmac.)
                                         0x74 (size before relaxing)
 .eh_frame      0x000000000806843c       0x18 contiki-native.a(mac.o)
                                         0x30 (size before relaxing)
 .eh_frame      0x0000000008068454      0x13c contiki-native.a(chameleon-bitop)
                                        0x154 (size before relaxing)
 .eh_frame      0x0000000008068590      0x108 contiki-native.a(ipolite.o)
                                        0x120 (size before relaxing)
 .eh_frame      0x0000000008068698       0x20 contiki-native.a(framer.o)
                                         0x38 (size before relaxing)
 .eh_frame      0x00000000080686b8       0x50 /usr/lib/i386-linux-gnu/libc_nonshared.a(elf-init.oS)
                                         0x7c (size before relaxing)
 .eh_frame      0x0000000008068708        0x4 /usr/lib/gcc/i686-linux-gnu/4.8/crtend.o

.gcc_except_table
 *(.gcc_except_table .gcc_except_table.*)

.exception_ranges
 *(.exception_ranges .exception_ranges*)
                0x000000000806870c                . = (ALIGN (0x1000) - ((0x1000 - .) & 0xfff))
                0x0000000008069f08                . = DATA_SEGMENT_ALIGN (0x1000, 0x1000)

.eh_frame
 *(.eh_frame)

.gcc_except_table
 *(.gcc_except_table .gcc_except_table.*)

.exception_ranges
 *(.exception_ranges .exception_ranges*)

.tdata
 *(.tdata .tdata.* .gnu.linkonce.td.*)

.tbss
 *(.tbss .tbss.* .gnu.linkonce.tb.*)
 *(.tcommon)

.preinit_array  0x0000000008069f08        0x0
                0x0000000008069f08                PROVIDE (__preinit_array_start, .)
 *(.preinit_array)
                0x0000000008069f08                PROVIDE (__preinit_array_end, .)

.init_array     0x0000000008069f08        0x4
                0x0000000008069f08                PROVIDE (__init_array_start, .)
 *(SORT(.init_array.*) SORT(.ctors.*))
 *(.init_array EXCLUDE_FILE(*crtend?.o *crtend.o *crtbegin?.o *crtbegin.o) .ctors)
 .init_array    0x0000000008069f08        0x4 /usr/lib/gcc/i686-linux-gnu/4.8/crtbegin.o
                0x0000000008069f0c                PROVIDE (__init_array_end, .)

.fini_array     0x0000000008069f0c        0x4
                0x0000000008069f0c                PROVIDE (__fini_array_start, .)
 *(SORT(.fini_array.*) SORT(.dtors.*))
 *(.fini_array EXCLUDE_FILE(*crtend?.o *crtend.o *crtbegin?.o *crtbegin.o) .dtors)
 .fini_array    0x0000000008069f0c        0x4 /usr/lib/gcc/i686-linux-gnu/4.8/crtbegin.o
                0x0000000008069f10                PROVIDE (__fini_array_end, .)

.ctors
 *crtbegin.o(.ctors)
 *crtbegin?.o(.ctors)
 *(EXCLUDE_FILE(*crtend?.o *crtend.o) .ctors)
 *(SORT(.ctors.*))
 *(.ctors)

.dtors
 *crtbegin.o(.dtors)
 *crtbegin?.o(.dtors)
 *(EXCLUDE_FILE(*crtend?.o *crtend.o) .dtors)
 *(SORT(.dtors.*))
 *(.dtors)

.jcr            0x0000000008069f10        0x4
 *(.jcr)
 .jcr           0x0000000008069f10        0x0 /usr/lib/gcc/i686-linux-gnu/4.8/crtbegin.o
 .jcr           0x0000000008069f10        0x4 /usr/lib/gcc/i686-linux-gnu/4.8/crtend.o

.data.rel.ro
 *(.data.rel.ro.local* .gnu.linkonce.d.rel.ro.local.*)
 *(.data.rel.ro .data.rel.ro.* .gnu.linkonce.d.rel.ro.*)

.dynamic        0x0000000008069f14       0xe8
 *(.dynamic)
 .dynamic       0x0000000008069f14       0xe8 /usr/lib/gcc/i686-linux-gnu/4.8/../../../i386-linux-gnu/crt1.o
                0x0000000008069f14                _DYNAMIC

.got            0x0000000008069ffc        0x4
 *(.got)
 .got           0x0000000008069ffc        0x4 /usr/lib/gcc/i686-linux-gnu/4.8/../../../i386-linux-gnu/crt1.o
 *(.igot)
                0x000000000806aff4                . = DATA_SEGMENT_RELRO_END (., (SIZEOF (.got.plt) >= 0xc)?0xc:0x0)

.got.plt        0x000000000806a000       0xbc
 *(.got.plt)
 .got.plt       0x000000000806a000       0xbc /usr/lib/gcc/i686-linux-gnu/4.8/../../../i386-linux-gnu/crt1.o
                0x000000000806a000                _GLOBAL_OFFSET_TABLE_
 *(.igot.plt)
 .igot.plt      0x0000000000000000        0x0 /usr/lib/gcc/i686-linux-gnu/4.8/../../../i386-linux-gnu/crt1.o

.data           0x000000000806a0bc      0x800
 *(.data .data.* .gnu.linkonce.d.*)
 .data          0x000000000806a0bc        0x4 /usr/lib/gcc/i686-linux-gnu/4.8/../../../i386-linux-gnu/crt1.o
                0x000000000806a0bc                data_start
                0x000000000806a0bc                __data_start
 .data          0x000000000806a0c0        0x0 /usr/lib/gcc/i686-linux-gnu/4.8/../../../i386-linux-gnu/crti.o
 .data          0x000000000806a0c0        0x4 /usr/lib/gcc/i686-linux-gnu/4.8/crtbegin.o
                0x000000000806a0c0                __dso_handle
 .data          0x000000000806a0c4       0x10 example-shell.co
                0x000000000806a0c4                example_shell_process
 .data          0x000000000806a0d4       0x10 contiki-native.a(serial-shell.o)
                0x000000000806a0d4                serial_shell_process
 .data          0x000000000806a0e4      0x11c contiki-native.a(shell.o)
                0x000000000806a10c                shell_exit_process
                0x000000000806a130                shell_null_process
                0x000000000806a154                shell_kill_process
                0x000000000806a178                shell_killall_process
                0x000000000806a1b0                help_command_process
                0x000000000806a1c0                shell_server_process
                0x000000000806a1d0                shell_process
 .data          0x000000000806a200       0x48 contiki-native.a(shell-vars.o)
                0x000000000806a214                shell_var_process
                0x000000000806a238                shell_vars_process
 .data          0x000000000806a248       0x24 contiki-native.a(shell-ps.o)
                0x000000000806a25c                shell_ps_process
 .data          0x000000000806a26c       0x24 contiki-native.a(shell-blink.o)
                0x000000000806a280                shell_blink_process
 .data          0x000000000806a290       0x90 contiki-native.a(shell-text.o)
                0x000000000806a2a4                shell_size_process
                0x000000000806a2c8                shell_hd_process
                0x000000000806a2ec                shell_binprint_process
                0x000000000806a310                shell_echo_process
 .data          0x000000000806a320       0xa0 contiki-native.a(shell-time.o)
                0x000000000806a334                shell_randwait_process
                0x000000000806a358                shell_repeat_server_process
                0x000000000806a368                shell_repeat_process
                0x000000000806a38c                shell_timestamp_process
                0x000000000806a3b0                shell_time_process
 .data          0x000000000806a3c0       0xb8 contiki-native.a(shell-file.o)
                0x000000000806a3d8                shell_rm_process
                0x000000000806a3fc                shell_read_process
                0x000000000806a420                shell_write_process
                0x000000000806a444                shell_append_process
                0x000000000806a468                shell_ls_process
 .data          0x000000000806a478       0x24 contiki-native.a(shell-run.o)
                0x000000000806a48c                shell_run_process
 .data          0x000000000806a49c       0x6c contiki-native.a(shell-power.o)
                0x000000000806a4b0                shell_powerconv_process
                0x000000000806a4d4                shell_energy_process
                0x000000000806a4f8                shell_power_process
 .data          0x000000000806a508       0x24 contiki-native.a(shell-base64.o)
                0x000000000806a51c                shell_dec64_process
 .data          0x000000000806a52c       0xb4 contiki-native.a(shell-rime.o)
                0x000000000806a540                shell_packetize_process
                0x000000000806a564                shell_routes_process
                0x000000000806a588                shell_collect_process
                0x000000000806a5ac                shell_send_process
                0x000000000806a5d0                shell_mac_process
 .data          0x000000000806a5e0       0x24 contiki-native.a(shell-sendtest.)
                0x000000000806a5f4                shell_sendtest_process
 .data          0x000000000806a604       0x24 contiki-native.a(shell-rime-ping)
                0x000000000806a618                shell_rime_ping_process
 .data          0x000000000806a628       0x30 contiki-native.a(shell-rime-snif)
                0x000000000806a648                shell_sniff_process
 .data          0x000000000806a658       0x34 contiki-native.a(shell-rime-netc)
                0x000000000806a66c                shell_netcmd_server_process
                0x000000000806a67c                shell_netcmd_process
 .data          0x000000000806a68c       0x48 contiki-native.a(shell-rime-debu)
                0x000000000806a6a0                shell_unicast_process
                0x000000000806a6c4                shell_broadcast_process
 .data          0x000000000806a6d4       0x34 contiki-native.a(shell-rime-send)
                0x000000000806a6e8                shell_sendcmd_server_process
                0x000000000806a6f8                shell_sendcmd_process
 .data          0x000000000806a708       0x34 contiki-native.a(shell-download.)
                0x000000000806a71c                shell_download_server_process
                0x000000000806a72c                shell_download_process
 .data          0x000000000806a73c       0x24 contiki-native.a(shell-wget.o)
                0x000000000806a750                shell_wget_process
 .data          0x000000000806a760       0x24 contiki-native.a(shell-httpd.o)
                0x000000000806a774                shell_httpd_process
 .data          0x000000000806a784       0x24 contiki-native.a(shell-irc.o)
                0x000000000806a798                shell_irc_process
 .data          0x000000000806a7a8       0x24 contiki-native.a(shell-tcpsend.o)
                0x000000000806a7bc                shell_tcpsend_process
 .data          0x000000000806a7cc       0x24 contiki-native.a(shell-udpsend.o)
                0x000000000806a7e0                shell_udpsend_process
 .data          0x000000000806a7f0        0x0 contiki-native.a(http-strings.o)
 .data          0x000000000806a7f0        0xc contiki-native.a(httpd-cfs.o)
 .data          0x000000000806a7fc        0x0 contiki-native.a(urlconv.o)
 .data          0x000000000806a7fc        0x0 contiki-native.a(webclient.o)
 .data          0x000000000806a7fc        0x0 contiki-native.a(http-user-agent)
 .data          0x000000000806a7fc        0x0 contiki-native.a(ircc.o)
 .data          0x000000000806a7fc        0x0 contiki-native.a(ircc-strings.o)
 .data          0x000000000806a7fc        0x0 contiki-native.a(telnet.o)
 .data          0x000000000806a7fc       0x10 contiki-native.a(contiki-main.o)
                0x000000000806a7fc                sensors
 .data          0x000000000806a80c        0x0 contiki-native.a(clock.o)
 .data          0x000000000806a80c        0x0 contiki-native.a(leds.o)
 .data          0x000000000806a80c        0x0 contiki-native.a(leds-arch.o)
 .data          0x000000000806a80c        0x0 contiki-native.a(button-sensor.o)
 .data          0x000000000806a80c        0x0 contiki-native.a(pir-sensor.o)
 .data          0x000000000806a80c        0x0 contiki-native.a(vib-sensor.o)
 .data          0x000000000806a80c       0x10 contiki-native.a(sensors.o)
                0x000000000806a80c                sensors_process
 .data          0x000000000806a81c        0x0 contiki-native.a(cfs-posix.o)
 .data          0x000000000806a81c        0x0 contiki-native.a(cfs-posix-dir.o)
 .data          0x000000000806a81c        0x0 contiki-native.a(autostart.o)
 .data          0x000000000806a81c        0x0 contiki-native.a(compower.o)
 .data          0x000000000806a81c       0x10 contiki-native.a(ctimer.o)
                0x000000000806a81c                ctimer_process
 .data          0x000000000806a82c        0x0 contiki-native.a(energest.o)
 .data          0x000000000806a82c       0x10 contiki-native.a(etimer.o)
                0x000000000806a82c                etimer_process
 .data          0x000000000806a83c        0x0 contiki-native.a(process.o)
 .data          0x000000000806a83c        0x0 contiki-native.a(rtimer.o)
 .data          0x000000000806a83c        0x0 contiki-native.a(timer.o)
 .data          0x000000000806a83c       0x10 contiki-native.a(serial-line.o)
                0x000000000806a83c                serial_line_process
 .data          0x000000000806a84c        0x0 contiki-native.a(crc16.o)
 .data          0x000000000806a84c        0x0 contiki-native.a(list.o)
 .data          0x000000000806a84c        0x0 contiki-native.a(random.o)
 .data          0x000000000806a84c        0x0 contiki-native.a(ringbuf.o)
 .data          0x000000000806a84c        0x0 contiki-native.a(uip.o)
 .data          0x000000000806a84c       0x20 contiki-native.a(resolv.o)
                0x000000000806a84c                mdns_probe_process
                0x000000000806a85c                resolv_process
 .data          0x000000000806a86c       0x10 contiki-native.a(tcpip.o)
                0x000000000806a86c                tcpip_process
 .data          0x000000000806a87c        0x0 contiki-native.a(uiplib.o)
 .data          0x000000000806a87c        0x0 contiki-native.a(uip-nameserver.)
 .data          0x000000000806a87c        0x0 contiki-native.a(uip-udp-packet.)
 .data          0x000000000806a87c        0x0 contiki-native.a(broadcast.o)
 .data          0x000000000806a87c        0x0 contiki-native.a(channel.o)
 .data          0x000000000806a87c        0xc contiki-native.a(collect.o)
 .data          0x000000000806a888        0x0 contiki-native.a(collect-link-es)
 .data          0x000000000806a888        0xc contiki-native.a(collect-neighbo)
 .data          0x000000000806a894        0x0 contiki-native.a(mesh.o)
 .data          0x000000000806a894        0x0 contiki-native.a(multihop.o)
 .data          0x000000000806a894        0x0 contiki-native.a(packetqueue.o)
 .data          0x000000000806a894        0x0 contiki-native.a(rime.o)
 .data          0x000000000806a894       0x10 contiki-native.a(route.o)
 .data          0x000000000806a8a4        0x0 contiki-native.a(route-discovery)
 .data          0x000000000806a8a4        0x0 contiki-native.a(rucb.o)
 .data          0x000000000806a8a4        0x0 contiki-native.a(runicast.o)
 .data          0x000000000806a8a4        0x0 contiki-native.a(stunicast.o)
 .data          0x000000000806a8a4        0x0 contiki-native.a(trickle.o)
 .data          0x000000000806a8a4        0x0 contiki-native.a(unicast.o)
 .data          0x000000000806a8a4        0x0 contiki-native.a(linkaddr.o)
 .data          0x000000000806a8a4        0x0 contiki-native.a(netstack.o)
 .data          0x000000000806a8a4        0x0 contiki-native.a(packetbuf.o)
 .data          0x000000000806a8a4       0x18 contiki-native.a(queuebuf.o)
 .data          0x000000000806a8bc        0x0 contiki-native.a(nullmac.o)
 .data          0x000000000806a8bc        0x0 contiki-native.a(nullrdc.o)
 .data          0x000000000806a8bc        0x0 contiki-native.a(nullsec.o)
 .data          0x000000000806a8bc        0x0 contiki-native.a(symbols.o)
 .data          0x000000000806a8bc        0x0 contiki-native.a(psock.o)
 .data          0x000000000806a8bc        0x0 contiki-native.a(memb.o)
 .data          0x000000000806a8bc        0x0 contiki-native.a(rtimer-arch.o)
 .data          0x000000000806a8bc        0x0 contiki-native.a(nullradio.o)
 .data          0x000000000806a8bc        0x0 contiki-native.a(abc.o)
 .data          0x000000000806a8bc        0x0 contiki-native.a(announcement.o)
 .data          0x000000000806a8bc        0x0 contiki-native.a(broadcast-annou)
 .data          0x000000000806a8bc        0x0 contiki-native.a(chameleon.o)
 .data          0x000000000806a8bc        0x0 contiki-native.a(netflood.o)
 .data          0x000000000806a8bc        0x0 contiki-native.a(framer-nullmac.)
 .data          0x000000000806a8bc        0x0 contiki-native.a(mac.o)
 .data          0x000000000806a8bc        0x0 contiki-native.a(chameleon-bitop)
 .data          0x000000000806a8bc        0x0 contiki-native.a(ipolite.o)
 .data          0x000000000806a8bc        0x0 contiki-native.a(framer.o)
 .data          0x000000000806a8bc        0x0 /usr/lib/i386-linux-gnu/libc_nonshared.a(elf-init.oS)
 .data          0x000000000806a8bc        0x0 /usr/lib/gcc/i686-linux-gnu/4.8/crtend.o
 .data          0x000000000806a8bc        0x0 /usr/lib/gcc/i686-linux-gnu/4.8/../../../i386-linux-gnu/crtn.o

.tm_clone_table
                0x000000000806a8bc        0x0
 .tm_clone_table
                0x000000000806a8bc        0x0 /usr/lib/gcc/i686-linux-gnu/4.8/crtbegin.o
 .tm_clone_table
                0x000000000806a8bc        0x0 /usr/lib/gcc/i686-linux-gnu/4.8/crtend.o

.data1
 *(.data1)
                0x000000000806a8bc                _edata = .
                0x000000000806a8bc                PROVIDE (edata, .)
                0x000000000806a8bc                . = .
                0x000000000806a8bc                __bss_start = .

.bss            0x000000000806a8c0     0x91dc
 *(.dynbss)
 .dynbss        0x000000000806a8c0       0x24 /usr/lib/gcc/i686-linux-gnu/4.8/../../../i386-linux-gnu/crt1.o
                0x000000000806a8c0                stderr@@GLIBC_2.0
                0x000000000806a8e0                stdout@@GLIBC_2.0